Archive member included because of file (symbol)

C:\Users\houqh13\AppData\Local\Temp\VMBuilds\SoftwareSystem\arduino_due_x_dbg\Debug\Arm7Bot\Arm7Bot.a(Arm7Bot.cpp.o)
                              C:\Users\houqh13\AppData\Local\Temp\VMBuilds\SoftwareSystem\arduino_due_x_dbg\Debug\SoftwareSystem.cpp.o (Arm7Bot::setOffsets(double*))
C:\Users\houqh13\AppData\Local\Temp\VMBuilds\SoftwareSystem\arduino_due_x_dbg\Debug\Arm7Bot\Arm7Bot.a(ForceFilter.cpp.o)
                              C:\Users\houqh13\AppData\Local\Temp\VMBuilds\SoftwareSystem\arduino_due_x_dbg\Debug\Arm7Bot\Arm7Bot.a(Arm7Bot.cpp.o) (ForceFilter::ForceFilter())
C:\Users\houqh13\AppData\Local\Temp\VMBuilds\SoftwareSystem\arduino_due_x_dbg\Debug\Arm7Bot\Arm7Bot.a(MedianFilter.cpp.o)
                              C:\Users\houqh13\AppData\Local\Temp\VMBuilds\SoftwareSystem\arduino_due_x_dbg\Debug\Arm7Bot\Arm7Bot.a(Arm7Bot.cpp.o) (MedianFilter::MedianFilter())
C:\Users\houqh13\AppData\Local\Temp\VMBuilds\SoftwareSystem\arduino_due_x_dbg\Debug\Arm7Bot\Arm7Bot.a(PressFilter.cpp.o)
                              C:\Users\houqh13\AppData\Local\Temp\VMBuilds\SoftwareSystem\arduino_due_x_dbg\Debug\Arm7Bot\Arm7Bot.a(Arm7Bot.cpp.o) (PressFilter::PressFilter())
C:\Users\houqh13\AppData\Local\Temp\VMBuilds\SoftwareSystem\arduino_due_x_dbg\Debug\Arm7Bot\Arm7Bot.a(Pvector.cpp.o)
                              C:\Users\houqh13\AppData\Local\Temp\VMBuilds\SoftwareSystem\arduino_due_x_dbg\Debug\Arm7Bot\Arm7Bot.a(Arm7Bot.cpp.o) (PVector::PVector())
C:\Users\houqh13\AppData\Local\Temp\VMBuilds\SoftwareSystem\arduino_due_x_dbg\Debug\DueFlashStorage-master\DueFlashStorage-master.a(DueFlashStorage.cpp.o)
                              C:\Users\houqh13\AppData\Local\Temp\VMBuilds\SoftwareSystem\arduino_due_x_dbg\Debug\Arm7Bot\Arm7Bot.a(Arm7Bot.cpp.o) (DueFlashStorage::DueFlashStorage())
C:\Users\houqh13\AppData\Local\Temp\VMBuilds\SoftwareSystem\arduino_due_x_dbg\Debug\DueFlashStorage-master\DueFlashStorage-master.a(flash_efc.cpp.o)
                              C:\Users\houqh13\AppData\Local\Temp\VMBuilds\SoftwareSystem\arduino_due_x_dbg\Debug\DueFlashStorage-master\DueFlashStorage-master.a(DueFlashStorage.cpp.o) (flash_init)
C:\Users\houqh13\AppData\Local\Temp\VMBuilds\SoftwareSystem\arduino_due_x_dbg\Debug\DueFlashStorage-master\DueFlashStorage-master.a(efc.cpp.o)
                              C:\Users\houqh13\AppData\Local\Temp\VMBuilds\SoftwareSystem\arduino_due_x_dbg\Debug\DueFlashStorage-master\DueFlashStorage-master.a(flash_efc.cpp.o) (efc_init)
C:\Users\houqh13\AppData\Local\arduino15\packages\arduino\hardware\sam\1.6.11\variants\arduino_due_x/libsam_sam3x8e_gcc_rel.a(pio.o)
                              C:\Users\houqh13\AppData\Local\Temp\VMBuilds\SoftwareSystem\arduino_due_x_dbg\Debug\variant\variant.cpp.o (PIO_Configure)
C:\Users\houqh13\AppData\Local\arduino15\packages\arduino\hardware\sam\1.6.11\variants\arduino_due_x/libsam_sam3x8e_gcc_rel.a(pmc.o)
                              C:\Users\houqh13\AppData\Local\Temp\VMBuilds\SoftwareSystem\arduino_due_x_dbg\Debug\Servo\sam\Servo.cpp.o (pmc_enable_periph_clk)
C:\Users\houqh13\AppData\Local\arduino15\packages\arduino\hardware\sam\1.6.11\variants\arduino_due_x/libsam_sam3x8e_gcc_rel.a(tc.o)
                              C:\Users\houqh13\AppData\Local\Temp\VMBuilds\SoftwareSystem\arduino_due_x_dbg\Debug\Servo\sam\Servo.cpp.o (TC_Configure)
C:\Users\houqh13\AppData\Local\arduino15\packages\arduino\hardware\sam\1.6.11\variants\arduino_due_x/libsam_sam3x8e_gcc_rel.a(system_sam3xa.o)
                              C:\Users\houqh13\AppData\Local\Temp\VMBuilds\SoftwareSystem\arduino_due_x_dbg\Debug\variant\variant.cpp.o (SystemInit)
C:\Users\houqh13\AppData\Local\arduino15\packages\arduino\hardware\sam\1.6.11\variants\arduino_due_x/libsam_sam3x8e_gcc_rel.a(startup_sam3xa.o)
                              (Reset_Handler)
C:\Users\houqh13\AppData\Local\arduino15\packages\arduino\hardware\sam\1.6.11\variants\arduino_due_x/libsam_sam3x8e_gcc_rel.a(adc.o)
                              C:\Users\houqh13\AppData\Local\Temp\VMBuilds\SoftwareSystem\arduino_due_x_dbg\Debug\variant\variant.cpp.o (adc_init)
C:\Users\houqh13\AppData\Local\arduino15\packages\arduino\hardware\sam\1.6.11\variants\arduino_due_x/libsam_sam3x8e_gcc_rel.a(uotghs.o)
                              C:\Users\houqh13\AppData\Local\arduino15\packages\arduino\hardware\sam\1.6.11\variants\arduino_due_x/libsam_sam3x8e_gcc_rel.a(startup_sam3xa.o) (UOTGHS_Handler)
C:\Users\houqh13\AppData\Local\Temp\VMBuilds\SoftwareSystem\arduino_due_x_dbg\Debug/core.a(cortex_handlers.c.o)
                              C:\Users\houqh13\AppData\Local\arduino15\packages\arduino\hardware\sam\1.6.11\variants\arduino_due_x/libsam_sam3x8e_gcc_rel.a(startup_sam3xa.o) (NMI_Handler)
C:\Users\houqh13\AppData\Local\Temp\VMBuilds\SoftwareSystem\arduino_due_x_dbg\Debug/core.a(hooks.c.o)
[...]
Memory Configuration

Name             Origin             Length             Attributes
rom              0x00080000         0x00080000         xr
sram0            0x20000000         0x00010000         xrw
sram1            0x20080000         0x00008000         xrw
ram              0x20070000         0x00018000         xrw
*default*        0x00000000         0xffffffff

Linker script and memory map

LOAD c:/users/houqh13/appdata/local/arduino15/packages/arduino/tools/arm-none-eabi-gcc/4.8.3-2014q1/bin/../lib/gcc/arm-none-eabi/4.8.3/armv7-m/crti.o
LOAD c:/users/houqh13/appdata/local/arduino15/packages/arduino/tools/arm-none-eabi-gcc/4.8.3-2014q1/bin/../lib/gcc/arm-none-eabi/4.8.3/armv7-m/crtbegin.o
LOAD c:/users/houqh13/appdata/local/arduino15/packages/arduino/tools/arm-none-eabi-gcc/4.8.3-2014q1/bin/../lib/gcc/arm-none-eabi/4.8.3/../../../../arm-none-eabi/lib/armv7-m/crt0.o
START GROUP
LOAD C:\Users\houqh13\AppData\Local\Temp\VMBuilds\SoftwareSystem\arduino_due_x_dbg\Debug\SoftwareSystem.cpp.o
LOAD C:\Users\houqh13\AppData\Local\Temp\VMBuilds\SoftwareSystem\arduino_due_x_dbg\Debug\Servo\avr\Servo.cpp.o
LOAD C:\Users\houqh13\AppData\Local\Temp\VMBuilds\SoftwareSystem\arduino_due_x_dbg\Debug\Servo\sam\Servo.cpp.o
LOAD C:\Users\houqh13\AppData\Local\Temp\VMBuilds\SoftwareSystem\arduino_due_x_dbg\Debug\Servo\samd\Servo.cpp.o
LOAD C:\Users\houqh13\AppData\Local\Temp\VMBuilds\SoftwareSystem\arduino_due_x_dbg\Debug\Arm7Bot\Arm7Bot.a
LOAD C:\Users\houqh13\AppData\Local\Temp\VMBuilds\SoftwareSystem\arduino_due_x_dbg\Debug\DueFlashStorage-master\DueFlashStorage-master.a
LOAD C:\Users\houqh13\AppData\Local\Temp\VMBuilds\SoftwareSystem\arduino_due_x_dbg\Debug\VM_DBG\VM_DBG.cpp.o
LOAD C:\Users\houqh13\AppData\Local\Temp\VMBuilds\SoftwareSystem\arduino_due_x_dbg\Debug\VM_DBG\VM_mem_check_sam.cpp.o
LOAD C:\Users\houqh13\AppData\Local\Temp\VMBuilds\SoftwareSystem\arduino_due_x_dbg\Debug\variant\variant.cpp.o
LOAD C:\Users\houqh13\AppData\Local\arduino15\packages\arduino\hardware\sam\1.6.11\variants\arduino_due_x/libsam_sam3x8e_gcc_rel.a
LOAD C:\Users\houqh13\AppData\Local\Temp\VMBuilds\SoftwareSystem\arduino_due_x_dbg\Debug/core.a
END GROUP
LOAD c:/users/houqh13/appdata/local/arduino15/packages/arduino/tools/arm-none-eabi-gcc/4.8.3-2014q1/bin/../lib/gcc/arm-none-eabi/4.8.3/../../../../arm-none-eabi/lib/armv7-m\libm.a
START GROUP
LOAD c:/users/houqh13/appdata/local/arduino15/packages/arduino/tools/arm-none-eabi-gcc/4.8.3-2014q1/bin/../lib/gcc/arm-none-eabi/4.8.3/armv7-m\libgcc.a
LOAD c:/users/houqh13/appdata/local/arduino15/packages/arduino/tools/arm-none-eabi-gcc/4.8.3-2014q1/bin/../lib/gcc/arm-none-eabi/4.8.3/../../../../arm-none-eabi/lib/armv7-m\libg.a
LOAD c:/users/houqh13/appdata/local/arduino15/packages/arduino/tools/arm-none-eabi-gcc/4.8.3-2014q1/bin/../lib/gcc/arm-none-eabi/4.8.3/../../../../arm-none-eabi/lib/armv7-m\libc.a
END GROUP
LOAD c:/users/houqh13/appdata/local/arduino15/packages/arduino/tools/arm-none-eabi-gcc/4.8.3-2014q1/bin/../lib/gcc/arm-none-eabi/4.8.3/armv7-m/crtend.o
LOAD c:/users/houqh13/appdata/local/arduino15/packages/arduino/tools/arm-none-eabi-gcc/4.8.3-2014q1/bin/../lib/gcc/arm-none-eabi/4.8.3/armv7-m/crtn.o

.text           0x00080000     0xc484
                0x00080000                . = ALIGN (0x4)
                0x00080000                _sfixed = .
 *(.vectors .vectors.*)
 .vectors       0x00080000       0xf4 C:\Users\houqh13\AppData\Local\arduino15\packages\arduino\hardware\sam\1.6.11\variants\arduino_due_x/libsam_sam3x8e_gcc_rel.a(startup_sam3xa.o)
                0x00080000                exception_table
 *(.text .text.* .gnu.linkonce.t.*)
 .text          0x000800f4       0x54 c:/users/houqh13/appdata/local/arduino15/packages/arduino/tools/arm-none-eabi-gcc/4.8.3-2014q1/bin/../lib/gcc/arm-none-eabi/4.8.3/armv7-m/crtbegin.o
 .text.loop     0x00080148        0xc C:\Users\houqh13\AppData\Local\Temp\VMBuilds\SoftwareSystem\arduino_due_x_dbg\Debug\SoftwareSystem.cpp.o
                0x00080148                loop
 .text.startup._GLOBAL__sub_I_Arm
                0x00080154        0xc C:\Users\houqh13\AppData\Local\Temp\VMBuilds\SoftwareSystem\arduino_due_x_dbg\Debug\SoftwareSystem.cpp.o
 .text.setup    0x00080160       0x8c C:\Users\houqh13\AppData\Local\Temp\VMBuilds\SoftwareSystem\arduino_due_x_dbg\Debug\SoftwareSystem.cpp.o
                0x00080160                setup
 .text._ZL8_initISRP2Tcmm4IRQn
                0x000801ec       0x50 C:\Users\houqh13\AppData\Local\Temp\VMBuilds\SoftwareSystem\arduino_due_x_dbg\Debug\Servo\sam\Servo.cpp.o
 .text._Z13Servo_Handler18timer16_Sequence_tP2Tch
                0x0008023c      0x10c C:\Users\houqh13\AppData\Local\Temp\VMBuilds\SoftwareSystem\arduino_due_x_dbg\Debug\Servo\sam\Servo.cpp.o
                0x0008023c                Servo_Handler(timer16_Sequence_t, Tc*, unsigned char)
 .text.TC3_Handler
                0x00080348       0x10 C:\Users\houqh13\AppData\Local\Temp\VMBuilds\SoftwareSystem\arduino_due_x_dbg\Debug\Servo\sam\Servo.cpp.o
                0x00080348                TC3_Handler
 .text.TC4_Handler
                0x00080358       0x10 C:\Users\houqh13\AppData\Local\Temp\VMBuilds\SoftwareSystem\arduino_due_x_dbg\Debug\Servo\sam\Servo.cpp.o
                0x00080358                TC4_Handler
 .text.TC5_Handler
                0x00080368       0x10 C:\Users\houqh13\AppData\Local\Temp\VMBuilds\SoftwareSystem\arduino_due_x_dbg\Debug\Servo\sam\Servo.cpp.o
                0x00080368                TC5_Handler
 .text.TC2_Handler
                0x00080378       0x10 C:\Users\houqh13\AppData\Local\Temp\VMBuilds\SoftwareSystem\arduino_due_x_dbg\Debug\Servo\sam\Servo.cpp.o
                0x00080378                TC2_Handler
 .text.TC0_Handler
                0x00080388       0x10 C:\Users\houqh13\AppData\Local\Temp\VMBuilds\SoftwareSystem\arduino_due_x_dbg\Debug\Servo\sam\Servo.cpp.o
                0x00080388                TC0_Handler
 .text._ZN5ServoC2Ev
                0x00080398       0x40 C:\Users\houqh13\AppData\Local\Temp\VMBuilds\SoftwareSystem\arduino_due_x_dbg\Debug\Servo\sam\Servo.cpp.o
                0x00080398                Servo::Servo()
                0x00080398                Servo::Servo()
 .text._ZN5Servo6attachEiii
                0x000803d8       0xb8 C:\Users\houqh13\AppData\Local\Temp\VMBuilds\SoftwareSystem\arduino_due_x_dbg\Debug\Servo\sam\Servo.cpp.o
                0x000803d8                Servo::attach(int, int, int)
 .text._ZN5Servo17writeMicrosecondsEi
                0x00080490       0x4c C:\Users\houqh13\AppData\Local\Temp\VMBuilds\SoftwareSystem\arduino_due_x_dbg\Debug\Servo\sam\Servo.cpp.o
                0x00080490                Servo::writeMicroseconds(int)
 .text._ZN5Servo8attachedEv
                0x000804dc       0x14 C:\Users\houqh13\AppData\Local\Temp\VMBuilds\SoftwareSystem\arduino_due_x_dbg\Debug\Servo\sam\Servo.cpp.o
                0x000804dc                Servo::attached()
 .text._ZN7Arm7Bot13vacuumCupInitEv
                0x000804f0       0x30 C:\Users\houqh13\AppData\Local\Temp\VMBuilds\SoftwareSystem\arduino_due_x_dbg\Debug\Arm7Bot\Arm7Bot.a(Arm7Bot.cpp.o)
                0x000804f0                Arm7Bot::vacuumCupInit()
 .text._ZN7Arm7Bot12setStoreDataEv
                0x00080520       0x1e C:\Users\houqh13\AppData\Local\Temp\VMBuilds\SoftwareSystem\arduino_due_x_dbg\Debug\Arm7Bot\Arm7Bot.a(Arm7Bot.cpp.o)
                0x00080520                Arm7Bot::setStoreData()
 .text._ZN7Arm7Bot10getOffsetsEv
                0x0008053e       0x3c C:\Users\houqh13\AppData\Local\Temp\VMBuilds\SoftwareSystem\arduino_due_x_dbg\Debug\Arm7Bot\Arm7Bot.a(Arm7Bot.cpp.o)
                0x0008053e                Arm7Bot::getOffsets()
 .text._ZN7Arm7Bot12getStoreDataEv
                0x0008057a       0x22 C:\Users\houqh13\AppData\Local\Temp\VMBuilds\SoftwareSystem\arduino_due_x_dbg\Debug\Arm7Bot\Arm7Bot.a(Arm7Bot.cpp.o)
                0x0008057a                Arm7Bot::getStoreData()
 *fill*         0x0008059c        0x4 
 .text._ZN7Arm7Bot10setOffsetsEPd
                0x000805a0       0xa0 C:\Users\houqh13\AppData\Local\Temp\VMBuilds\SoftwareSystem\arduino_due_x_dbg\Debug\Arm7Bot\Arm7Bot.a(Arm7Bot.cpp.o)
                0x000805a0                Arm7Bot::setOffsets(double*)
 .text._ZN7Arm7Bot17geometryConstrainEv
                0x00080640       0x98 C:\Users\houqh13\AppData\Local\Temp\VMBuilds\SoftwareSystem\arduino_due_x_dbg\Debug\Arm7Bot\Arm7Bot.a(Arm7Bot.cpp.o)
                0x00080640                Arm7Bot::geometryConstrain()
 .text._ZN7Arm7Bot9servoCtrlEv
                0x000806d8      0x110 C:\Users\houqh13\AppData\Local\Temp\VMBuilds\SoftwareSystem\arduino_due_x_dbg\Debug\Arm7Bot\Arm7Bot.a(Arm7Bot.cpp.o)
                0x000806d8                Arm7Bot::servoCtrl()
 .text._ZN7Arm7Bot16filterAnalogDataEv
                0x000807e8       0x2c C:\Users\houqh13\AppData\Local\Temp\VMBuilds\SoftwareSystem\arduino_due_x_dbg\Debug\Arm7Bot\Arm7Bot.a(Arm7Bot.cpp.o)
                0x000807e8                Arm7Bot::filterAnalogData()
 *fill*         0x00080814        0x4 
 .text._ZN7Arm7Bot18calculateServoPosDEv
                0x00080818       0x78 C:\Users\houqh13\AppData\Local\Temp\VMBuilds\SoftwareSystem\arduino_due_x_dbg\Debug\Arm7Bot\Arm7Bot.a(Arm7Bot.cpp.o)
                0x00080818                Arm7Bot::calculateServoPosD()
 .text._ZN7Arm7Bot13calculatePosDEv
                0x00080890       0x8c C:\Users\houqh13\AppData\Local\Temp\VMBuilds\SoftwareSystem\arduino_due_x_dbg\Debug\Arm7Bot\Arm7Bot.a(Arm7Bot.cpp.o)
                0x00080890                Arm7Bot::calculatePosD()
 .text._ZN7Arm7Bot11allConvergeEv
                0x0008091c       0x2c C:\Users\houqh13\AppData\Local\Temp\VMBuilds\SoftwareSystem\arduino_due_x_dbg\Debug\Arm7Bot\Arm7Bot.a(Arm7Bot.cpp.o)
                0x0008091c                Arm7Bot::allConverge()
 .text._ZN7Arm7Bot7getPosDEv
                0x00080948       0x64 C:\Users\houqh13\AppData\Local\Temp\VMBuilds\SoftwareSystem\arduino_due_x_dbg\Debug\Arm7Bot\Arm7Bot.a(Arm7Bot.cpp.o)
                0x00080948                Arm7Bot::getPosD()
 .text._ZN7Arm7Bot10zAxiRotateE7PVectord
                0x000809ac       0xc6 C:\Users\houqh13\AppData\Local\Temp\VMBuilds\SoftwareSystem\arduino_due_x_dbg\Debug\Arm7Bot\Arm7Bot.a(Arm7Bot.cpp.o)
                0x000809ac                Arm7Bot::zAxiRotate(PVector, double)
 *fill*         0x00080a72        0x2 
 .text._ZN7Arm7Bot15arbitraryRotateE7PVectorS0_S0_d
                0x00080a74      0x4c0 C:\Users\houqh13\AppData\Local\Temp\VMBuilds\SoftwareSystem\arduino_due_x_dbg\Debug\Arm7Bot\Arm7Bot.a(Arm7Bot.cpp.o)
                0x00080a74                Arm7Bot::arbitraryRotate(PVector, PVector, PVector, double)
 *fill*         0x00080f34        0x4 
 .text._ZN7Arm7Bot10calcJointsEv
                0x00080f38      0x5b8 C:\Users\houqh13\AppData\Local\Temp\VMBuilds\SoftwareSystem\arduino_due_x_dbg\Debug\Arm7Bot\Arm7Bot.a(Arm7Bot.cpp.o)
                0x00080f38                Arm7Bot::calcJoints()
 .text._ZN7Arm7Bot16calcProjectionPtE7PVectorS0_S0_
                0x000814f0       0xf4 C:\Users\houqh13\AppData\Local\Temp\VMBuilds\SoftwareSystem\arduino_due_x_dbg\Debug\Arm7Bot\Arm7Bot.a(Arm7Bot.cpp.o)
                0x000814f0                Arm7Bot::calcProjectionPt(PVector, PVector, PVector)
 *fill*         0x000815e4        0x4 
 .text._ZN7Arm7Bot3IK3E7PVector
                0x000815e8      0x328 C:\Users\houqh13\AppData\Local\Temp\VMBuilds\SoftwareSystem\arduino_due_x_dbg\Debug\Arm7Bot\Arm7Bot.a(Arm7Bot.cpp.o)
                0x000815e8                Arm7Bot::IK3(PVector)
 .text._ZN7Arm7Bot3IK5E7PVectorS0_
                0x00081910      0x3f8 C:\Users\houqh13\AppData\Local\Temp\VMBuilds\SoftwareSystem\arduino_due_x_dbg\Debug\Arm7Bot\Arm7Bot.a(Arm7Bot.cpp.o)
                0x00081910                Arm7Bot::IK5(PVector, PVector)
 .text._ZN7Arm7Bot3IK6E7PVectorS0_S0_
                0x00081d08      0x2b8 C:\Users\houqh13\AppData\Local\Temp\VMBuilds\SoftwareSystem\arduino_due_x_dbg\Debug\Arm7Bot\Arm7Bot.a(Arm7Bot.cpp.o)
                0x00081d08                Arm7Bot::IK6(PVector, PVector, PVector)
 .text._ZN7Arm7Bot12btAndBuzInitEv
                0x00081fc0       0x62 C:\Users\houqh13\AppData\Local\Temp\VMBuilds\SoftwareSystem\arduino_due_x_dbg\Debug\Arm7Bot\Arm7Bot.a(Arm7Bot.cpp.o)
                0x00081fc0                Arm7Bot::btAndBuzInit()
 *fill*         0x00082022        0x2 
 .text._ZN7Arm7BotC2Ev
                0x00082024      0x1bc C:\Users\houqh13\AppData\Local\Temp\VMBuilds\SoftwareSystem\arduino_due_x_dbg\Debug\Arm7Bot\Arm7Bot.a(Arm7Bot.cpp.o)
                0x00082024                Arm7Bot::Arm7Bot()
                0x00082024                Arm7Bot::Arm7Bot()
 .text._ZN7Arm7Bot8sendToPCEi
                0x000821e0       0x28 C:\Users\houqh13\AppData\Local\Temp\VMBuilds\SoftwareSystem\arduino_due_x_dbg\Debug\Arm7Bot\Arm7Bot.a(Arm7Bot.cpp.o)
                0x000821e0                Arm7Bot::sendToPC(int)
 .text._ZN7Arm7Bot10receiveComEv
                0x00082208      0x898 C:\Users\houqh13\AppData\Local\Temp\VMBuilds\SoftwareSystem\arduino_due_x_dbg\Debug\Arm7Bot\Arm7Bot.a(Arm7Bot.cpp.o)
                0x00082208                Arm7Bot::receiveCom()
 .text._ZN7Arm7Bot11initialMoveEv
                0x00082aa0      0x134 C:\Users\houqh13\AppData\Local\Temp\VMBuilds\SoftwareSystem\arduino_due_x_dbg\Debug\Arm7Bot\Arm7Bot.a(Arm7Bot.cpp.o)
                0x00082aa0                Arm7Bot::initialMove()
 .text._ZN7Arm7Bot11moveOneStepEv
                0x00082bd4      0x328 C:\Users\houqh13\AppData\Local\Temp\VMBuilds\SoftwareSystem\arduino_due_x_dbg\Debug\Arm7Bot\Arm7Bot.a(Arm7Bot.cpp.o)
                0x00082bd4                Arm7Bot::moveOneStep()
 .text._ZN7Arm7Bot4moveEPd
                0x00082efc       0x78 C:\Users\houqh13\AppData\Local\Temp\VMBuilds\SoftwareSystem\arduino_due_x_dbg\Debug\Arm7Bot\Arm7Bot.a(Arm7Bot.cpp.o)
                0x00082efc                Arm7Bot::move(double*)
 *fill*         0x00082f74        0x4 
 .text._ZN7Arm7Bot7moveIK6E7PVectorS0_S0_
                0x00082f78       0xb8 C:\Users\houqh13\AppData\Local\Temp\VMBuilds\SoftwareSystem\arduino_due_x_dbg\Debug\Arm7Bot\Arm7Bot.a(Arm7Bot.cpp.o)
                0x00082f78                Arm7Bot::moveIK6(PVector, PVector, PVector)
 .text._ZN7Arm7Bot11additionComEv
                0x00083030      0x36c C:\Users\houqh13\AppData\Local\Temp\VMBuilds\SoftwareSystem\arduino_due_x_dbg\Debug\Arm7Bot\Arm7Bot.a(Arm7Bot.cpp.o)
                0x00083030                Arm7Bot::additionCom()
 .text._ZN11ForceFilterC2Ev
                0x0008339c        0xe C:\Users\houqh13\AppData\Local\Temp\VMBuilds\SoftwareSystem\arduino_due_x_dbg\Debug\Arm7Bot\Arm7Bot.a(ForceFilter.cpp.o)
                0x0008339c                ForceFilter::ForceFilter()
                0x0008339c                ForceFilter::ForceFilter()
 .text._ZN12MedianFilterC2Ev
                0x000833aa        0xe C:\Users\houqh13\AppData\Local\Temp\VMBuilds\SoftwareSystem\arduino_due_x_dbg\Debug\Arm7Bot\Arm7Bot.a(MedianFilter.cpp.o)
                0x000833aa                MedianFilter::MedianFilter()
                0x000833aa                MedianFilter::MedianFilter()
 .text._ZN12MedianFilter6filterEi
                0x000833b8       0x5a C:\Users\houqh13\AppData\Local\Temp\VMBuilds\SoftwareSystem\arduino_due_x_dbg\Debug\Arm7Bot\Arm7Bot.a(MedianFilter.cpp.o)
                0x000833b8                MedianFilter::filter(int)
 .text._ZN11PressFilterC2Ev
                0x00083412       0x10 C:\Users\houqh13\AppData\Local\Temp\VMBuilds\SoftwareSystem\arduino_due_x_dbg\Debug\Arm7Bot\Arm7Bot.a(PressFilter.cpp.o)
                0x00083412                PressFilter::PressFilter()
                0x00083412                PressFilter::PressFilter()
 .text._ZN7PVectorC2Ev
                0x00083422       0x12 C:\Users\houqh13\AppData\Local\Temp\VMBuilds\SoftwareSystem\arduino_due_x_dbg\Debug\Arm7Bot\Arm7Bot.a(Pvector.cpp.o)
                0x00083422                PVector::PVector()
                0x00083422                PVector::PVector()
 .text._ZN7PVectorC2Eddd
                0x00083434       0x16 C:\Users\houqh13\AppData\Local\Temp\VMBuilds\SoftwareSystem\arduino_due_x_dbg\Debug\Arm7Bot\Arm7Bot.a(Pvector.cpp.o)
                0x00083434                PVector::PVector(double, double, double)
                0x00083434                PVector::PVector(double, double, double)
 .text._ZN7PVector3addES_
                0x0008344a       0x42 C:\Users\houqh13\AppData\Local\Temp\VMBuilds\SoftwareSystem\arduino_due_x_dbg\Debug\Arm7Bot\Arm7Bot.a(Pvector.cpp.o)
                0x0008344a                PVector::add(PVector)
 .text._ZN7PVector9normalizeEv
                0x0008348c       0x8c C:\Users\houqh13\AppData\Local\Temp\VMBuilds\SoftwareSystem\arduino_due_x_dbg\Debug\Arm7Bot\Arm7Bot.a(Pvector.cpp.o)
                0x0008348c                PVector::normalize()
 .text._ZN7PVector3dotES_
                0x00083518       0x56 C:\Users\houqh13\AppData\Local\Temp\VMBuilds\SoftwareSystem\arduino_due_x_dbg\Debug\Arm7Bot\Arm7Bot.a(Pvector.cpp.o)
                0x00083518                PVector::dot(PVector)
 .text._ZN7PVector4distES_
                0x0008356e       0x8a C:\Users\houqh13\AppData\Local\Temp\VMBuilds\SoftwareSystem\arduino_due_x_dbg\Debug\Arm7Bot\Arm7Bot.a(Pvector.cpp.o)
                0x0008356e                PVector::dist(PVector)
 .text._ZN15DueFlashStorageC2Ev
                0x000835f8       0x24 C:\Users\houqh13\AppData\Local\Temp\VMBuilds\SoftwareSystem\arduino_due_x_dbg\Debug\DueFlashStorage-master\DueFlashStorage-master.a(DueFlashStorage.cpp.o)
                0x000835f8                DueFlashStorage::DueFlashStorage()
                0x000835f8                DueFlashStorage::DueFlashStorage()
 .text._ZN15DueFlashStorage4readEm
                0x0008361c        0x8 C:\Users\houqh13\AppData\Local\Temp\VMBuilds\SoftwareSystem\arduino_due_x_dbg\Debug\DueFlashStorage-master\DueFlashStorage-master.a(DueFlashStorage.cpp.o)
                0x0008361c                DueFlashStorage::read(unsigned long)
 .text._ZN15DueFlashStorage5writeEmh
                0x00083624       0x68 C:\Users\houqh13\AppData\Local\Temp\VMBuilds\SoftwareSystem\arduino_due_x_dbg\Debug\DueFlashStorage-master\DueFlashStorage-master.a(DueFlashStorage.cpp.o)
                0x00083624                DueFlashStorage::write(unsigned long, unsigned char)
 .text.translate_address
                0x0008368c       0x3c C:\Users\houqh13\AppData\Local\Temp\VMBuilds\SoftwareSystem\arduino_due_x_dbg\Debug\DueFlashStorage-master\DueFlashStorage-master.a(flash_efc.cpp.o)
 .text.flash_init
                0x000836c8       0x28 C:\Users\houqh13\AppData\Local\Temp\VMBuilds\SoftwareSystem\arduino_due_x_dbg\Debug\DueFlashStorage-master\DueFlashStorage-master.a(flash_efc.cpp.o)
                0x000836c8                flash_init
 .text.flash_write
                0x000836f0       0xe0 C:\Users\houqh13\AppData\Local\Temp\VMBuilds\SoftwareSystem\arduino_due_x_dbg\Debug\DueFlashStorage-master\DueFlashStorage-master.a(flash_efc.cpp.o)
                0x000836f0                flash_write
 .text.flash_lock
                0x000837d0       0x5c C:\Users\houqh13\AppData\Local\Temp\VMBuilds\SoftwareSystem\arduino_due_x_dbg\Debug\DueFlashStorage-master\DueFlashStorage-master.a(flash_efc.cpp.o)
                0x000837d0                flash_lock
 .text.flash_unlock
                0x0008382c       0x5c C:\Users\houqh13\AppData\Local\Temp\VMBuilds\SoftwareSystem\arduino_due_x_dbg\Debug\DueFlashStorage-master\DueFlashStorage-master.a(flash_efc.cpp.o)
                0x0008382c                flash_unlock
 .text.efc_init
                0x00083888        0xe C:\Users\houqh13\AppData\Local\Temp\VMBuilds\SoftwareSystem\arduino_due_x_dbg\Debug\DueFlashStorage-master\DueFlashStorage-master.a(efc.cpp.o)
                0x00083888                efc_init
 .text.efc_set_wait_state
                0x00083896       0x12 C:\Users\houqh13\AppData\Local\Temp\VMBuilds\SoftwareSystem\arduino_due_x_dbg\Debug\DueFlashStorage-master\DueFlashStorage-master.a(efc.cpp.o)
                0x00083896                efc_set_wait_state
 .text.efc_get_wait_state
                0x000838a8        0x8 C:\Users\houqh13\AppData\Local\Temp\VMBuilds\SoftwareSystem\arduino_due_x_dbg\Debug\DueFlashStorage-master\DueFlashStorage-master.a(efc.cpp.o)
                0x000838a8                efc_get_wait_state
 .text.efc_perform_command
                0x000838b0       0x4c C:\Users\houqh13\AppData\Local\Temp\VMBuilds\SoftwareSystem\arduino_due_x_dbg\Debug\DueFlashStorage-master\DueFlashStorage-master.a(efc.cpp.o)
                0x000838b0                efc_perform_command
 .text._ZN16VisualMicroDebug14outPacketStartEb
                0x000838fc       0x24 C:\Users\houqh13\AppData\Local\Temp\VMBuilds\SoftwareSystem\arduino_due_x_dbg\Debug\VM_DBG\VM_DBG.cpp.o
                0x000838fc                VisualMicroDebug::outPacketStart(bool)
 .text._ZN16VisualMicroDebug12outPacketEndEv
                0x00083920        0x2 C:\Users\houqh13\AppData\Local\Temp\VMBuilds\SoftwareSystem\arduino_due_x_dbg\Debug\VM_DBG\VM_DBG.cpp.o
                0x00083920                VisualMicroDebug::outPacketEnd()
 .text._ZN16VisualMicroDebug4initEm
                0x00083922       0x10 C:\Users\houqh13\AppData\Local\Temp\VMBuilds\SoftwareSystem\arduino_due_x_dbg\Debug\VM_DBG\VM_DBG.cpp.o
                0x00083922                VisualMicroDebug::init(unsigned long)
 .text._ZN16VisualMicroDebug5beginEP9UARTClassm
                0x00083932       0x10 C:\Users\houqh13\AppData\Local\Temp\VMBuilds\SoftwareSystem\arduino_due_x_dbg\Debug\VM_DBG\VM_DBG.cpp.o
                0x00083932                VisualMicroDebug::begin(UARTClass*, unsigned long)
 .text._ZN16VisualMicroDebug4readEv
                0x00083942        0xe C:\Users\houqh13\AppData\Local\Temp\VMBuilds\SoftwareSystem\arduino_due_x_dbg\Debug\VM_DBG\VM_DBG.cpp.o
                0x00083942                VisualMicroDebug::read()
 .text._ZN16VisualMicroDebug9availableEv
                0x00083950        0xe C:\Users\houqh13\AppData\Local\Temp\VMBuilds\SoftwareSystem\arduino_due_x_dbg\Debug\VM_DBG\VM_DBG.cpp.o
                0x00083950                VisualMicroDebug::available()
 *fill*         0x0008395e        0x2 
 .text._ZN16VisualMicroDebug16sendContinuedACKEh
                0x00083960       0x38 C:\Users\houqh13\AppData\Local\Temp\VMBuilds\SoftwareSystem\arduino_due_x_dbg\Debug\VM_DBG\VM_DBG.cpp.o
                0x00083960                VisualMicroDebug::sendContinuedACK(unsigned char)
 .text._ZN16VisualMicroDebug9breakWaitEh
                0x00083998       0x54 C:\Users\houqh13\AppData\Local\Temp\VMBuilds\SoftwareSystem\arduino_due_x_dbg\Debug\VM_DBG\VM_DBG.cpp.o
                0x00083998                VisualMicroDebug::breakWait(unsigned char)
 .text._ZN16VisualMicroDebug5startEbb
                0x000839ec       0x1e C:\Users\houqh13\AppData\Local\Temp\VMBuilds\SoftwareSystem\arduino_due_x_dbg\Debug\VM_DBG\VM_DBG.cpp.o
                0x000839ec                VisualMicroDebug::start(bool, bool)
 *fill*         0x00083a0a        0x2 
 .text.startup._GLOBAL__sub_I__ZN16VisualMicroDebug10DBG_MillisEv
                0x00083a0c       0x14 C:\Users\houqh13\AppData\Local\Temp\VMBuilds\SoftwareSystem\arduino_due_x_dbg\Debug\VM_DBG\VM_DBG.cpp.o
 .text._Z11serialEventv
                0x00083a20        0x2 C:\Users\houqh13\AppData\Local\Temp\VMBuilds\SoftwareSystem\arduino_due_x_dbg\Debug\variant\variant.cpp.o
                0x00083a20                serialEvent()
 *fill*         0x00083a22        0x2 
 .text.UART_Handler
                0x00083a24        0xc C:\Users\houqh13\AppData\Local\Temp\VMBuilds\SoftwareSystem\arduino_due_x_dbg\Debug\variant\variant.cpp.o
                0x00083a24                UART_Handler
 .text._Z12serialEvent1v
                0x00083a30        0x2 C:\Users\houqh13\AppData\Local\Temp\VMBuilds\SoftwareSystem\arduino_due_x_dbg\Debug\variant\variant.cpp.o
                0x00083a30                serialEvent1()
 .text._Z12serialEvent2v
                0x00083a32        0x2 C:\Users\houqh13\AppData\Local\Temp\VMBuilds\SoftwareSystem\arduino_due_x_dbg\Debug\variant\variant.cpp.o
                0x00083a32                serialEvent2()
 .text._Z12serialEvent3v
                0x00083a34        0x2 C:\Users\houqh13\AppData\Local\Temp\VMBuilds\SoftwareSystem\arduino_due_x_dbg\Debug\variant\variant.cpp.o
                0x00083a34                serialEvent3()
 *fill*         0x00083a36        0x2 
 .text.USART0_Handler
                0x00083a38        0xc C:\Users\houqh13\AppData\Local\Temp\VMBuilds\SoftwareSystem\arduino_due_x_dbg\Debug\variant\variant.cpp.o
                0x00083a38                USART0_Handler
 .text.USART1_Handler
                0x00083a44        0xc C:\Users\houqh13\AppData\Local\Temp\VMBuilds\SoftwareSystem\arduino_due_x_dbg\Debug\variant\variant.cpp.o
                0x00083a44                USART1_Handler
 .text.USART3_Handler
                0x00083a50        0xc C:\Users\houqh13\AppData\Local\Temp\VMBuilds\SoftwareSystem\arduino_due_x_dbg\Debug\variant\variant.cpp.o
                0x00083a50                USART3_Handler
 .text.init     0x00083a5c      0x128 C:\Users\houqh13\AppData\Local\Temp\VMBuilds\SoftwareSystem\arduino_due_x_dbg\Debug\variant\variant.cpp.o
                0x00083a5c                init
 .text.startup._GLOBAL__sub_I_g_APinDescription
                0x00083b84       0xd4 C:\Users\houqh13\AppData\Local\Temp\VMBuilds\SoftwareSystem\arduino_due_x_dbg\Debug\variant\variant.cpp.o
 .text._Z14serialEventRunv
                0x00083c58       0x44 C:\Users\houqh13\AppData\Local\Temp\VMBuilds\SoftwareSystem\arduino_due_x_dbg\Debug\variant\variant.cpp.o
                0x00083c58                serialEventRun()
 .text.PIO_PullUp
                0x00083c9c        0xa C:\Users\houqh13\AppData\Local\arduino15\packages\arduino\hardware\sam\1.6.11\variants\arduino_due_x/libsam_sam3x8e_gcc_rel.a(pio.o)
                0x00083c9c                PIO_PullUp
 .text.PIO_Get  0x00083ca6       0x14 C:\Users\houqh13\AppData\Local\arduino15\packages\arduino\hardware\sam\1.6.11\variants\arduino_due_x/libsam_sam3x8e_gcc_rel.a(pio.o)
                0x00083ca6                PIO_Get
 .text.PIO_SetPeripheral
                0x00083cba       0x26 C:\Users\houqh13\AppData\Local\arduino15\packages\arduino\hardware\sam\1.6.11\variants\arduino_due_x/libsam_sam3x8e_gcc_rel.a(pio.o)
                0x00083cba                PIO_SetPeripheral
 .text.PIO_SetInput
                0x00083ce0       0x26 C:\Users\houqh13\AppData\Local\arduino15\packages\arduino\hardware\sam\1.6.11\variants\arduino_due_x/libsam_sam3x8e_gcc_rel.a(pio.o)
                0x00083ce0                PIO_SetInput
 .text.PIO_SetOutput
                0x00083d06       0x24 C:\Users\houqh13\AppData\Local\arduino15\packages\arduino\hardware\sam\1.6.11\variants\arduino_due_x/libsam_sam3x8e_gcc_rel.a(pio.o)
                0x00083d06                PIO_SetOutput
 *fill*         0x00083d2a        0x2 
 .text.PIO_Configure
                0x00083d2c       0x64 C:\Users\houqh13\AppData\Local\arduino15\packages\arduino\hardware\sam\1.6.11\variants\arduino_due_x/libsam_sam3x8e_gcc_rel.a(pio.o)
                0x00083d2c                PIO_Configure
 .text.PIO_GetOutputDataStatus
                0x00083d90       0x14 C:\Users\houqh13\AppData\Local\arduino15\packages\arduino\hardware\sam\1.6.11\variants\arduino_due_x/libsam_sam3x8e_gcc_rel.a(pio.o)
                0x00083d90                PIO_GetOutputDataStatus
 .text.pmc_enable_upll_clock
                0x00083da4       0x14 C:\Users\houqh13\AppData\Local\arduino15\packages\arduino\hardware\sam\1.6.11\variants\arduino_due_x/libsam_sam3x8e_gcc_rel.a(pmc.o)
                0x00083da4                pmc_enable_upll_clock
 .text.pmc_enable_periph_clk
                0x00083db8       0x44 C:\Users\houqh13\AppData\Local\arduino15\packages\arduino\hardware\sam\1.6.11\variants\arduino_due_x/libsam_sam3x8e_gcc_rel.a(pmc.o)
                0x00083db8                pmc_enable_periph_clk
 .text.pmc_disable_periph_clk
                0x00083dfc       0x40 C:\Users\houqh13\AppData\Local\arduino15\packages\arduino\hardware\sam\1.6.11\variants\arduino_due_x/libsam_sam3x8e_gcc_rel.a(pmc.o)
                0x00083dfc                pmc_disable_periph_clk
 .text.pmc_switch_udpck_to_upllck
                0x00083e3c       0x14 C:\Users\houqh13\AppData\Local\arduino15\packages\arduino\hardware\sam\1.6.11\variants\arduino_due_x/libsam_sam3x8e_gcc_rel.a(pmc.o)
                0x00083e3c                pmc_switch_udpck_to_upllck
 .text.pmc_enable_udpck
                0x00083e50        0xc C:\Users\houqh13\AppData\Local\arduino15\packages\arduino\hardware\sam\1.6.11\variants\arduino_due_x/libsam_sam3x8e_gcc_rel.a(pmc.o)
                0x00083e50                pmc_enable_udpck
 .text.TC_Configure
                0x00083e5c       0x38 C:\Users\houqh13\AppData\Local\arduino15\packages\arduino\hardware\sam\1.6.11\variants\arduino_due_x/libsam_sam3x8e_gcc_rel.a(tc.o)
                0x00083e5c                TC_Configure
 .text.TC_Start
                0x00083e94       0x2c C:\Users\houqh13\AppData\Local\arduino15\packages\arduino\hardware\sam\1.6.11\variants\arduino_due_x/libsam_sam3x8e_gcc_rel.a(tc.o)
                0x00083e94                TC_Start
 .text.TC_SetRA
                0x00083ec0        0x8 C:\Users\houqh13\AppData\Local\arduino15\packages\arduino\hardware\sam\1.6.11\variants\arduino_due_x/libsam_sam3x8e_gcc_rel.a(tc.o)
                0x00083ec0                TC_SetRA
 .text.SystemInit
                0x00083ec8       0x88 C:\Users\houqh13\AppData\Local\arduino15\packages\arduino\hardware\sam\1.6.11\variants\arduino_due_x/libsam_sam3x8e_gcc_rel.a(system_sam3xa.o)
                0x00083ec8                SystemInit
 .text.Reset_Handler
                0x00083f50       0x78 C:\Users\houqh13\AppData\Local\arduino15\packages\arduino\hardware\sam\1.6.11\variants\arduino_due_x/libsam_sam3x8e_gcc_rel.a(startup_sam3xa.o)
                0x00083f50                Reset_Handler
 .text.adc_init
                0x00083fc8       0x98 C:\Users\houqh13\AppData\Local\arduino15\packages\arduino\hardware\sam\1.6.11\variants\arduino_due_x/libsam_sam3x8e_gcc_rel.a(adc.o)
                0x00083fc8                adc_init
 .text.adc_configure_trigger
                0x00084060        0xe C:\Users\houqh13\AppData\Local\arduino15\packages\arduino\hardware\sam\1.6.11\variants\arduino_due_x/libsam_sam3x8e_gcc_rel.a(adc.o)
                0x00084060                adc_configure_trigger
 .text.adc_configure_timing
                0x0008406e       0x1a C:\Users\houqh13\AppData\Local\arduino15\packages\arduino\hardware\sam\1.6.11\variants\arduino_due_x/libsam_sam3x8e_gcc_rel.a(adc.o)
                0x0008406e                adc_configure_timing
 .text.adc_start
                0x00084088        0x6 C:\Users\houqh13\AppData\Local\arduino15\packages\arduino\hardware\sam\1.6.11\variants\arduino_due_x/libsam_sam3x8e_gcc_rel.a(adc.o)
                0x00084088                adc_start
 .text.adc_enable_channel
                0x0008408e        0xa C:\Users\houqh13\AppData\Local\arduino15\packages\arduino\hardware\sam\1.6.11\variants\arduino_due_x/libsam_sam3x8e_gcc_rel.a(adc.o)
                0x0008408e                adc_enable_channel
 .text.adc_disable_channel
                0x00084098        0xa C:\Users\houqh13\AppData\Local\arduino15\packages\arduino\hardware\sam\1.6.11\variants\arduino_due_x/libsam_sam3x8e_gcc_rel.a(adc.o)
                0x00084098                adc_disable_channel
 .text.adc_disable_all_channel
                0x000840a2        0x8 C:\Users\houqh13\AppData\Local\arduino15\packages\arduino\hardware\sam\1.6.11\variants\arduino_due_x/libsam_sam3x8e_gcc_rel.a(adc.o)
                0x000840a2                adc_disable_all_channel
 .text.adc_get_channel_status
                0x000840aa        0xa C:\Users\houqh13\AppData\Local\arduino15\packages\arduino\hardware\sam\1.6.11\variants\arduino_due_x/libsam_sam3x8e_gcc_rel.a(adc.o)
                0x000840aa                adc_get_channel_status
 .text.adc_get_latest_value
                0x000840b4        0x4 C:\Users\houqh13\AppData\Local\arduino15\packages\arduino\hardware\sam\1.6.11\variants\arduino_due_x/libsam_sam3x8e_gcc_rel.a(adc.o)
                0x000840b4                adc_get_latest_value
 .text.adc_disable_interrupt
                0x000840b8        0x4 C:\Users\houqh13\AppData\Local\arduino15\packages\arduino\hardware\sam\1.6.11\variants\arduino_due_x/libsam_sam3x8e_gcc_rel.a(adc.o)
                0x000840b8                adc_disable_interrupt
 .text.adc_get_status
                0x000840bc        0x4 C:\Users\houqh13\AppData\Local\arduino15\packages\arduino\hardware\sam\1.6.11\variants\arduino_due_x/libsam_sam3x8e_gcc_rel.a(adc.o)
                0x000840bc                adc_get_status
 .text.UOTGHS_Handler
                0x000840c0       0x10 C:\Users\houqh13\AppData\Local\arduino15\packages\arduino\hardware\sam\1.6.11\variants\arduino_due_x/libsam_sam3x8e_gcc_rel.a(uotghs.o)
                0x000840c0                UOTGHS_Handler
 .text.__halt   0x000840d0        0x2 C:\Users\houqh13\AppData\Local\Temp\VMBuilds\SoftwareSystem\arduino_due_x_dbg\Debug/core.a(cortex_handlers.c.o)
                0x000840d0                DACC_Handler
                0x000840d0                DebugMon_Handler
                0x000840d0                DMAC_Handler
                0x000840d0                TRNG_Handler
                0x000840d0                HardFault_Handler
                0x000840d0                TWI1_Handler
                0x000840d0                NMI_Handler
                0x000840d0                TC7_Handler
                0x000840d0                ADC_Handler
                0x000840d0                SMC_Handler
                0x000840d0                RTT_Handler
                0x000840d0                EFC1_Handler
                0x000840d0                PIOB_Handler
                0x000840d0                RTC_Handler
                0x000840d0                UsageFault_Handler
                0x000840d0                TC6_Handler
                0x000840d0                WDT_Handler
                0x000840d0                CAN0_Handler
                0x000840d0                TC1_Handler
                0x000840d0                HSMCI_Handler
                0x000840d0                TWI0_Handler
                0x000840d0                PIOA_Handler
                0x000840d0                SSC_Handler
                0x000840d0                EFC0_Handler
                0x000840d0                PMC_Handler
                0x000840d0                PWM_Handler
                0x000840d0                CAN1_Handler
                0x000840d0                MemManage_Handler
                0x000840d0                SUPC_Handler
                0x000840d0                TC8_Handler
                0x000840d0                USART2_Handler
                0x000840d0                PIOD_Handler
                0x000840d0                EMAC_Handler
                0x000840d0                PIOC_Handler
                0x000840d0                BusFault_Handler
                0x000840d0                RSTC_Handler
                0x000840d0                SPI0_Handler
 .text.SVC_Handler
                0x000840d2        0x4 C:\Users\houqh13\AppData\Local\Temp\VMBuilds\SoftwareSystem\arduino_due_x_dbg\Debug/core.a(cortex_handlers.c.o)
                0x000840d2                SVC_Handler
 .text.PendSV_Handler
                0x000840d6        0x4 C:\Users\houqh13\AppData\Local\Temp\VMBuilds\SoftwareSystem\arduino_due_x_dbg\Debug/core.a(cortex_handlers.c.o)
                0x000840d6                PendSV_Handler
 .text.SysTick_Handler
                0x000840da       0x16 C:\Users\houqh13\AppData\Local\Temp\VMBuilds\SoftwareSystem\arduino_due_x_dbg\Debug/core.a(cortex_handlers.c.o)
                0x000840da                SysTick_Handler
 .text.__empty  0x000840f0        0x2 C:\Users\houqh13\AppData\Local\Temp\VMBuilds\SoftwareSystem\arduino_due_x_dbg\Debug/core.a(hooks.c.o)
                0x000840f0                yield
 .text.__false  0x000840f2        0x4 C:\Users\houqh13\AppData\Local\Temp\VMBuilds\SoftwareSystem\arduino_due_x_dbg\Debug/core.a(hooks.c.o)
                0x000840f2                sysTickHook
 .text.__halt   0x000840f6        0x2 C:\Users\houqh13\AppData\Local\Temp\VMBuilds\SoftwareSystem\arduino_due_x_dbg\Debug/core.a(hooks.c.o)
                0x000840f6                svcHook
                0x000840f6                pendSVHook
 .text._sbrk    0x000840f8       0x1c C:\Users\houqh13\AppData\Local\Temp\VMBuilds\SoftwareSystem\arduino_due_x_dbg\Debug/core.a(syscalls_sam3.c.o)
                0x000840f8                _sbrk
 .text.link     0x00084114        0x6 C:\Users\houqh13\AppData\Local\Temp\VMBuilds\SoftwareSystem\arduino_due_x_dbg\Debug/core.a(syscalls_sam3.c.o)
                0x00084114                link
 .text._close   0x0008411a        0x6 C:\Users\houqh13\AppData\Local\Temp\VMBuilds\SoftwareSystem\arduino_due_x_dbg\Debug/core.a(syscalls_sam3.c.o)
                0x0008411a                _close
 .text._fstat   0x00084120        0xa C:\Users\houqh13\AppData\Local\Temp\VMBuilds\SoftwareSystem\arduino_due_x_dbg\Debug/core.a(syscalls_sam3.c.o)
                0x00084120                _fstat
 .text._isatty  0x0008412a        0x4 C:\Users\houqh13\AppData\Local\Temp\VMBuilds\SoftwareSystem\arduino_due_x_dbg\Debug/core.a(syscalls_sam3.c.o)
                0x0008412a                _isatty
 .text._lseek   0x0008412e        0x4 C:\Users\houqh13\AppData\Local\Temp\VMBuilds\SoftwareSystem\arduino_due_x_dbg\Debug/core.a(syscalls_sam3.c.o)
                0x0008412e                _lseek
 .text._read    0x00084132        0x4 C:\Users\houqh13\AppData\Local\Temp\VMBuilds\SoftwareSystem\arduino_due_x_dbg\Debug/core.a(syscalls_sam3.c.o)
                0x00084132                _read
 *fill*         0x00084136        0x2 
 .text._write   0x00084138       0x24 C:\Users\houqh13\AppData\Local\Temp\VMBuilds\SoftwareSystem\arduino_due_x_dbg\Debug/core.a(syscalls_sam3.c.o)
                0x00084138                _write
 .text._exit    0x0008415c       0x10 C:\Users\houqh13\AppData\Local\Temp\VMBuilds\SoftwareSystem\arduino_due_x_dbg\Debug/core.a(syscalls_sam3.c.o)
                0x0008415c                _exit
 .text._kill    0x0008416c        0x2 C:\Users\houqh13\AppData\Local\Temp\VMBuilds\SoftwareSystem\arduino_due_x_dbg\Debug/core.a(syscalls_sam3.c.o)
                0x0008416c                _kill
 .text._getpid  0x0008416e        0x6 C:\Users\houqh13\AppData\Local\Temp\VMBuilds\SoftwareSystem\arduino_due_x_dbg\Debug/core.a(syscalls_sam3.c.o)
                0x0008416e                _getpid
 .text.millis   0x00084174        0x4 C:\Users\houqh13\AppData\Local\Temp\VMBuilds\SoftwareSystem\arduino_due_x_dbg\Debug/core.a(wiring.c.o)
                0x00084174                millis
 .text.delay    0x00084178       0x1c C:\Users\houqh13\AppData\Local\Temp\VMBuilds\SoftwareSystem\arduino_due_x_dbg\Debug/core.a(wiring.c.o)
                0x00084178                delay
 .text.mapResolution
                0x00084194       0x12 C:\Users\houqh13\AppData\Local\Temp\VMBuilds\SoftwareSystem\arduino_due_x_dbg\Debug/core.a(wiring_analog.c.o)
 *fill*         0x000841a6        0x2 
 .text.analogWriteResolution
                0x000841a8        0xc C:\Users\houqh13\AppData\Local\Temp\VMBuilds\SoftwareSystem\arduino_due_x_dbg\Debug/core.a(wiring_analog.c.o)
                0x000841a8                analogWriteResolution
 .text.analogRead
                0x000841b4       0x9c C:\Users\houqh13\AppData\Local\Temp\VMBuilds\SoftwareSystem\arduino_due_x_dbg\Debug/core.a(wiring_analog.c.o)
                0x000841b4                analogRead
 .text.analogOutputInit
                0x00084250        0x2 C:\Users\houqh13\AppData\Local\Temp\VMBuilds\SoftwareSystem\arduino_due_x_dbg\Debug/core.a(wiring_analog.c.o)
                0x00084250                analogOutputInit
 *fill*         0x00084252        0x2 
 .text.pinMode  0x00084254      0x108 C:\Users\houqh13\AppData\Local\Temp\VMBuilds\SoftwareSystem\arduino_due_x_dbg\Debug/core.a(wiring_digital.c.o)
                0x00084254                pinMode
 .text.digitalWrite
                0x0008435c       0x70 C:\Users\houqh13\AppData\Local\Temp\VMBuilds\SoftwareSystem\arduino_due_x_dbg\Debug/core.a(wiring_digital.c.o)
                0x0008435c                digitalWrite
 .text.digitalRead
                0x000843cc       0x44 C:\Users\houqh13\AppData\Local\Temp\VMBuilds\SoftwareSystem\arduino_due_x_dbg\Debug/core.a(wiring_digital.c.o)
                0x000843cc                digitalRead
 .text.initVariant
                0x00084410        0x2 C:\Users\houqh13\AppData\Local\Temp\VMBuilds\SoftwareSystem\arduino_due_x_dbg\Debug/core.a(main.cpp.o)
                0x00084410                initVariant
 *fill*         0x00084412        0x2 
 .text.startup.main
                0x00084414       0x38 C:\Users\houqh13\AppData\Local\Temp\VMBuilds\SoftwareSystem\arduino_due_x_dbg\Debug/core.a(main.cpp.o)
                0x00084414                main
 .text._ZN5Print5writeEPKhj
                0x0008444c       0x22 C:\Users\houqh13\AppData\Local\Temp\VMBuilds\SoftwareSystem\arduino_due_x_dbg\Debug/core.a(Print.cpp.o)
                0x0008444c                Print::write(unsigned char const*, unsigned int)
 .text._ZN5Print5printEmi.part.3
                0x0008446e        0xc C:\Users\houqh13\AppData\Local\Temp\VMBuilds\SoftwareSystem\arduino_due_x_dbg\Debug/core.a(Print.cpp.o)
 .text._ZN5Print5writeEPKc
                0x0008447a       0x1e C:\Users\houqh13\AppData\Local\Temp\VMBuilds\SoftwareSystem\arduino_due_x_dbg\Debug/core.a(Print.cpp.o)
                0x0008447a                Print::write(char const*)
 .text._ZN5Print5printEPKc
                0x00084498        0x8 C:\Users\houqh13\AppData\Local\Temp\VMBuilds\SoftwareSystem\arduino_due_x_dbg\Debug/core.a(Print.cpp.o)
                0x00084498                Print::print(char const*)
 .text._ZN5Print5printEc
                0x000844a0        0xa C:\Users\houqh13\AppData\Local\Temp\VMBuilds\SoftwareSystem\arduino_due_x_dbg\Debug/core.a(Print.cpp.o)
                0x000844a0                Print::print(char)
 *fill*         0x000844aa        0x2 
 .text._ZN5Print7printlnEv
                0x000844ac       0x10 C:\Users\houqh13\AppData\Local\Temp\VMBuilds\SoftwareSystem\arduino_due_x_dbg\Debug/core.a(Print.cpp.o)
                0x000844ac                Print::println()
 .text._ZN5Print7printlnEPKc
                0x000844bc       0x14 C:\Users\houqh13\AppData\Local\Temp\VMBuilds\SoftwareSystem\arduino_due_x_dbg\Debug/core.a(Print.cpp.o)
                0x000844bc                Print::println(char const*)
 .text._ZN5Print11printNumberEmh
                0x000844d0       0x3e C:\Users\houqh13\AppData\Local\Temp\VMBuilds\SoftwareSystem\arduino_due_x_dbg\Debug/core.a(Print.cpp.o)
                0x000844d0                Print::printNumber(unsigned long, unsigned char)
 .text._ZN5Print5printEli
                0x0008450e       0x3c C:\Users\houqh13\AppData\Local\Temp\VMBuilds\SoftwareSystem\arduino_due_x_dbg\Debug/core.a(Print.cpp.o)
                0x0008450e                Print::print(long, int)
 .text._ZN5Print7printlnEii
                0x0008454a       0x14 C:\Users\houqh13\AppData\Local\Temp\VMBuilds\SoftwareSystem\arduino_due_x_dbg\Debug/core.a(Print.cpp.o)
                0x0008454a                Print::println(int, int)
 .text._ZN5Print5printEmi
                0x0008455e        0xc C:\Users\houqh13\AppData\Local\Temp\VMBuilds\SoftwareSystem\arduino_due_x_dbg\Debug/core.a(Print.cpp.o)
                0x0008455e                Print::print(unsigned long, int)
 .text._ZN5Print5printEhi
                0x0008456a        0x4 C:\Users\houqh13\AppData\Local\Temp\VMBuilds\SoftwareSystem\arduino_due_x_dbg\Debug/core.a(Print.cpp.o)
                0x0008456a                Print::print(unsigned char, int)
 *fill*         0x0008456e        0x2 
 .text._ZN5Print10printFloatEdh
                0x00084570      0x148 C:\Users\houqh13\AppData\Local\Temp\VMBuilds\SoftwareSystem\arduino_due_x_dbg\Debug/core.a(Print.cpp.o)
                0x00084570                Print::printFloat(double, unsigned char)
 .text._ZN5Print5printEdi
                0x000846b8        0xa C:\Users\houqh13\AppData\Local\Temp\VMBuilds\SoftwareSystem\arduino_due_x_dbg\Debug/core.a(Print.cpp.o)
                0x000846b8                Print::print(double, int)
 .text._ZN5Print7printlnEdi
                0x000846c2       0x1c C:\Users\houqh13\AppData\Local\Temp\VMBuilds\SoftwareSystem\arduino_due_x_dbg\Debug/core.a(Print.cpp.o)
                0x000846c2                Print::println(double, int)
 *fill*         0x000846de        0x2 
 .text.initiateReset
                0x000846e0        0xc C:\Users\houqh13\AppData\Local\Temp\VMBuilds\SoftwareSystem\arduino_due_x_dbg\Debug/core.a(Reset.cpp.o)
                0x000846e0                initiateReset
 .text.cancelReset
                0x000846ec       0x10 C:\Users\houqh13\AppData\Local\Temp\VMBuilds\SoftwareSystem\arduino_due_x_dbg\Debug/core.a(Reset.cpp.o)
                0x000846ec                cancelReset
 .text.tickReset
                0x000846fc       0x20 C:\Users\houqh13\AppData\Local\Temp\VMBuilds\SoftwareSystem\arduino_due_x_dbg\Debug/core.a(Reset.cpp.o)
                0x000846fc                tickReset
 .text._ZN10RingBufferC2Ev
                0x0008471c       0x1a C:\Users\houqh13\AppData\Local\Temp\VMBuilds\SoftwareSystem\arduino_due_x_dbg\Debug/core.a(RingBuffer.cpp.o)
                0x0008471c                RingBuffer::RingBuffer()
                0x0008471c                RingBuffer::RingBuffer()
 .text._ZN10RingBuffer10store_charEh
                0x00084736       0x1e C:\Users\houqh13\AppData\Local\Temp\VMBuilds\SoftwareSystem\arduino_due_x_dbg\Debug/core.a(RingBuffer.cpp.o)
                0x00084736                RingBuffer::store_char(unsigned char)
 .text._ZN6Stream9timedReadEv
                0x00084754       0x2a C:\Users\houqh13\AppData\Local\Temp\VMBuilds\SoftwareSystem\arduino_due_x_dbg\Debug/core.a(Stream.cpp.o)
                0x00084754                Stream::timedRead()
 *fill*         0x0008477e        0x2 
 .text._ZN6Stream10readStringEv
                0x00084780       0x28 C:\Users\houqh13\AppData\Local\Temp\VMBuilds\SoftwareSystem\arduino_due_x_dbg\Debug/core.a(Stream.cpp.o)
                0x00084780                Stream::readString()
 .text._ZN9UARTClasscvbEv
                0x000847a8        0x4 C:\Users\houqh13\AppData\Local\Temp\VMBuilds\SoftwareSystem\arduino_due_x_dbg\Debug/core.a(UARTClass.cpp.o)
                0x000847a8                UARTClass::operator bool()
 .text._ZN9UARTClass9availableEv
                0x000847ac       0x12 C:\Users\houqh13\AppData\Local\Temp\VMBuilds\SoftwareSystem\arduino_due_x_dbg\Debug/core.a(UARTClass.cpp.o)
                0x000847ac                UARTClass::available()
 .text._ZN9UARTClass4peekEv
                0x000847be       0x1c C:\Users\houqh13\AppData\Local\Temp\VMBuilds\SoftwareSystem\arduino_due_x_dbg\Debug/core.a(UARTClass.cpp.o)
                0x000847be                UARTClass::peek()
 .text._ZN9UARTClass4readEv
                0x000847da       0x2a C:\Users\houqh13\AppData\Local\Temp\VMBuilds\SoftwareSystem\arduino_due_x_dbg\Debug/core.a(UARTClass.cpp.o)
                0x000847da                UARTClass::read()
 .text._ZN9UARTClass5flushEv
                0x00084804       0x18 C:\Users\houqh13\AppData\Local\Temp\VMBuilds\SoftwareSystem\arduino_due_x_dbg\Debug/core.a(UARTClass.cpp.o)
                0x00084804                UARTClass::flush()
 .text._ZN9UARTClass5writeEh
                0x0008481c       0x54 C:\Users\houqh13\AppData\Local\Temp\VMBuilds\SoftwareSystem\arduino_due_x_dbg\Debug/core.a(UARTClass.cpp.o)
                0x0008481c                UARTClass::write(unsigned char)
 .text._ZN9UARTClass3endEv
                0x00084870       0x3c C:\Users\houqh13\AppData\Local\Temp\VMBuilds\SoftwareSystem\arduino_due_x_dbg\Debug/core.a(UARTClass.cpp.o)
                0x00084870                UARTClass::end()
 .text._ZN9UARTClassC2EP4Uart4IRQnmP10RingBufferS4_
                0x000848ac       0x24 C:\Users\houqh13\AppData\Local\Temp\VMBuilds\SoftwareSystem\arduino_due_x_dbg\Debug/core.a(UARTClass.cpp.o)
                0x000848ac                UARTClass::UARTClass(Uart*, IRQn, unsigned long, RingBuffer*, RingBuffer*)
                0x000848ac                UARTClass::UARTClass(Uart*, IRQn, unsigned long, RingBuffer*, RingBuffer*)
 .text._ZN9UARTClass4initEmm
                0x000848d0       0x70 C:\Users\houqh13\AppData\Local\Temp\VMBuilds\SoftwareSystem\arduino_due_x_dbg\Debug/core.a(UARTClass.cpp.o)
                0x000848d0                UARTClass::init(unsigned long, unsigned long)
 .text._ZN9UARTClass5beginEm
                0x00084940        0x8 C:\Users\houqh13\AppData\Local\Temp\VMBuilds\SoftwareSystem\arduino_due_x_dbg\Debug/core.a(UARTClass.cpp.o)
                0x00084940                UARTClass::begin(unsigned long)
 .text._ZN9UARTClass10IrqHandlerEv
                0x00084948       0x5a C:\Users\houqh13\AppData\Local\Temp\VMBuilds\SoftwareSystem\arduino_due_x_dbg\Debug/core.a(UARTClass.cpp.o)
                0x00084948                UARTClass::IrqHandler()
 .text._ZN10USARTClass5beginEm
                0x000849a2        0x8 C:\Users\houqh13\AppData\Local\Temp\VMBuilds\SoftwareSystem\arduino_due_x_dbg\Debug/core.a(USARTClass.cpp.o)
                0x000849a2                USARTClass::begin(unsigned long)
 *fill*         0x000849aa        0x2 
 .text._ZN10USARTClassC2EP5Usart4IRQnmP10RingBufferS4_
                0x000849ac       0x24 C:\Users\houqh13\AppData\Local\Temp\VMBuilds\SoftwareSystem\arduino_due_x_dbg\Debug/core.a(USARTClass.cpp.o)
                0x000849ac                USARTClass::USARTClass(Usart*, IRQn, unsigned long, RingBuffer*, RingBuffer*)
                0x000849ac                USARTClass::USARTClass(Usart*, IRQn, unsigned long, RingBuffer*, RingBuffer*)
 .text._watchdogDefaultSetup
                0x000849d0        0xc C:\Users\houqh13\AppData\Local\Temp\VMBuilds\SoftwareSystem\arduino_due_x_dbg\Debug/core.a(watchdog.cpp.o)
                0x000849d0                _watchdogDefaultSetup
                0x000849d0                watchdogSetup()
 .text._ZN6StringD2Ev
                0x000849dc        0xe C:\Users\houqh13\AppData\Local\Temp\VMBuilds\SoftwareSystem\arduino_due_x_dbg\Debug/core.a(WString.cpp.o)
                0x000849dc                String::~String()
                0x000849dc                String::~String()
 .text._ZN6String10invalidateEv
                0x000849ea       0x16 C:\Users\houqh13\AppData\Local\Temp\VMBuilds\SoftwareSystem\arduino_due_x_dbg\Debug/core.a(WString.cpp.o)
                0x000849ea                String::invalidate()
 .text._ZN6String12changeBufferEj
                0x00084a00       0x18 C:\Users\houqh13\AppData\Local\Temp\VMBuilds\SoftwareSystem\arduino_due_x_dbg\Debug/core.a(WString.cpp.o)
                0x00084a00                String::changeBuffer(unsigned int)
 .text._ZN6String7reserveEj
                0x00084a18       0x22 C:\Users\houqh13\AppData\Local\Temp\VMBuilds\SoftwareSystem\arduino_due_x_dbg\Debug/core.a(WString.cpp.o)
                0x00084a18                String::reserve(unsigned int)
 .text._ZN6String4copyEPKcj
                0x00084a3a       0x26 C:\Users\houqh13\AppData\Local\Temp\VMBuilds\SoftwareSystem\arduino_due_x_dbg\Debug/core.a(WString.cpp.o)
                0x00084a3a                String::copy(char const*, unsigned int)
 .text._ZN6StringC2EPKc
                0x00084a60       0x24 C:\Users\houqh13\AppData\Local\Temp\VMBuilds\SoftwareSystem\arduino_due_x_dbg\Debug/core.a(WString.cpp.o)
                0x00084a60                String::String(char const*)
                0x00084a60                String::String(char const*)
 .text._ZN6String6concatEPKcj
                0x00084a84       0x2e C:\Users\houqh13\AppData\Local\Temp\VMBuilds\SoftwareSystem\arduino_due_x_dbg\Debug/core.a(WString.cpp.o)
                0x00084a84                String::concat(char const*, unsigned int)
 .text._ZN6String6concatEc
                0x00084ab2       0x1a C:\Users\houqh13\AppData\Local\Temp\VMBuilds\SoftwareSystem\arduino_due_x_dbg\Debug/core.a(WString.cpp.o)
                0x00084ab2                String::concat(char)
 .text._ZNK6String5toIntEv
                0x00084acc        0xa C:\Users\houqh13\AppData\Local\Temp\VMBuilds\SoftwareSystem\arduino_due_x_dbg\Debug/core.a(WString.cpp.o)
                0x00084acc                String::toInt() const
 *fill*         0x00084ad6        0x2 
 .text.unlikely._ZL11USB_SendZlpv
                0x00084ad8       0x20 C:\Users\houqh13\AppData\Local\Temp\VMBuilds\SoftwareSystem\arduino_due_x_dbg\Debug/core.a(USBCore.cpp.o)
 .text._Z14USBD_Availablem
                0x00084af8       0x2c C:\Users\houqh13\AppData\Local\Temp\VMBuilds\SoftwareSystem\arduino_due_x_dbg\Debug/core.a(USBCore.cpp.o)
                0x00084af8                USBD_Available(unsigned long)
 .text._Z9USBD_RecvmPvm
                0x00084b24       0x7c C:\Users\houqh13\AppData\Local\Temp\VMBuilds\SoftwareSystem\arduino_due_x_dbg\Debug/core.a(USBCore.cpp.o)
                0x00084b24                USBD_Recv(unsigned long, void*, unsigned long)
 .text._Z9USBD_Recvm
                0x00084ba0       0x22 C:\Users\houqh13\AppData\Local\Temp\VMBuilds\SoftwareSystem\arduino_due_x_dbg\Debug/core.a(USBCore.cpp.o)
                0x00084ba0                USBD_Recv(unsigned long)
 *fill*         0x00084bc2        0x2 
 .text._Z9USBD_SendmPKvm
                0x00084bc4       0x4c C:\Users\houqh13\AppData\Local\Temp\VMBuilds\SoftwareSystem\arduino_due_x_dbg\Debug/core.a(USBCore.cpp.o)
                0x00084bc4                USBD_Send(unsigned long, void const*, unsigned long)
 .text._Z16USBD_SendControlhPKvm
                0x00084c10       0x40 C:\Users\houqh13\AppData\Local\Temp\VMBuilds\SoftwareSystem\arduino_due_x_dbg\Debug/core.a(USBCore.cpp.o)
                0x00084c10                USBD_SendControl(unsigned char, void const*, unsigned long)
 .text.unlikely._ZL24USB_SendStringDescriptorPKhi
                0x00084c50       0x64 C:\Users\houqh13\AppData\Local\Temp\VMBuilds\SoftwareSystem\arduino_due_x_dbg\Debug/core.a(USBCore.cpp.o)
 .text._Z16USBD_RecvControlPvm
                0x00084cb4       0x1c C:\Users\houqh13\AppData\Local\Temp\VMBuilds\SoftwareSystem\arduino_due_x_dbg\Debug/core.a(USBCore.cpp.o)
                0x00084cb4                USBD_RecvControl(void*, unsigned long)
 .text._Z26USBD_ClassInterfaceRequestR8USBSetup
                0x00084cd0       0x1e C:\Users\houqh13\AppData\Local\Temp\VMBuilds\SoftwareSystem\arduino_due_x_dbg\Debug/core.a(USBCore.cpp.o)
                0x00084cd0                USBD_ClassInterfaceRequest(USBSetup&)
 .text._Z19USBD_SendInterfacesv
                0x00084cee       0x22 C:\Users\houqh13\AppData\Local\Temp\VMBuilds\SoftwareSystem\arduino_due_x_dbg\Debug/core.a(USBCore.cpp.o)
                0x00084cee                USBD_SendInterfaces()
 .text._Z24USBD_SendOtherInterfacesv
                0x00084d10       0x22 C:\Users\houqh13\AppData\Local\Temp\VMBuilds\SoftwareSystem\arduino_due_x_dbg\Debug/core.a(USBCore.cpp.o)
                0x00084d10                USBD_SendOtherInterfaces()
 .text._Z10USBD_Flushm
                0x00084d32       0x16 C:\Users\houqh13\AppData\Local\Temp\VMBuilds\SoftwareSystem\arduino_due_x_dbg\Debug/core.a(USBCore.cpp.o)
                0x00084d32                USBD_Flush(unsigned long)
 .text._ZN10USBDevice_C2Ev
                0x00084d48       0x24 C:\Users\houqh13\AppData\Local\Temp\VMBuilds\SoftwareSystem\arduino_due_x_dbg\Debug/core.a(USBCore.cpp.o)
                0x00084d48                USBDevice_::USBDevice_()
                0x00084d48                USBDevice_::USBDevice_()
 .text._ZN10USBDevice_6attachEv
                0x00084d6c       0x20 C:\Users\houqh13\AppData\Local\Temp\VMBuilds\SoftwareSystem\arduino_due_x_dbg\Debug/core.a(USBCore.cpp.o)
                0x00084d6c                USBDevice_::attach()
 .text.startup._GLOBAL__sub_I_EndPoints
                0x00084d8c        0xc C:\Users\houqh13\AppData\Local\Temp\VMBuilds\SoftwareSystem\arduino_due_x_dbg\Debug/core.a(USBCore.cpp.o)
 .text._ZL7USB_ISRv
                0x00084d98      0x454 C:\Users\houqh13\AppData\Local\Temp\VMBuilds\SoftwareSystem\arduino_due_x_dbg\Debug/core.a(USBCore.cpp.o)
 .text._ZN7Serial_9availableEv
                0x000851ec       0x18 C:\Users\houqh13\AppData\Local\Temp\VMBuilds\SoftwareSystem\arduino_due_x_dbg\Debug/core.a(CDC.cpp.o)
                0x000851ec                Serial_::available()
 .text._ZN7Serial_17availableForWriteEv
                0x00085204        0x6 C:\Users\houqh13\AppData\Local\Temp\VMBuilds\SoftwareSystem\arduino_due_x_dbg\Debug/core.a(CDC.cpp.o)
                0x00085204                Serial_::availableForWrite()
 *fill*         0x0008520a        0x2 
 .text._ZN7Serial_4peekEv
                0x0008520c       0x20 C:\Users\houqh13\AppData\Local\Temp\VMBuilds\SoftwareSystem\arduino_due_x_dbg\Debug/core.a(CDC.cpp.o)
                0x0008520c                Serial_::peek()
 .text._ZN7Serial_5writeEh
                0x0008522c       0x16 C:\Users\houqh13\AppData\Local\Temp\VMBuilds\SoftwareSystem\arduino_due_x_dbg\Debug/core.a(CDC.cpp.o)
                0x0008522c                Serial_::write(unsigned char)
 *fill*         0x00085242        0x2 
 .text._ZN7Serial_4readEv
                0x00085244       0x44 C:\Users\houqh13\AppData\Local\Temp\VMBuilds\SoftwareSystem\arduino_due_x_dbg\Debug/core.a(CDC.cpp.o)
                0x00085244                Serial_::read()
 .text._ZN7Serial_5flushEv
                0x00085288        0x6 C:\Users\houqh13\AppData\Local\Temp\VMBuilds\SoftwareSystem\arduino_due_x_dbg\Debug/core.a(CDC.cpp.o)
                0x00085288                Serial_::flush()
 *fill*         0x0008528e        0x2 
 .text._ZN7Serial_6acceptEv
                0x00085290       0x70 C:\Users\houqh13\AppData\Local\Temp\VMBuilds\SoftwareSystem\arduino_due_x_dbg\Debug/core.a(CDC.cpp.o)
                0x00085290                Serial_::accept()
 .text._ZN7Serial_5writeEPKhj
                0x00085300       0x2c C:\Users\houqh13\AppData\Local\Temp\VMBuilds\SoftwareSystem\arduino_due_x_dbg\Debug/core.a(CDC.cpp.o)
                0x00085300                Serial_::write(unsigned char const*, unsigned int)
 .text._Z16CDC_GetInterfacePh
                0x0008532c       0x14 C:\Users\houqh13\AppData\Local\Temp\VMBuilds\SoftwareSystem\arduino_due_x_dbg\Debug/core.a(CDC.cpp.o)
                0x0008532c                CDC_GetInterface(unsigned char*)
 .text._Z21CDC_GetOtherInterfacePh
                0x00085340       0x14 C:\Users\houqh13\AppData\Local\Temp\VMBuilds\SoftwareSystem\arduino_due_x_dbg\Debug/core.a(CDC.cpp.o)
                0x00085340                CDC_GetOtherInterface(unsigned char*)
 .text._Z9CDC_SetupR8USBSetup
                0x00085354       0x78 C:\Users\houqh13\AppData\Local\Temp\VMBuilds\SoftwareSystem\arduino_due_x_dbg\Debug/core.a(CDC.cpp.o)
                0x00085354                CDC_Setup(USBSetup&)
 .text.startup._GLOBAL__sub_I_cdc_rx_buffer
                0x000853cc       0x1c C:\Users\houqh13\AppData\Local\Temp\VMBuilds\SoftwareSystem\arduino_due_x_dbg\Debug/core.a(CDC.cpp.o)
 .text._ZN13PluggableUSB_12getInterfaceEPh
                0x000853e8       0x28 C:\Users\houqh13\AppData\Local\Temp\VMBuilds\SoftwareSystem\arduino_due_x_dbg\Debug/core.a(PluggableUSB.cpp.o)
                0x000853e8                PluggableUSB_::getInterface(unsigned char*)
 .text._ZN13PluggableUSB_13getDescriptorER8USBSetup
                0x00085410       0x1c C:\Users\houqh13\AppData\Local\Temp\VMBuilds\SoftwareSystem\arduino_due_x_dbg\Debug/core.a(PluggableUSB.cpp.o)
                0x00085410                PluggableUSB_::getDescriptor(USBSetup&)
 .text._ZN13PluggableUSB_12getShortNameEPc
                0x0008542c       0x1c C:\Users\houqh13\AppData\Local\Temp\VMBuilds\SoftwareSystem\arduino_due_x_dbg\Debug/core.a(PluggableUSB.cpp.o)
                0x0008542c                PluggableUSB_::getShortName(char*)
 .text._ZN13PluggableUSB_5setupER8USBSetup
                0x00085448       0x20 C:\Users\houqh13\AppData\Local\Temp\VMBuilds\SoftwareSystem\arduino_due_x_dbg\Debug/core.a(PluggableUSB.cpp.o)
                0x00085448                PluggableUSB_::setup(USBSetup&)
 .text._Z12PluggableUSBv
                0x00085468       0x28 C:\Users\houqh13\AppData\Local\Temp\VMBuilds\SoftwareSystem\arduino_due_x_dbg\Debug/core.a(PluggableUSB.cpp.o)
                0x00085468                PluggableUSB()
 .text.TimeTick_Increment
                0x00085490       0x10 C:\Users\houqh13\AppData\Local\arduino15\packages\arduino\hardware\sam\1.6.11\variants\arduino_due_x/libsam_sam3x8e_gcc_rel.a(timetick.o)
                0x00085490                TimeTick_Increment
 .text.GetTickCount
                0x000854a0        0xc C:\Users\houqh13\AppData\Local\arduino15\packages\arduino\hardware\sam\1.6.11\variants\arduino_due_x/libsam_sam3x8e_gcc_rel.a(timetick.o)
                0x000854a0                GetTickCount
 .text.WDT_Disable
                0x000854ac        0x8 C:\Users\houqh13\AppData\Local\arduino15\packages\arduino\hardware\sam\1.6.11\variants\arduino_due_x/libsam_sam3x8e_gcc_rel.a(wdt.o)
                0x000854ac                WDT_Disable
 .text.UDD_SetStack
                0x000854b4        0xc C:\Users\houqh13\AppData\Local\arduino15\packages\arduino\hardware\sam\1.6.11\variants\arduino_due_x/libsam_sam3x8e_gcc_rel.a(uotghs_device.o)
                0x000854b4                UDD_SetStack
 .text.UDD_Init
                0x000854c0       0xd0 C:\Users\houqh13\AppData\Local\arduino15\packages\arduino\hardware\sam\1.6.11\variants\arduino_due_x/libsam_sam3x8e_gcc_rel.a(uotghs_device.o)
                0x000854c0                UDD_Init
 .text.UDD_Attach
                0x00085590       0x50 C:\Users\houqh13\AppData\Local\arduino15\packages\arduino\hardware\sam\1.6.11\variants\arduino_due_x/libsam_sam3x8e_gcc_rel.a(uotghs_device.o)
                0x00085590                UDD_Attach
 .text.UDD_InitEP
                0x000855e0       0x2c C:\Users\houqh13\AppData\Local\arduino15\packages\arduino\hardware\sam\1.6.11\variants\arduino_due_x/libsam_sam3x8e_gcc_rel.a(uotghs_device.o)
                0x000855e0                UDD_InitEP
 .text.UDD_InitEndpoints
                0x0008560c       0x3c C:\Users\houqh13\AppData\Local\arduino15\packages\arduino\hardware\sam\1.6.11\variants\arduino_due_x/libsam_sam3x8e_gcc_rel.a(uotghs_device.o)
                0x0008560c                UDD_InitEndpoints
 .text.UDD_WaitIN
                0x00085648       0x10 C:\Users\houqh13\AppData\Local\arduino15\packages\arduino\hardware\sam\1.6.11\variants\arduino_due_x/libsam_sam3x8e_gcc_rel.a(uotghs_device.o)
                0x00085648                UDD_WaitIN
 .text.UDD_WaitOUT
                0x00085658       0x10 C:\Users\houqh13\AppData\Local\arduino15\packages\arduino\hardware\sam\1.6.11\variants\arduino_due_x/libsam_sam3x8e_gcc_rel.a(uotghs_device.o)
                0x00085658                UDD_WaitOUT
 .text.UDD_ClearIN
                0x00085668       0x18 C:\Users\houqh13\AppData\Local\arduino15\packages\arduino\hardware\sam\1.6.11\variants\arduino_due_x/libsam_sam3x8e_gcc_rel.a(uotghs_device.o)
                0x00085668                UDD_ClearIN
 .text.UDD_ClearOUT
                0x00085680       0x18 C:\Users\houqh13\AppData\Local\arduino15\packages\arduino\hardware\sam\1.6.11\variants\arduino_due_x/libsam_sam3x8e_gcc_rel.a(uotghs_device.o)
                0x00085680                UDD_ClearOUT
 .text.UDD_ReceivedSetupInt
                0x00085698       0x10 C:\Users\houqh13\AppData\Local\arduino15\packages\arduino\hardware\sam\1.6.11\variants\arduino_due_x/libsam_sam3x8e_gcc_rel.a(uotghs_device.o)
                0x00085698                UDD_ReceivedSetupInt
 .text.UDD_ClearSetupInt
                0x000856a8       0x10 C:\Users\houqh13\AppData\Local\arduino15\packages\arduino\hardware\sam\1.6.11\variants\arduino_due_x/libsam_sam3x8e_gcc_rel.a(uotghs_device.o)
                0x000856a8                UDD_ClearSetupInt
 .text.UDD_Send
                0x000856b8       0x88 C:\Users\houqh13\AppData\Local\arduino15\packages\arduino\hardware\sam\1.6.11\variants\arduino_due_x/libsam_sam3x8e_gcc_rel.a(uotghs_device.o)
                0x000856b8                UDD_Send
 .text.UDD_Send8
                0x00085740       0x24 C:\Users\houqh13\AppData\Local\arduino15\packages\arduino\hardware\sam\1.6.11\variants\arduino_due_x/libsam_sam3x8e_gcc_rel.a(uotghs_device.o)
                0x00085740                UDD_Send8
 .text.UDD_Recv8
                0x00085764       0x28 C:\Users\houqh13\AppData\Local\arduino15\packages\arduino\hardware\sam\1.6.11\variants\arduino_due_x/libsam_sam3x8e_gcc_rel.a(uotghs_device.o)
                0x00085764                UDD_Recv8
 .text.UDD_Recv
                0x0008578c       0x34 C:\Users\houqh13\AppData\Local\arduino15\packages\arduino\hardware\sam\1.6.11\variants\arduino_due_x/libsam_sam3x8e_gcc_rel.a(uotghs_device.o)
                0x0008578c                UDD_Recv
 .text.UDD_Stall
                0x000857c0       0x14 C:\Users\houqh13\AppData\Local\arduino15\packages\arduino\hardware\sam\1.6.11\variants\arduino_due_x/libsam_sam3x8e_gcc_rel.a(uotghs_device.o)
                0x000857c0                UDD_Stall
 .text.UDD_FifoByteCount
                0x000857d4       0x14 C:\Users\houqh13\AppData\Local\arduino15\packages\arduino\hardware\sam\1.6.11\variants\arduino_due_x/libsam_sam3x8e_gcc_rel.a(uotghs_device.o)
                0x000857d4                UDD_FifoByteCount
 .text.UDD_ReleaseRX
                0x000857e8       0x28 C:\Users\houqh13\AppData\Local\arduino15\packages\arduino\hardware\sam\1.6.11\variants\arduino_due_x/libsam_sam3x8e_gcc_rel.a(uotghs_device.o)
                0x000857e8                UDD_ReleaseRX
 .text.UDD_ReleaseTX
                0x00085810       0x28 C:\Users\houqh13\AppData\Local\arduino15\packages\arduino\hardware\sam\1.6.11\variants\arduino_due_x/libsam_sam3x8e_gcc_rel.a(uotghs_device.o)
                0x00085810                UDD_ReleaseTX
 .text.UDD_SetAddress
                0x00085838       0x20 C:\Users\houqh13\AppData\Local\arduino15\packages\arduino\hardware\sam\1.6.11\variants\arduino_due_x/libsam_sam3x8e_gcc_rel.a(uotghs_device.o)
                0x00085838                UDD_SetAddress
 .text.atan     0x00085858      0x350 c:/users/houqh13/appdata/local/arduino15/packages/arduino/tools/arm-none-eabi-gcc/4.8.3-2014q1/bin/../lib/gcc/arm-none-eabi/4.8.3/../../../../arm-none-eabi/lib/armv7-m\libm.a(lib_a-s_atan.o)
                0x00085858                atan
 .text.cos      0x00085ba8       0x8c c:/users/houqh13/appdata/local/arduino15/packages/arduino/tools/arm-none-eabi-gcc/4.8.3-2014q1/bin/../lib/gcc/arm-none-eabi/4.8.3/../../../../arm-none-eabi/lib/armv7-m\libm.a(lib_a-s_cos.o)
                0x00085ba8                cos
 .text.fabs     0x00085c34        0x8 c:/users/houqh13/appdata/local/arduino15/packages/arduino/tools/arm-none-eabi-gcc/4.8.3-2014q1/bin/../lib/gcc/arm-none-eabi/4.8.3/../../../../arm-none-eabi/lib/armv7-m\libm.a(lib_a-s_fabs.o)
                0x00085c34                fabs
 .text.__fpclassifyd
                0x00085c3c       0x50 c:/users/houqh13/appdata/local/arduino15/packages/arduino/tools/arm-none-eabi-gcc/4.8.3-2014q1/bin/../lib/gcc/arm-none-eabi/4.8.3/../../../../arm-none-eabi/lib/armv7-m\libm.a(lib_a-s_fpclassify.o)
                0x00085c3c                __fpclassifyd
 .text.sin      0x00085c8c       0x94 c:/users/houqh13/appdata/local/arduino15/packages/arduino/tools/arm-none-eabi-gcc/4.8.3-2014q1/bin/../lib/gcc/arm-none-eabi/4.8.3/../../../../arm-none-eabi/lib/armv7-m\libm.a(lib_a-s_sin.o)
                0x00085c8c                sin
 .text.acos     0x00085d20       0xa8 c:/users/houqh13/appdata/local/arduino15/packages/arduino/tools/arm-none-eabi-gcc/4.8.3-2014q1/bin/../lib/gcc/arm-none-eabi/4.8.3/../../../../arm-none-eabi/lib/armv7-m\libm.a(lib_a-w_acos.o)
                0x00085d20                acos
 .text.sqrt     0x00085dc8       0xac c:/users/houqh13/appdata/local/arduino15/packages/arduino/tools/arm-none-eabi-gcc/4.8.3-2014q1/bin/../lib/gcc/arm-none-eabi/4.8.3/../../../../arm-none-eabi/lib/armv7-m\libm.a(lib_a-w_sqrt.o)
                0x00085dc8                sqrt
 *fill*         0x00085e74        0x4 
 .text.__ieee754_acos
                0x00085e78      0x4b8 c:/users/houqh13/appdata/local/arduino15/packages/arduino/tools/arm-none-eabi-gcc/4.8.3-2014q1/bin/../lib/gcc/arm-none-eabi/4.8.3/../../../../arm-none-eabi/lib/armv7-m\libm.a(lib_a-e_acos.o)
                0x00085e78                __ieee754_acos
 .text.__ieee754_rem_pio2
                0x00086330      0x440 c:/users/houqh13/appdata/local/arduino15/packages/arduino/tools/arm-none-eabi-gcc/4.8.3-2014q1/bin/../lib/gcc/arm-none-eabi/4.8.3/../../../../arm-none-eabi/lib/armv7-m\libm.a(lib_a-e_rem_pio2.o)
                0x00086330                __ieee754_rem_pio2
 .text.__ieee754_sqrt
                0x00086770      0x180 c:/users/houqh13/appdata/local/arduino15/packages/arduino/tools/arm-none-eabi-gcc/4.8.3-2014q1/bin/../lib/gcc/arm-none-eabi/4.8.3/../../../../arm-none-eabi/lib/armv7-m\libm.a(lib_a-e_sqrt.o)
                0x00086770                __ieee754_sqrt
 .text.__kernel_cos
                0x000868f0      0x248 c:/users/houqh13/appdata/local/arduino15/packages/arduino/tools/arm-none-eabi-gcc/4.8.3-2014q1/bin/../lib/gcc/arm-none-eabi/4.8.3/../../../../arm-none-eabi/lib/armv7-m\libm.a(lib_a-k_cos.o)
                0x000868f0                __kernel_cos
 .text.__kernel_rem_pio2
                0x00086b38      0x7bc c:/users/houqh13/appdata/local/arduino15/packages/arduino/tools/arm-none-eabi-gcc/4.8.3-2014q1/bin/../lib/gcc/arm-none-eabi/4.8.3/../../../../arm-none-eabi/lib/armv7-m\libm.a(lib_a-k_rem_pio2.o)
                0x00086b38                __kernel_rem_pio2
 *fill*         0x000872f4        0x4 
 .text.__kernel_sin
                0x000872f8      0x170 c:/users/houqh13/appdata/local/arduino15/packages/arduino/tools/arm-none-eabi-gcc/4.8.3-2014q1/bin/../lib/gcc/arm-none-eabi/4.8.3/../../../../arm-none-eabi/lib/armv7-m\libm.a(lib_a-k_sin.o)
                0x000872f8                __kernel_sin
 .text.floor    0x00087468      0x120 c:/users/houqh13/appdata/local/arduino15/packages/arduino/tools/arm-none-eabi-gcc/4.8.3-2014q1/bin/../lib/gcc/arm-none-eabi/4.8.3/../../../../arm-none-eabi/lib/armv7-m\libm.a(lib_a-s_floor.o)
                0x00087468                floor
 .text.matherr  0x00087588        0x4 c:/users/houqh13/appdata/local/arduino15/packages/arduino/tools/arm-none-eabi-gcc/4.8.3-2014q1/bin/../lib/gcc/arm-none-eabi/4.8.3/../../../../arm-none-eabi/lib/armv7-m\libm.a(lib_a-s_matherr.o)
                0x00087588                matherr
 .text.nan      0x0008758c        0xc c:/users/houqh13/appdata/local/arduino15/packages/arduino/tools/arm-none-eabi-gcc/4.8.3-2014q1/bin/../lib/gcc/arm-none-eabi/4.8.3/../../../../arm-none-eabi/lib/armv7-m\libm.a(lib_a-s_nan.o)
                0x0008758c                nan
 .text.scalbn   0x00087598      0x100 c:/users/houqh13/appdata/local/arduino15/packages/arduino/tools/arm-none-eabi-gcc/4.8.3-2014q1/bin/../lib/gcc/arm-none-eabi/4.8.3/../../../../arm-none-eabi/lib/armv7-m\libm.a(lib_a-s_scalbn.o)
                0x00087598                scalbn
 .text.copysign
                0x00087698       0x14 c:/users/houqh13/appdata/local/arduino15/packages/arduino/tools/arm-none-eabi-gcc/4.8.3-2014q1/bin/../lib/gcc/arm-none-eabi/4.8.3/../../../../arm-none-eabi/lib/armv7-m\libm.a(lib_a-s_copysign.o)
                0x00087698                copysign
 .text          0x000876ac      0x370 c:/users/houqh13/appdata/local/arduino15/packages/arduino/tools/arm-none-eabi-gcc/4.8.3-2014q1/bin/../lib/gcc/arm-none-eabi/4.8.3/armv7-m\libgcc.a(_arm_addsubdf3.o)
                0x000876ac                __aeabi_drsub
                0x000876b4                __aeabi_dsub
                0x000876b4                __subdf3
                0x000876b8                __aeabi_dadd
                0x000876b8                __adddf3
                0x00087930                __floatunsidf
                0x00087930                __aeabi_ui2d
                0x00087950                __floatsidf
                0x00087950                __aeabi_i2d
                0x00087974                __aeabi_f2d
                0x00087974                __extendsfdf2
                0x000879b0                __floatundidf
                0x000879b0                __aeabi_ul2d
                0x000879c0                __floatdidf
                0x000879c0                __aeabi_l2d
 .text          0x00087a1c      0x424 c:/users/houqh13/appdata/local/arduino15/packages/arduino/tools/arm-none-eabi-gcc/4.8.3-2014q1/bin/../lib/gcc/arm-none-eabi/4.8.3/armv7-m\libgcc.a(_arm_muldivdf3.o)
                0x00087a1c                __aeabi_dmul
                0x00087a1c                __muldf3
                0x00087c70                __divdf3
                0x00087c70                __aeabi_ddiv
 .text          0x00087e40      0x110 c:/users/houqh13/appdata/local/arduino15/packages/arduino/tools/arm-none-eabi-gcc/4.8.3-2014q1/bin/../lib/gcc/arm-none-eabi/4.8.3/armv7-m\libgcc.a(_arm_cmpdf2.o)
                0x00087e40                __gtdf2
                0x00087e40                __gedf2
                0x00087e48                __ltdf2
                0x00087e48                __ledf2
                0x00087e50                __nedf2
                0x00087e50                __eqdf2
                0x00087e50                __cmpdf2
                0x00087ecc                __aeabi_cdrcmple
                0x00087edc                __aeabi_cdcmpeq
                0x00087edc                __aeabi_cdcmple
                0x00087eec                __aeabi_dcmpeq
                0x00087f00                __aeabi_dcmplt
                0x00087f14                __aeabi_dcmple
                0x00087f28                __aeabi_dcmpge
                0x00087f3c                __aeabi_dcmpgt
 .text          0x00087f50       0x50 c:/users/houqh13/appdata/local/arduino15/packages/arduino/tools/arm-none-eabi-gcc/4.8.3-2014q1/bin/../lib/gcc/arm-none-eabi/4.8.3/armv7-m\libgcc.a(_arm_fixdfsi.o)
                0x00087f50                __aeabi_d2iz
                0x00087f50                __fixdfsi
 .text          0x00087fa0       0x40 c:/users/houqh13/appdata/local/arduino15/packages/arduino/tools/arm-none-eabi-gcc/4.8.3-2014q1/bin/../lib/gcc/arm-none-eabi/4.8.3/armv7-m\libgcc.a(_arm_fixunsdfsi.o)
                0x00087fa0                __aeabi_d2uiz
                0x00087fa0                __fixunsdfsi
 .text.__assert_func
                0x00087fe0       0x3c c:/users/houqh13/appdata/local/arduino15/packages/arduino/tools/arm-none-eabi-gcc/4.8.3-2014q1/bin/../lib/gcc/arm-none-eabi/4.8.3/../../../../arm-none-eabi/lib/armv7-m\libg.a(lib_a-assert.o)
                0x00087fe0                __assert_func
 .text.atol     0x0008801c        0x8 c:/users/houqh13/appdata/local/arduino15/packages/arduino/tools/arm-none-eabi-gcc/4.8.3-2014q1/bin/../lib/gcc/arm-none-eabi/4.8.3/../../../../arm-none-eabi/lib/armv7-m\libg.a(lib_a-atol.o)
                0x0008801c                atol
 .text.__errno  0x00088024        0xc c:/users/houqh13/appdata/local/arduino15/packages/arduino/tools/arm-none-eabi-gcc/4.8.3-2014q1/bin/../lib/gcc/arm-none-eabi/4.8.3/../../../../arm-none-eabi/lib/armv7-m\libg.a(lib_a-errno.o)
                0x00088024                __errno
 .text.fiprintf
                0x00088030       0x28 c:/users/houqh13/appdata/local/arduino15/packages/arduino/tools/arm-none-eabi-gcc/4.8.3-2014q1/bin/../lib/gcc/arm-none-eabi/4.8.3/../../../../arm-none-eabi/lib/armv7-m\libg.a(lib_a-fiprintf.o)
                0x00088030                fiprintf
 .text.__libc_init_array
                0x00088058       0x50 c:/users/houqh13/appdata/local/arduino15/packages/arduino/tools/arm-none-eabi-gcc/4.8.3-2014q1/bin/../lib/gcc/arm-none-eabi/4.8.3/../../../../arm-none-eabi/lib/armv7-m\libg.a(lib_a-init.o)
                0x00088058                __libc_init_array
 .text.iprintf  0x000880a8       0x28 c:/users/houqh13/appdata/local/arduino15/packages/arduino/tools/arm-none-eabi-gcc/4.8.3-2014q1/bin/../lib/gcc/arm-none-eabi/4.8.3/../../../../arm-none-eabi/lib/armv7-m\libg.a(lib_a-iprintf.o)
                0x000880a8                iprintf
 .text.malloc   0x000880d0       0x10 c:/users/houqh13/appdata/local/arduino15/packages/arduino/tools/arm-none-eabi-gcc/4.8.3-2014q1/bin/../lib/gcc/arm-none-eabi/4.8.3/../../../../arm-none-eabi/lib/armv7-m\libg.a(lib_a-malloc.o)
                0x000880d0                malloc
 .text.free     0x000880e0       0x10 c:/users/houqh13/appdata/local/arduino15/packages/arduino/tools/arm-none-eabi-gcc/4.8.3-2014q1/bin/../lib/gcc/arm-none-eabi/4.8.3/../../../../arm-none-eabi/lib/armv7-m\libg.a(lib_a-malloc.o)
                0x000880e0                free
 .text._malloc_r
                0x000880f0      0x538 c:/users/houqh13/appdata/local/arduino15/packages/arduino/tools/arm-none-eabi-gcc/4.8.3-2014q1/bin/../lib/gcc/arm-none-eabi/4.8.3/../../../../arm-none-eabi/lib/armv7-m\libg.a(lib_a-mallocr.o)
                0x000880f0                _malloc_r
 .text          0x00088628       0xec c:/users/houqh13/appdata/local/arduino15/packages/arduino/tools/arm-none-eabi-gcc/4.8.3-2014q1/bin/../lib/gcc/arm-none-eabi/4.8.3/../../../../arm-none-eabi/lib/armv7-m\libg.a(lib_a-memcpy.o)
                0x00088628                memcpy
 .text.memmove  0x00088714       0xcc c:/users/houqh13/appdata/local/arduino15/packages/arduino/tools/arm-none-eabi-gcc/4.8.3-2014q1/bin/../lib/gcc/arm-none-eabi/4.8.3/../../../../arm-none-eabi/lib/armv7-m\libg.a(lib_a-memmove.o)
                0x00088714                memmove
 .text.memset   0x000887e0       0x94 c:/users/houqh13/appdata/local/arduino15/packages/arduino/tools/arm-none-eabi-gcc/4.8.3-2014q1/bin/../lib/gcc/arm-none-eabi/4.8.3/../../../../arm-none-eabi/lib/armv7-m\libg.a(lib_a-memset.o)
                0x000887e0                memset
 .text.__malloc_lock
                0x00088874        0x4 c:/users/houqh13/appdata/local/arduino15/packages/arduino/tools/arm-none-eabi-gcc/4.8.3-2014q1/bin/../lib/gcc/arm-none-eabi/4.8.3/../../../../arm-none-eabi/lib/armv7-m\libg.a(lib_a-mlock.o)
                0x00088874                __malloc_lock
 .text.__malloc_unlock
                0x00088878        0x4 c:/users/houqh13/appdata/local/arduino15/packages/arduino/tools/arm-none-eabi-gcc/4.8.3-2014q1/bin/../lib/gcc/arm-none-eabi/4.8.3/../../../../arm-none-eabi/lib/armv7-m\libg.a(lib_a-mlock.o)
                0x00088878                __malloc_unlock
 .text.realloc  0x0008887c       0x10 c:/users/houqh13/appdata/local/arduino15/packages/arduino/tools/arm-none-eabi-gcc/4.8.3-2014q1/bin/../lib/gcc/arm-none-eabi/4.8.3/../../../../arm-none-eabi/lib/armv7-m\libg.a(lib_a-realloc.o)
                0x0008887c                realloc
 .text._realloc_r
                0x0008888c      0x3c0 c:/users/houqh13/appdata/local/arduino15/packages/arduino/tools/arm-none-eabi-gcc/4.8.3-2014q1/bin/../lib/gcc/arm-none-eabi/4.8.3/../../../../arm-none-eabi/lib/armv7-m\libg.a(lib_a-reallocr.o)
                0x0008888c                _realloc_r
 .text._sbrk_r  0x00088c4c       0x24 c:/users/houqh13/appdata/local/arduino15/packages/arduino/tools/arm-none-eabi-gcc/4.8.3-2014q1/bin/../lib/gcc/arm-none-eabi/4.8.3/../../../../arm-none-eabi/lib/armv7-m\libg.a(lib_a-sbrkr.o)
                0x00088c4c                _sbrk_r
 .text.strcpy   0x00088c70       0xbc c:/users/houqh13/appdata/local/arduino15/packages/arduino/tools/arm-none-eabi-gcc/4.8.3-2014q1/bin/../lib/gcc/arm-none-eabi/4.8.3/../../../../arm-none-eabi/lib/armv7-m\libg.a(lib_a-strcpy.o)
                0x00088c70                strcpy
 .text.strlen   0x00088d2c       0x60 c:/users/houqh13/appdata/local/arduino15/packages/arduino/tools/arm-none-eabi-gcc/4.8.3-2014q1/bin/../lib/gcc/arm-none-eabi/4.8.3/../../../../arm-none-eabi/lib/armv7-m\libg.a(lib_a-strlen.o)
                0x00088d2c                strlen
 .text._strtol_r
                0x00088d8c      0x114 c:/users/houqh13/appdata/local/arduino15/packages/arduino/tools/arm-none-eabi-gcc/4.8.3-2014q1/bin/../lib/gcc/arm-none-eabi/4.8.3/../../../../arm-none-eabi/lib/armv7-m\libg.a(lib_a-strtol.o)
                0x00088d8c                _strtol_r
 .text.strtol   0x00088ea0       0x18 c:/users/houqh13/appdata/local/arduino15/packages/arduino/tools/arm-none-eabi-gcc/4.8.3-2014q1/bin/../lib/gcc/arm-none-eabi/4.8.3/../../../../arm-none-eabi/lib/armv7-m\libg.a(lib_a-strtol.o)
                0x00088ea0                strtol
 .text.kill     0x00088eb8       0x10 c:/users/houqh13/appdata/local/arduino15/packages/arduino/tools/arm-none-eabi-gcc/4.8.3-2014q1/bin/../lib/gcc/arm-none-eabi/4.8.3/../../../../arm-none-eabi/lib/armv7-m\libg.a(lib_a-syskill.o)
                0x00088eb8                kill
 .text.__sprint_r.part.0
                0x00088ec8       0x78 c:/users/houqh13/appdata/local/arduino15/packages/arduino/tools/arm-none-eabi-gcc/4.8.3-2014q1/bin/../lib/gcc/arm-none-eabi/4.8.3/../../../../arm-none-eabi/lib/armv7-m\libg.a(lib_a-vfiprintf.o)
 .text._vfiprintf_r
                0x00088f40      0xc54 c:/users/houqh13/appdata/local/arduino15/packages/arduino/tools/arm-none-eabi-gcc/4.8.3-2014q1/bin/../lib/gcc/arm-none-eabi/4.8.3/../../../../arm-none-eabi/lib/armv7-m\libg.a(lib_a-vfiprintf.o)
                0x00088f40                _vfiprintf_r
 .text.__sbprintf
                0x00089b94       0x7c c:/users/houqh13/appdata/local/arduino15/packages/arduino/tools/arm-none-eabi-gcc/4.8.3-2014q1/bin/../lib/gcc/arm-none-eabi/4.8.3/../../../../arm-none-eabi/lib/armv7-m\libg.a(lib_a-vfiprintf.o)
 .text.__swsetup_r
                0x00089c10       0xc4 c:/users/houqh13/appdata/local/arduino15/packages/arduino/tools/arm-none-eabi-gcc/4.8.3-2014q1/bin/../lib/gcc/arm-none-eabi/4.8.3/../../../../arm-none-eabi/lib/armv7-m\libg.a(lib_a-wsetup.o)
                0x00089c10                __swsetup_r
 .text.startup.register_fini
                0x00089cd4       0x14 c:/users/houqh13/appdata/local/arduino15/packages/arduino/tools/arm-none-eabi-gcc/4.8.3-2014q1/bin/../lib/gcc/arm-none-eabi/4.8.3/../../../../arm-none-eabi/lib/armv7-m\libg.a(lib_a-__call_atexit.o)
 .text.abort    0x00089ce8       0x10 c:/users/houqh13/appdata/local/arduino15/packages/arduino/tools/arm-none-eabi-gcc/4.8.3-2014q1/bin/../lib/gcc/arm-none-eabi/4.8.3/../../../../arm-none-eabi/lib/armv7-m\libg.a(lib_a-abort.o)
                0x00089ce8                abort
 .text.atexit   0x00089cf8        0xc c:/users/houqh13/appdata/local/arduino15/packages/arduino/tools/arm-none-eabi-gcc/4.8.3-2014q1/bin/../lib/gcc/arm-none-eabi/4.8.3/../../../../arm-none-eabi/lib/armv7-m\libg.a(lib_a-atexit.o)
                0x00089cf8                atexit
 .text.__sflush_r
                0x00089d04      0x148 c:/users/houqh13/appdata/local/arduino15/packages/arduino/tools/arm-none-eabi-gcc/4.8.3-2014q1/bin/../lib/gcc/arm-none-eabi/4.8.3/../../../../arm-none-eabi/lib/armv7-m\libg.a(lib_a-fflush.o)
                0x00089d04                __sflush_r
 .text._fflush_r
                0x00089e4c       0x2c c:/users/houqh13/appdata/local/arduino15/packages/arduino/tools/arm-none-eabi-gcc/4.8.3-2014q1/bin/../lib/gcc/arm-none-eabi/4.8.3/../../../../arm-none-eabi/lib/armv7-m\libg.a(lib_a-fflush.o)
                0x00089e4c                _fflush_r
 .text._cleanup_r
                0x00089e78        0xc c:/users/houqh13/appdata/local/arduino15/packages/arduino/tools/arm-none-eabi-gcc/4.8.3-2014q1/bin/../lib/gcc/arm-none-eabi/4.8.3/../../../../arm-none-eabi/lib/armv7-m\libg.a(lib_a-findfp.o)
                0x00089e78                _cleanup_r
 .text.__sinit  0x00089e84       0xf4 c:/users/houqh13/appdata/local/arduino15/packages/arduino/tools/arm-none-eabi-gcc/4.8.3-2014q1/bin/../lib/gcc/arm-none-eabi/4.8.3/../../../../arm-none-eabi/lib/armv7-m\libg.a(lib_a-findfp.o)
                0x00089e84                __sinit
 .text.__sfp_lock_acquire
                0x00089f78        0x4 c:/users/houqh13/appdata/local/arduino15/packages/arduino/tools/arm-none-eabi-gcc/4.8.3-2014q1/bin/../lib/gcc/arm-none-eabi/4.8.3/../../../../arm-none-eabi/lib/armv7-m\libg.a(lib_a-findfp.o)
                0x00089f78                __sfp_lock_acquire
 .text.__sfp_lock_release
                0x00089f7c        0x4 c:/users/houqh13/appdata/local/arduino15/packages/arduino/tools/arm-none-eabi-gcc/4.8.3-2014q1/bin/../lib/gcc/arm-none-eabi/4.8.3/../../../../arm-none-eabi/lib/armv7-m\libg.a(lib_a-findfp.o)
                0x00089f7c                __sfp_lock_release
 .text.__libc_fini_array
                0x00089f80       0x30 c:/users/houqh13/appdata/local/arduino15/packages/arduino/tools/arm-none-eabi-gcc/4.8.3-2014q1/bin/../lib/gcc/arm-none-eabi/4.8.3/../../../../arm-none-eabi/lib/armv7-m\libg.a(lib_a-fini.o)
                0x00089f80                __libc_fini_array
 .text._fputwc_r
                0x00089fb0       0xc0 c:/users/houqh13/appdata/local/arduino15/packages/arduino/tools/arm-none-eabi-gcc/4.8.3-2014q1/bin/../lib/gcc/arm-none-eabi/4.8.3/../../../../arm-none-eabi/lib/armv7-m\libg.a(lib_a-fputwc.o)
                0x00089fb0                _fputwc_r
 .text._malloc_trim_r
                0x0008a070       0x9c c:/users/houqh13/appdata/local/arduino15/packages/arduino/tools/arm-none-eabi-gcc/4.8.3-2014q1/bin/../lib/gcc/arm-none-eabi/4.8.3/../../../../arm-none-eabi/lib/armv7-m\libg.a(lib_a-freer.o)
                0x0008a070                _malloc_trim_r
 .text._free_r  0x0008a10c      0x198 c:/users/houqh13/appdata/local/arduino15/packages/arduino/tools/arm-none-eabi-gcc/4.8.3-2014q1/bin/../lib/gcc/arm-none-eabi/4.8.3/../../../../arm-none-eabi/lib/armv7-m\libg.a(lib_a-freer.o)
                0x0008a10c                _free_r
 .text.__sfvwrite_r
                0x0008a2a4      0x314 c:/users/houqh13/appdata/local/arduino15/packages/arduino/tools/arm-none-eabi-gcc/4.8.3-2014q1/bin/../lib/gcc/arm-none-eabi/4.8.3/../../../../arm-none-eabi/lib/armv7-m\libg.a(lib_a-fvwrite.o)
                0x0008a2a4                __sfvwrite_r
 .text._fwalk   0x0008a5b8       0x48 c:/users/houqh13/appdata/local/arduino15/packages/arduino/tools/arm-none-eabi-gcc/4.8.3-2014q1/bin/../lib/gcc/arm-none-eabi/4.8.3/../../../../arm-none-eabi/lib/armv7-m\libg.a(lib_a-fwalk.o)
                0x0008a5b8                _fwalk
 .text.__locale_charset
                0x0008a600        0x8 c:/users/houqh13/appdata/local/arduino15/packages/arduino/tools/arm-none-eabi-gcc/4.8.3-2014q1/bin/../lib/gcc/arm-none-eabi/4.8.3/../../../../arm-none-eabi/lib/armv7-m\libg.a(lib_a-locale.o)
                0x0008a600                __locale_charset
 .text.__locale_mb_cur_max
                0x0008a608        0xc c:/users/houqh13/appdata/local/arduino15/packages/arduino/tools/arm-none-eabi-gcc/4.8.3-2014q1/bin/../lib/gcc/arm-none-eabi/4.8.3/../../../../arm-none-eabi/lib/armv7-m\libg.a(lib_a-locale.o)
                0x0008a608                __locale_mb_cur_max
 .text.__smakebuf_r
                0x0008a614       0xe0 c:/users/houqh13/appdata/local/arduino15/packages/arduino/tools/arm-none-eabi-gcc/4.8.3-2014q1/bin/../lib/gcc/arm-none-eabi/4.8.3/../../../../arm-none-eabi/lib/armv7-m\libg.a(lib_a-makebuf.o)
                0x0008a614                __smakebuf_r
 .text.memchr   0x0008a6f4       0x94 c:/users/houqh13/appdata/local/arduino15/packages/arduino/tools/arm-none-eabi-gcc/4.8.3-2014q1/bin/../lib/gcc/arm-none-eabi/4.8.3/../../../../arm-none-eabi/lib/armv7-m\libg.a(lib_a-memchr-stub.o)
                0x0008a6f4                memchr
 .text._raise_r
                0x0008a788       0x58 c:/users/houqh13/appdata/local/arduino15/packages/arduino/tools/arm-none-eabi-gcc/4.8.3-2014q1/bin/../lib/gcc/arm-none-eabi/4.8.3/../../../../arm-none-eabi/lib/armv7-m\libg.a(lib_a-signal.o)
                0x0008a788                _raise_r
 .text.raise    0x0008a7e0       0x10 c:/users/houqh13/appdata/local/arduino15/packages/arduino/tools/arm-none-eabi-gcc/4.8.3-2014q1/bin/../lib/gcc/arm-none-eabi/4.8.3/../../../../arm-none-eabi/lib/armv7-m\libg.a(lib_a-signal.o)
                0x0008a7e0                raise
 .text._kill_r  0x0008a7f0       0x28 c:/users/houqh13/appdata/local/arduino15/packages/arduino/tools/arm-none-eabi-gcc/4.8.3-2014q1/bin/../lib/gcc/arm-none-eabi/4.8.3/../../../../arm-none-eabi/lib/armv7-m\libg.a(lib_a-signalr.o)
                0x0008a7f0                _kill_r
 .text._getpid_r
                0x0008a818        0x4 c:/users/houqh13/appdata/local/arduino15/packages/arduino/tools/arm-none-eabi-gcc/4.8.3-2014q1/bin/../lib/gcc/arm-none-eabi/4.8.3/../../../../arm-none-eabi/lib/armv7-m\libg.a(lib_a-signalr.o)
                0x0008a818                _getpid_r
 .text.__sread  0x0008a81c       0x24 c:/users/houqh13/appdata/local/arduino15/packages/arduino/tools/arm-none-eabi-gcc/4.8.3-2014q1/bin/../lib/gcc/arm-none-eabi/4.8.3/../../../../arm-none-eabi/lib/armv7-m\libg.a(lib_a-stdio.o)
                0x0008a81c                __sread
 .text.__swrite
                0x0008a840       0x38 c:/users/houqh13/appdata/local/arduino15/packages/arduino/tools/arm-none-eabi-gcc/4.8.3-2014q1/bin/../lib/gcc/arm-none-eabi/4.8.3/../../../../arm-none-eabi/lib/armv7-m\libg.a(lib_a-stdio.o)
                0x0008a840                __swrite
 .text.__sseek  0x0008a878       0x20 c:/users/houqh13/appdata/local/arduino15/packages/arduino/tools/arm-none-eabi-gcc/4.8.3-2014q1/bin/../lib/gcc/arm-none-eabi/4.8.3/../../../../arm-none-eabi/lib/armv7-m\libg.a(lib_a-stdio.o)
                0x0008a878                __sseek
 .text.__sclose
                0x0008a898        0x8 c:/users/houqh13/appdata/local/arduino15/packages/arduino/tools/arm-none-eabi-gcc/4.8.3-2014q1/bin/../lib/gcc/arm-none-eabi/4.8.3/../../../../arm-none-eabi/lib/armv7-m\libg.a(lib_a-stdio.o)
                0x0008a898                __sclose
 .text.__swbuf_r
                0x0008a8a0       0xa8 c:/users/houqh13/appdata/local/arduino15/packages/arduino/tools/arm-none-eabi-gcc/4.8.3-2014q1/bin/../lib/gcc/arm-none-eabi/4.8.3/../../../../arm-none-eabi/lib/armv7-m\libg.a(lib_a-wbuf.o)
                0x0008a8a0                __swbuf_r
 .text._wcrtomb_r
                0x0008a948       0x50 c:/users/houqh13/appdata/local/arduino15/packages/arduino/tools/arm-none-eabi-gcc/4.8.3-2014q1/bin/../lib/gcc/arm-none-eabi/4.8.3/../../../../arm-none-eabi/lib/armv7-m\libg.a(lib_a-wcrtomb.o)
                0x0008a948                _wcrtomb_r
 .text.__ascii_wctomb
                0x0008a998       0x1c c:/users/houqh13/appdata/local/arduino15/packages/arduino/tools/arm-none-eabi-gcc/4.8.3-2014q1/bin/../lib/gcc/arm-none-eabi/4.8.3/../../../../arm-none-eabi/lib/armv7-m\libg.a(lib_a-wctomb_r.o)
                0x0008a998                __ascii_wctomb
 .text._write_r
                0x0008a9b4       0x28 c:/users/houqh13/appdata/local/arduino15/packages/arduino/tools/arm-none-eabi-gcc/4.8.3-2014q1/bin/../lib/gcc/arm-none-eabi/4.8.3/../../../../arm-none-eabi/lib/armv7-m\libg.a(lib_a-writer.o)
                0x0008a9b4                _write_r
 .text.__register_exitproc
                0x0008a9dc       0xa8 c:/users/houqh13/appdata/local/arduino15/packages/arduino/tools/arm-none-eabi-gcc/4.8.3-2014q1/bin/../lib/gcc/arm-none-eabi/4.8.3/../../../../arm-none-eabi/lib/armv7-m\libg.a(lib_a-__atexit.o)
                0x0008a9dc                __register_exitproc
 .text._close_r
                0x0008aa84       0x24 c:/users/houqh13/appdata/local/arduino15/packages/arduino/tools/arm-none-eabi-gcc/4.8.3-2014q1/bin/../lib/gcc/arm-none-eabi/4.8.3/../../../../arm-none-eabi/lib/armv7-m\libg.a(lib_a-closer.o)
                0x0008aa84                _close_r
 .text._fclose_r
                0x0008aaa8       0x80 c:/users/houqh13/appdata/local/arduino15/packages/arduino/tools/arm-none-eabi-gcc/4.8.3-2014q1/bin/../lib/gcc/arm-none-eabi/4.8.3/../../../../arm-none-eabi/lib/armv7-m\libg.a(lib_a-fclose.o)
                0x0008aaa8                _fclose_r
 .text.fclose   0x0008ab28       0x10 c:/users/houqh13/appdata/local/arduino15/packages/arduino/tools/arm-none-eabi-gcc/4.8.3-2014q1/bin/../lib/gcc/arm-none-eabi/4.8.3/../../../../arm-none-eabi/lib/armv7-m\libg.a(lib_a-fclose.o)
                0x0008ab28                fclose
 .text._fstat_r
                0x0008ab38       0x28 c:/users/houqh13/appdata/local/arduino15/packages/arduino/tools/arm-none-eabi-gcc/4.8.3-2014q1/bin/../lib/gcc/arm-none-eabi/4.8.3/../../../../arm-none-eabi/lib/armv7-m\libg.a(lib_a-fstatr.o)
                0x0008ab38                _fstat_r
 .text._isatty_r
                0x0008ab60       0x24 c:/users/houqh13/appdata/local/arduino15/packages/arduino/tools/arm-none-eabi-gcc/4.8.3-2014q1/bin/../lib/gcc/arm-none-eabi/4.8.3/../../../../arm-none-eabi/lib/armv7-m\libg.a(lib_a-isattyr.o)
                0x0008ab60                _isatty_r
 .text._lseek_r
                0x0008ab84       0x28 c:/users/houqh13/appdata/local/arduino15/packages/arduino/tools/arm-none-eabi-gcc/4.8.3-2014q1/bin/../lib/gcc/arm-none-eabi/4.8.3/../../../../arm-none-eabi/lib/armv7-m\libg.a(lib_a-lseekr.o)
                0x0008ab84                _lseek_r
 .text._read_r  0x0008abac       0x28 c:/users/houqh13/appdata/local/arduino15/packages/arduino/tools/arm-none-eabi-gcc/4.8.3-2014q1/bin/../lib/gcc/arm-none-eabi/4.8.3/../../../../arm-none-eabi/lib/armv7-m\libg.a(lib_a-readr.o)
                0x0008abac                _read_r
 .text          0x0008abd4       0x2c c:/users/houqh13/appdata/local/arduino15/packages/arduino/tools/arm-none-eabi-gcc/4.8.3-2014q1/bin/../lib/gcc/arm-none-eabi/4.8.3/armv7-m\libgcc.a(_aeabi_uldivmod.o)
                0x0008abd4                __aeabi_uldivmod
 .text          0x0008ac00       0x60 c:/users/houqh13/appdata/local/arduino15/packages/arduino/tools/arm-none-eabi-gcc/4.8.3-2014q1/bin/../lib/gcc/arm-none-eabi/4.8.3/armv7-m\libgcc.a(bpabi.o)
                0x0008ac00                __gnu_ldivmod_helper
                0x0008ac30                __gnu_uldivmod_helper