Archive member included because of file (symbol)

C:\Users\houqh13\AppData\Local\Temp\VMBuilds\SoftwareSystem\arduino_due_x_dbg\Debug\Arm7Bot\Arm7Bot.a(Arm7Bot.cpp.o)
                              C:\Users\houqh13\AppData\Local\Temp\VMBuilds\SoftwareSystem\arduino_due_x_dbg\Debug\SoftwareSystem.cpp.o (Arm7Bot::setOffsets(double*))
C:\Users\houqh13\AppData\Local\Temp\VMBuilds\SoftwareSystem\arduino_due_x_dbg\Debug\Arm7Bot\Arm7Bot.a(ForceFilter.cpp.o)
                              C:\Users\houqh13\AppData\Local\Temp\VMBuilds\SoftwareSystem\arduino_due_x_dbg\Debug\Arm7Bot\Arm7Bot.a(Arm7Bot.cpp.o) (ForceFilter::ForceFilter())
C:\Users\houqh13\AppData\Local\Temp\VMBuilds\SoftwareSystem\arduino_due_x_dbg\Debug\Arm7Bot\Arm7Bot.a(MedianFilter.cpp.o)
                              C:\Users\houqh13\AppData\Local\Temp\VMBuilds\SoftwareSystem\arduino_due_x_dbg\Debug\Arm7Bot\Arm7Bot.a(Arm7Bot.cpp.o) (MedianFilter::MedianFilter())
C:\Users\houqh13\AppData\Local\Temp\VMBuilds\SoftwareSystem\arduino_due_x_dbg\Debug\Arm7Bot\Arm7Bot.a(PressFilter.cpp.o)
                              C:\Users\houqh13\AppData\Local\Temp\VMBuilds\SoftwareSystem\arduino_due_x_dbg\Debug\Arm7Bot\Arm7Bot.a(Arm7Bot.cpp.o) (PressFilter::PressFilter())
C:\Users\houqh13\AppData\Local\Temp\VMBuilds\SoftwareSystem\arduino_due_x_dbg\Debug\Arm7Bot\Arm7Bot.a(Pvector.cpp.o)
                              C:\Users\houqh13\AppData\Local\Temp\VMBuilds\SoftwareSystem\arduino_due_x_dbg\Debug\Arm7Bot\Arm7Bot.a(Arm7Bot.cpp.o) (PVector::PVector())
C:\Users\houqh13\AppData\Local\Temp\VMBuilds\SoftwareSystem\arduino_due_x_dbg\Debug\DueFlashStorage-master\DueFlashStorage-master.a(DueFlashStorage.cpp.o)
                              C:\Users\houqh13\AppData\Local\Temp\VMBuilds\SoftwareSystem\arduino_due_x_dbg\Debug\Arm7Bot\Arm7Bot.a(Arm7Bot.cpp.o) (DueFlashStorage::DueFlashStorage())
C:\Users\houqh13\AppData\Local\Temp\VMBuilds\SoftwareSystem\arduino_due_x_dbg\Debug\DueFlashStorage-master\DueFlashStorage-master.a(flash_efc.cpp.o)
                              C:\Users\houqh13\AppData\Local\Temp\VMBuilds\SoftwareSystem\arduino_due_x_dbg\Debug\DueFlashStorage-master\DueFlashStorage-master.a(DueFlashStorage.cpp.o) (flash_init)
C:\Users\houqh13\AppData\Local\Temp\VMBuilds\SoftwareSystem\arduino_due_x_dbg\Debug\DueFlashStorage-master\DueFlashStorage-master.a(efc.cpp.o)
                              C:\Users\houqh13\AppData\Local\Temp\VMBuilds\SoftwareSystem\arduino_due_x_dbg\Debug\DueFlashStorage-master\DueFlashStorage-master.a(flash_efc.cpp.o) (efc_init)
C:\Users\houqh13\AppData\Local\arduino15\packages\arduino\hardware\sam\1.6.11\variants\arduino_due_x/libsam_sam3x8e_gcc_rel.a(pio.o)
                              C:\Users\houqh13\AppData\Local\Temp\VMBuilds\SoftwareSystem\arduino_due_x_dbg\Debug\variant\variant.cpp.o (PIO_Configure)
C:\Users\houqh13\AppData\Local\arduino15\packages\arduino\hardware\sam\1.6.11\variants\arduino_due_x/libsam_sam3x8e_gcc_rel.a(pmc.o)
                              C:\Users\houqh13\AppData\Local\Temp\VMBuilds\SoftwareSystem\arduino_due_x_dbg\Debug\Servo\sam\Servo.cpp.o (pmc_enable_periph_clk)
C:\Users\houqh13\AppData\Local\arduino15\packages\arduino\hardware\sam\1.6.11\variants\arduino_due_x/libsam_sam3x8e_gcc_rel.a(tc.o)
                              C:\Users\houqh13\AppData\Local\Temp\VMBuilds\SoftwareSystem\arduino_due_x_dbg\Debug\Servo\sam\Servo.cpp.o (TC_Configure)
C:\Users\houqh13\AppData\Local\arduino15\packages\arduino\hardware\sam\1.6.11\variants\arduino_due_x/libsam_sam3x8e_gcc_rel.a(system_sam3xa.o)
                              C:\Users\houqh13\AppData\Local\Temp\VMBuilds\SoftwareSystem\arduino_due_x_dbg\Debug\variant\variant.cpp.o (SystemInit)
C:\Users\houqh13\AppData\Local\arduino15\packages\arduino\hardware\sam\1.6.11\variants\arduino_due_x/libsam_sam3x8e_gcc_rel.a(startup_sam3xa.o)
                              (Reset_Handler)
C:\Users\houqh13\AppData\Local\arduino15\packages\arduino\hardware\sam\1.6.11\variants\arduino_due_x/libsam_sam3x8e_gcc_rel.a(adc.o)
                              C:\Users\houqh13\AppData\Local\Temp\VMBuilds\SoftwareSystem\arduino_due_x_dbg\Debug\variant\variant.cpp.o (adc_init)
C:\Users\houqh13\AppData\Local\arduino15\packages\arduino\hardware\sam\1.6.11\variants\arduino_due_x/libsam_sam3x8e_gcc_rel.a(uotghs.o)
                              C:\Users\houqh13\AppData\Local\arduino15\packages\arduino\hardware\sam\1.6.11\variants\arduino_due_x/libsam_sam3x8e_gcc_rel.a(startup_sam3xa.o) (UOTGHS_Handler)
C:\Users\houqh13\AppData\Local\Temp\VMBuilds\SoftwareSystem\arduino_due_x_dbg\Debug/core.a(cortex_handlers.c.o)
                              C:\Users\houqh13\AppData\Local\arduino15\packages\arduino\hardware\sam\1.6.11\variants\arduino_due_x/libsam_sam3x8e_gcc_rel.a(startup_sam3xa.o) (NMI_Handler)
C:\Users\houqh13\AppData\Local\Temp\VMBuilds\SoftwareSystem\arduino_due_x_dbg\Debug/core.a(hooks.c.o)
[...]
Memory Configuration

Name             Origin             Length             Attributes
rom              0x00080000         0x00080000         xr
sram0            0x20000000         0x00010000         xrw
sram1            0x20080000         0x00008000         xrw
ram              0x20070000         0x00018000         xrw
*default*        0x00000000         0xffffffff

Linker script and memory map

LOAD c:/users/houqh13/appdata/local/arduino15/packages/arduino/tools/arm-none-eabi-gcc/4.8.3-2014q1/bin/../lib/gcc/arm-none-eabi/4.8.3/armv7-m/crti.o
LOAD c:/users/houqh13/appdata/local/arduino15/packages/arduino/tools/arm-none-eabi-gcc/4.8.3-2014q1/bin/../lib/gcc/arm-none-eabi/4.8.3/armv7-m/crtbegin.o
LOAD c:/users/houqh13/appdata/local/arduino15/packages/arduino/tools/arm-none-eabi-gcc/4.8.3-2014q1/bin/../lib/gcc/arm-none-eabi/4.8.3/../../../../arm-none-eabi/lib/armv7-m/crt0.o
START GROUP
LOAD C:\Users\houqh13\AppData\Local\Temp\VMBuilds\SoftwareSystem\arduino_due_x_dbg\Debug\SoftwareSystem.cpp.o
LOAD C:\Users\houqh13\AppData\Local\Temp\VMBuilds\SoftwareSystem\arduino_due_x_dbg\Debug\Servo\avr\Servo.cpp.o
LOAD C:\Users\houqh13\AppData\Local\Temp\VMBuilds\SoftwareSystem\arduino_due_x_dbg\Debug\Servo\sam\Servo.cpp.o
LOAD C:\Users\houqh13\AppData\Local\Temp\VMBuilds\SoftwareSystem\arduino_due_x_dbg\Debug\Servo\samd\Servo.cpp.o
LOAD C:\Users\houqh13\AppData\Local\Temp\VMBuilds\SoftwareSystem\arduino_due_x_dbg\Debug\Arm7Bot\Arm7Bot.a
LOAD C:\Users\houqh13\AppData\Local\Temp\VMBuilds\SoftwareSystem\arduino_due_x_dbg\Debug\DueFlashStorage-master\DueFlashStorage-master.a
LOAD C:\Users\houqh13\AppData\Local\Temp\VMBuilds\SoftwareSystem\arduino_due_x_dbg\Debug\VM_DBG\VM_DBG.cpp.o
LOAD C:\Users\houqh13\AppData\Local\Temp\VMBuilds\SoftwareSystem\arduino_due_x_dbg\Debug\VM_DBG\VM_mem_check_sam.cpp.o
LOAD C:\Users\houqh13\AppData\Local\Temp\VMBuilds\SoftwareSystem\arduino_due_x_dbg\Debug\variant\variant.cpp.o
LOAD C:\Users\houqh13\AppData\Local\arduino15\packages\arduino\hardware\sam\1.6.11\variants\arduino_due_x/libsam_sam3x8e_gcc_rel.a
LOAD C:\Users\houqh13\AppData\Local\Temp\VMBuilds\SoftwareSystem\arduino_due_x_dbg\Debug/core.a
END GROUP
LOAD c:/users/houqh13/appdata/local/arduino15/packages/arduino/tools/arm-none-eabi-gcc/4.8.3-2014q1/bin/../lib/gcc/arm-none-eabi/4.8.3/../../../../arm-none-eabi/lib/armv7-m\libm.a
START GROUP
LOAD c:/users/houqh13/appdata/local/arduino15/packages/arduino/tools/arm-none-eabi-gcc/4.8.3-2014q1/bin/../lib/gcc/arm-none-eabi/4.8.3/armv7-m\libgcc.a
LOAD c:/users/houqh13/appdata/local/arduino15/packages/arduino/tools/arm-none-eabi-gcc/4.8.3-2014q1/bin/../lib/gcc/arm-none-eabi/4.8.3/../../../../arm-none-eabi/lib/armv7-m\libg.a
LOAD c:/users/houqh13/appdata/local/arduino15/packages/arduino/tools/arm-none-eabi-gcc/4.8.3-2014q1/bin/../lib/gcc/arm-none-eabi/4.8.3/../../../../arm-none-eabi/lib/armv7-m\libc.a
END GROUP
LOAD c:/users/houqh13/appdata/local/arduino15/packages/arduino/tools/arm-none-eabi-gcc/4.8.3-2014q1/bin/../lib/gcc/arm-none-eabi/4.8.3/armv7-m/crtend.o
LOAD c:/users/houqh13/appdata/local/arduino15/packages/arduino/tools/arm-none-eabi-gcc/4.8.3-2014q1/bin/../lib/gcc/arm-none-eabi/4.8.3/armv7-m/crtn.o

.text           0x00080000     0xc2bc
                0x00080000                . = ALIGN (0x4)
                0x00080000                _sfixed = .
 *(.vectors .vectors.*)
 .vectors       0x00080000       0xf4 C:\Users\houqh13\AppData\Local\arduino15\packages\arduino\hardware\sam\1.6.11\variants\arduino_due_x/libsam_sam3x8e_gcc_rel.a(startup_sam3xa.o)
                0x00080000                exception_table
 *(.text .text.* .gnu.linkonce.t.*)
 .text          0x000800f4       0x54 c:/users/houqh13/appdata/local/arduino15/packages/arduino/tools/arm-none-eabi-gcc/4.8.3-2014q1/bin/../lib/gcc/arm-none-eabi/4.8.3/armv7-m/crtbegin.o
 .text.loop     0x00080148        0xc C:\Users\houqh13\AppData\Local\Temp\VMBuilds\SoftwareSystem\arduino_due_x_dbg\Debug\SoftwareSystem.cpp.o
                0x00080148                loop
 .text.startup._GLOBAL__sub_I_Arm
                0x00080154        0xc C:\Users\houqh13\AppData\Local\Temp\VMBuilds\SoftwareSystem\arduino_due_x_dbg\Debug\SoftwareSystem.cpp.o
 .text.setup    0x00080160      0x10c C:\Users\houqh13\AppData\Local\Temp\VMBuilds\SoftwareSystem\arduino_due_x_dbg\Debug\SoftwareSystem.cpp.o
                0x00080160                setup
 .text._ZL8_initISRP2Tcmm4IRQn
                0x0008026c       0x50 C:\Users\houqh13\AppData\Local\Temp\VMBuilds\SoftwareSystem\arduino_due_x_dbg\Debug\Servo\sam\Servo.cpp.o
 .text._Z13Servo_Handler18timer16_Sequence_tP2Tch
                0x000802bc      0x10c C:\Users\houqh13\AppData\Local\Temp\VMBuilds\SoftwareSystem\arduino_due_x_dbg\Debug\Servo\sam\Servo.cpp.o
                0x000802bc                Servo_Handler(timer16_Sequence_t, Tc*, unsigned char)
 .text.TC3_Handler
                0x000803c8       0x10 C:\Users\houqh13\AppData\Local\Temp\VMBuilds\SoftwareSystem\arduino_due_x_dbg\Debug\Servo\sam\Servo.cpp.o
                0x000803c8                TC3_Handler
 .text.TC4_Handler
                0x000803d8       0x10 C:\Users\houqh13\AppData\Local\Temp\VMBuilds\SoftwareSystem\arduino_due_x_dbg\Debug\Servo\sam\Servo.cpp.o
                0x000803d8                TC4_Handler
 .text.TC5_Handler
                0x000803e8       0x10 C:\Users\houqh13\AppData\Local\Temp\VMBuilds\SoftwareSystem\arduino_due_x_dbg\Debug\Servo\sam\Servo.cpp.o
                0x000803e8                TC5_Handler
 .text.TC2_Handler
                0x000803f8       0x10 C:\Users\houqh13\AppData\Local\Temp\VMBuilds\SoftwareSystem\arduino_due_x_dbg\Debug\Servo\sam\Servo.cpp.o
                0x000803f8                TC2_Handler
 .text.TC0_Handler
                0x00080408       0x10 C:\Users\houqh13\AppData\Local\Temp\VMBuilds\SoftwareSystem\arduino_due_x_dbg\Debug\Servo\sam\Servo.cpp.o
                0x00080408                TC0_Handler
 .text._ZN5ServoC2Ev
                0x00080418       0x40 C:\Users\houqh13\AppData\Local\Temp\VMBuilds\SoftwareSystem\arduino_due_x_dbg\Debug\Servo\sam\Servo.cpp.o
                0x00080418                Servo::Servo()
                0x00080418                Servo::Servo()
 .text._ZN5Servo6attachEiii
                0x00080458       0xb8 C:\Users\houqh13\AppData\Local\Temp\VMBuilds\SoftwareSystem\arduino_due_x_dbg\Debug\Servo\sam\Servo.cpp.o
                0x00080458                Servo::attach(int, int, int)
 .text._ZN5Servo17writeMicrosecondsEi
                0x00080510       0x4c C:\Users\houqh13\AppData\Local\Temp\VMBuilds\SoftwareSystem\arduino_due_x_dbg\Debug\Servo\sam\Servo.cpp.o
                0x00080510                Servo::writeMicroseconds(int)
 .text._ZN5Servo8attachedEv
                0x0008055c       0x14 C:\Users\houqh13\AppData\Local\Temp\VMBuilds\SoftwareSystem\arduino_due_x_dbg\Debug\Servo\sam\Servo.cpp.o
                0x0008055c                Servo::attached()
 .text._ZN7Arm7Bot13vacuumCupInitEv
                0x00080570       0x30 C:\Users\houqh13\AppData\Local\Temp\VMBuilds\SoftwareSystem\arduino_due_x_dbg\Debug\Arm7Bot\Arm7Bot.a(Arm7Bot.cpp.o)
                0x00080570                Arm7Bot::vacuumCupInit()
 .text._ZN7Arm7Bot12setStoreDataEv
                0x000805a0       0x1e C:\Users\houqh13\AppData\Local\Temp\VMBuilds\SoftwareSystem\arduino_due_x_dbg\Debug\Arm7Bot\Arm7Bot.a(Arm7Bot.cpp.o)
                0x000805a0                Arm7Bot::setStoreData()
 .text._ZN7Arm7Bot10getOffsetsEv
                0x000805be       0x3c C:\Users\houqh13\AppData\Local\Temp\VMBuilds\SoftwareSystem\arduino_due_x_dbg\Debug\Arm7Bot\Arm7Bot.a(Arm7Bot.cpp.o)
                0x000805be                Arm7Bot::getOffsets()
 .text._ZN7Arm7Bot12getStoreDataEv
                0x000805fa       0x22 C:\Users\houqh13\AppData\Local\Temp\VMBuilds\SoftwareSystem\arduino_due_x_dbg\Debug\Arm7Bot\Arm7Bot.a(Arm7Bot.cpp.o)
                0x000805fa                Arm7Bot::getStoreData()
 *fill*         0x0008061c        0x4 
 .text._ZN7Arm7Bot10setOffsetsEPd
                0x00080620       0xa0 C:\Users\houqh13\AppData\Local\Temp\VMBuilds\SoftwareSystem\arduino_due_x_dbg\Debug\Arm7Bot\Arm7Bot.a(Arm7Bot.cpp.o)
                0x00080620                Arm7Bot::setOffsets(double*)
 .text._ZN7Arm7Bot17geometryConstrainEv
                0x000806c0       0x98 C:\Users\houqh13\AppData\Local\Temp\VMBuilds\SoftwareSystem\arduino_due_x_dbg\Debug\Arm7Bot\Arm7Bot.a(Arm7Bot.cpp.o)
                0x000806c0                Arm7Bot::geometryConstrain()
 .text._ZN7Arm7Bot9servoCtrlEv
                0x00080758      0x110 C:\Users\houqh13\AppData\Local\Temp\VMBuilds\SoftwareSystem\arduino_due_x_dbg\Debug\Arm7Bot\Arm7Bot.a(Arm7Bot.cpp.o)
                0x00080758                Arm7Bot::servoCtrl()
 .text._ZN7Arm7Bot16filterAnalogDataEv
                0x00080868       0x2c C:\Users\houqh13\AppData\Local\Temp\VMBuilds\SoftwareSystem\arduino_due_x_dbg\Debug\Arm7Bot\Arm7Bot.a(Arm7Bot.cpp.o)
                0x00080868                Arm7Bot::filterAnalogData()
 *fill*         0x00080894        0x4 
 .text._ZN7Arm7Bot18calculateServoPosDEv
                0x00080898       0x78 C:\Users\houqh13\AppData\Local\Temp\VMBuilds\SoftwareSystem\arduino_due_x_dbg\Debug\Arm7Bot\Arm7Bot.a(Arm7Bot.cpp.o)
                0x00080898                Arm7Bot::calculateServoPosD()
 .text._ZN7Arm7Bot13calculatePosDEv
                0x00080910       0x8c C:\Users\houqh13\AppData\Local\Temp\VMBuilds\SoftwareSystem\arduino_due_x_dbg\Debug\Arm7Bot\Arm7Bot.a(Arm7Bot.cpp.o)
                0x00080910                Arm7Bot::calculatePosD()
 .text._ZN7Arm7Bot11allConvergeEv
                0x0008099c       0x2c C:\Users\houqh13\AppData\Local\Temp\VMBuilds\SoftwareSystem\arduino_due_x_dbg\Debug\Arm7Bot\Arm7Bot.a(Arm7Bot.cpp.o)
                0x0008099c                Arm7Bot::allConverge()
 .text._ZN7Arm7Bot7getPosDEv
                0x000809c8       0x64 C:\Users\houqh13\AppData\Local\Temp\VMBuilds\SoftwareSystem\arduino_due_x_dbg\Debug\Arm7Bot\Arm7Bot.a(Arm7Bot.cpp.o)
                0x000809c8                Arm7Bot::getPosD()
 .text._ZN7Arm7Bot10zAxiRotateE7PVectord
                0x00080a2c       0xc6 C:\Users\houqh13\AppData\Local\Temp\VMBuilds\SoftwareSystem\arduino_due_x_dbg\Debug\Arm7Bot\Arm7Bot.a(Arm7Bot.cpp.o)
                0x00080a2c                Arm7Bot::zAxiRotate(PVector, double)
 *fill*         0x00080af2        0x2 
 .text._ZN7Arm7Bot15arbitraryRotateE7PVectorS0_S0_d
                0x00080af4      0x4c0 C:\Users\houqh13\AppData\Local\Temp\VMBuilds\SoftwareSystem\arduino_due_x_dbg\Debug\Arm7Bot\Arm7Bot.a(Arm7Bot.cpp.o)
                0x00080af4                Arm7Bot::arbitraryRotate(PVector, PVector, PVector, double)
 *fill*         0x00080fb4        0x4 
 .text._ZN7Arm7Bot10calcJointsEv
                0x00080fb8      0x5b8 C:\Users\houqh13\AppData\Local\Temp\VMBuilds\SoftwareSystem\arduino_due_x_dbg\Debug\Arm7Bot\Arm7Bot.a(Arm7Bot.cpp.o)
                0x00080fb8                Arm7Bot::calcJoints()
 .text._ZN7Arm7Bot16calcProjectionPtE7PVectorS0_S0_
                0x00081570       0xf4 C:\Users\houqh13\AppData\Local\Temp\VMBuilds\SoftwareSystem\arduino_due_x_dbg\Debug\Arm7Bot\Arm7Bot.a(Arm7Bot.cpp.o)
                0x00081570                Arm7Bot::calcProjectionPt(PVector, PVector, PVector)
 *fill*         0x00081664        0x4 
 .text._ZN7Arm7Bot3IK3E7PVector
                0x00081668      0x328 C:\Users\houqh13\AppData\Local\Temp\VMBuilds\SoftwareSystem\arduino_due_x_dbg\Debug\Arm7Bot\Arm7Bot.a(Arm7Bot.cpp.o)
                0x00081668                Arm7Bot::IK3(PVector)
 .text._ZN7Arm7Bot3IK5E7PVectorS0_
                0x00081990      0x3f8 C:\Users\houqh13\AppData\Local\Temp\VMBuilds\SoftwareSystem\arduino_due_x_dbg\Debug\Arm7Bot\Arm7Bot.a(Arm7Bot.cpp.o)
                0x00081990                Arm7Bot::IK5(PVector, PVector)
 .text._ZN7Arm7Bot3IK6E7PVectorS0_S0_
                0x00081d88      0x2b8 C:\Users\houqh13\AppData\Local\Temp\VMBuilds\SoftwareSystem\arduino_due_x_dbg\Debug\Arm7Bot\Arm7Bot.a(Arm7Bot.cpp.o)
                0x00081d88                Arm7Bot::IK6(PVector, PVector, PVector)
 .text._ZN7Arm7Bot12btAndBuzInitEv
                0x00082040       0x62 C:\Users\houqh13\AppData\Local\Temp\VMBuilds\SoftwareSystem\arduino_due_x_dbg\Debug\Arm7Bot\Arm7Bot.a(Arm7Bot.cpp.o)
                0x00082040                Arm7Bot::btAndBuzInit()
 *fill*         0x000820a2        0x2 
 .text._ZN7Arm7BotC2Ev
                0x000820a4      0x1b8 C:\Users\houqh13\AppData\Local\Temp\VMBuilds\SoftwareSystem\arduino_due_x_dbg\Debug\Arm7Bot\Arm7Bot.a(Arm7Bot.cpp.o)
                0x000820a4                Arm7Bot::Arm7Bot()
                0x000820a4                Arm7Bot::Arm7Bot()
 .text._ZN7Arm7Bot8sendToPCEi
                0x0008225c       0x28 C:\Users\houqh13\AppData\Local\Temp\VMBuilds\SoftwareSystem\arduino_due_x_dbg\Debug\Arm7Bot\Arm7Bot.a(Arm7Bot.cpp.o)
                0x0008225c                Arm7Bot::sendToPC(int)
 .text._ZN7Arm7Bot10receiveComEv
                0x00082284      0x898 C:\Users\houqh13\AppData\Local\Temp\VMBuilds\SoftwareSystem\arduino_due_x_dbg\Debug\Arm7Bot\Arm7Bot.a(Arm7Bot.cpp.o)
                0x00082284                Arm7Bot::receiveCom()
 .text._ZN7Arm7Bot11initialMoveEv
                0x00082b1c      0x134 C:\Users\houqh13\AppData\Local\Temp\VMBuilds\SoftwareSystem\arduino_due_x_dbg\Debug\Arm7Bot\Arm7Bot.a(Arm7Bot.cpp.o)
                0x00082b1c                Arm7Bot::initialMove()
 .text._ZN7Arm7Bot11moveOneStepEv
                0x00082c50      0x328 C:\Users\houqh13\AppData\Local\Temp\VMBuilds\SoftwareSystem\arduino_due_x_dbg\Debug\Arm7Bot\Arm7Bot.a(Arm7Bot.cpp.o)
                0x00082c50                Arm7Bot::moveOneStep()
 .text._ZN7Arm7Bot4moveEPd
                0x00082f78       0x78 C:\Users\houqh13\AppData\Local\Temp\VMBuilds\SoftwareSystem\arduino_due_x_dbg\Debug\Arm7Bot\Arm7Bot.a(Arm7Bot.cpp.o)
                0x00082f78                Arm7Bot::move(double*)
 .text._ZN7Arm7Bot7moveIK6E7PVectorS0_S0_
                0x00082ff0       0xb8 C:\Users\houqh13\AppData\Local\Temp\VMBuilds\SoftwareSystem\arduino_due_x_dbg\Debug\Arm7Bot\Arm7Bot.a(Arm7Bot.cpp.o)
                0x00082ff0                Arm7Bot::moveIK6(PVector, PVector, PVector)
 .text._ZN7Arm7Bot11additionComEv
                0x000830a8      0x118 C:\Users\houqh13\AppData\Local\Temp\VMBuilds\SoftwareSystem\arduino_due_x_dbg\Debug\Arm7Bot\Arm7Bot.a(Arm7Bot.cpp.o)
                0x000830a8                Arm7Bot::additionCom()
 .text._ZN11ForceFilterC2Ev
                0x000831c0        0xe C:\Users\houqh13\AppData\Local\Temp\VMBuilds\SoftwareSystem\arduino_due_x_dbg\Debug\Arm7Bot\Arm7Bot.a(ForceFilter.cpp.o)
                0x000831c0                ForceFilter::ForceFilter()
                0x000831c0                ForceFilter::ForceFilter()
 .text._ZN12MedianFilterC2Ev
                0x000831ce        0xe C:\Users\houqh13\AppData\Local\Temp\VMBuilds\SoftwareSystem\arduino_due_x_dbg\Debug\Arm7Bot\Arm7Bot.a(MedianFilter.cpp.o)
                0x000831ce                MedianFilter::MedianFilter()
                0x000831ce                MedianFilter::MedianFilter()
 .text._ZN12MedianFilter6filterEi
                0x000831dc       0x5a C:\Users\houqh13\AppData\Local\Temp\VMBuilds\SoftwareSystem\arduino_due_x_dbg\Debug\Arm7Bot\Arm7Bot.a(MedianFilter.cpp.o)
                0x000831dc                MedianFilter::filter(int)
 .text._ZN11PressFilterC2Ev
                0x00083236       0x10 C:\Users\houqh13\AppData\Local\Temp\VMBuilds\SoftwareSystem\arduino_due_x_dbg\Debug\Arm7Bot\Arm7Bot.a(PressFilter.cpp.o)
                0x00083236                PressFilter::PressFilter()
                0x00083236                PressFilter::PressFilter()
 .text._ZN7PVectorC2Ev
                0x00083246       0x12 C:\Users\houqh13\AppData\Local\Temp\VMBuilds\SoftwareSystem\arduino_due_x_dbg\Debug\Arm7Bot\Arm7Bot.a(Pvector.cpp.o)
                0x00083246                PVector::PVector()
                0x00083246                PVector::PVector()
 .text._ZN7PVectorC2Eddd
                0x00083258       0x16 C:\Users\houqh13\AppData\Local\Temp\VMBuilds\SoftwareSystem\arduino_due_x_dbg\Debug\Arm7Bot\Arm7Bot.a(Pvector.cpp.o)
                0x00083258                PVector::PVector(double, double, double)
                0x00083258                PVector::PVector(double, double, double)
 .text._ZN7PVector3addES_
                0x0008326e       0x42 C:\Users\houqh13\AppData\Local\Temp\VMBuilds\SoftwareSystem\arduino_due_x_dbg\Debug\Arm7Bot\Arm7Bot.a(Pvector.cpp.o)
                0x0008326e                PVector::add(PVector)
 .text._ZN7PVector9normalizeEv
                0x000832b0       0x8c C:\Users\houqh13\AppData\Local\Temp\VMBuilds\SoftwareSystem\arduino_due_x_dbg\Debug\Arm7Bot\Arm7Bot.a(Pvector.cpp.o)
                0x000832b0                PVector::normalize()
 .text._ZN7PVector3dotES_
                0x0008333c       0x56 C:\Users\houqh13\AppData\Local\Temp\VMBuilds\SoftwareSystem\arduino_due_x_dbg\Debug\Arm7Bot\Arm7Bot.a(Pvector.cpp.o)
                0x0008333c                PVector::dot(PVector)
 .text._ZN7PVector4distES_
                0x00083392       0x8a C:\Users\houqh13\AppData\Local\Temp\VMBuilds\SoftwareSystem\arduino_due_x_dbg\Debug\Arm7Bot\Arm7Bot.a(Pvector.cpp.o)
                0x00083392                PVector::dist(PVector)
 .text._ZN15DueFlashStorageC2Ev
                0x0008341c       0x24 C:\Users\houqh13\AppData\Local\Temp\VMBuilds\SoftwareSystem\arduino_due_x_dbg\Debug\DueFlashStorage-master\DueFlashStorage-master.a(DueFlashStorage.cpp.o)
                0x0008341c                DueFlashStorage::DueFlashStorage()
                0x0008341c                DueFlashStorage::DueFlashStorage()
 .text._ZN15DueFlashStorage4readEm
                0x00083440        0x8 C:\Users\houqh13\AppData\Local\Temp\VMBuilds\SoftwareSystem\arduino_due_x_dbg\Debug\DueFlashStorage-master\DueFlashStorage-master.a(DueFlashStorage.cpp.o)
                0x00083440                DueFlashStorage::read(unsigned long)
 .text._ZN15DueFlashStorage5writeEmh
                0x00083448       0x68 C:\Users\houqh13\AppData\Local\Temp\VMBuilds\SoftwareSystem\arduino_due_x_dbg\Debug\DueFlashStorage-master\DueFlashStorage-master.a(DueFlashStorage.cpp.o)
                0x00083448                DueFlashStorage::write(unsigned long, unsigned char)
 .text.translate_address
                0x000834b0       0x3c C:\Users\houqh13\AppData\Local\Temp\VMBuilds\SoftwareSystem\arduino_due_x_dbg\Debug\DueFlashStorage-master\DueFlashStorage-master.a(flash_efc.cpp.o)
 .text.flash_init
                0x000834ec       0x28 C:\Users\houqh13\AppData\Local\Temp\VMBuilds\SoftwareSystem\arduino_due_x_dbg\Debug\DueFlashStorage-master\DueFlashStorage-master.a(flash_efc.cpp.o)
                0x000834ec                flash_init
 .text.flash_write
                0x00083514       0xe0 C:\Users\houqh13\AppData\Local\Temp\VMBuilds\SoftwareSystem\arduino_due_x_dbg\Debug\DueFlashStorage-master\DueFlashStorage-master.a(flash_efc.cpp.o)
                0x00083514                flash_write
 .text.flash_lock
                0x000835f4       0x5c C:\Users\houqh13\AppData\Local\Temp\VMBuilds\SoftwareSystem\arduino_due_x_dbg\Debug\DueFlashStorage-master\DueFlashStorage-master.a(flash_efc.cpp.o)
                0x000835f4                flash_lock
 .text.flash_unlock
                0x00083650       0x5c C:\Users\houqh13\AppData\Local\Temp\VMBuilds\SoftwareSystem\arduino_due_x_dbg\Debug\DueFlashStorage-master\DueFlashStorage-master.a(flash_efc.cpp.o)
                0x00083650                flash_unlock
 .text.efc_init
                0x000836ac        0xe C:\Users\houqh13\AppData\Local\Temp\VMBuilds\SoftwareSystem\arduino_due_x_dbg\Debug\DueFlashStorage-master\DueFlashStorage-master.a(efc.cpp.o)
                0x000836ac                efc_init
 .text.efc_set_wait_state
                0x000836ba       0x12 C:\Users\houqh13\AppData\Local\Temp\VMBuilds\SoftwareSystem\arduino_due_x_dbg\Debug\DueFlashStorage-master\DueFlashStorage-master.a(efc.cpp.o)
                0x000836ba                efc_set_wait_state
 .text.efc_get_wait_state
                0x000836cc        0x8 C:\Users\houqh13\AppData\Local\Temp\VMBuilds\SoftwareSystem\arduino_due_x_dbg\Debug\DueFlashStorage-master\DueFlashStorage-master.a(efc.cpp.o)
                0x000836cc                efc_get_wait_state
 .text.efc_perform_command
                0x000836d4       0x4c C:\Users\houqh13\AppData\Local\Temp\VMBuilds\SoftwareSystem\arduino_due_x_dbg\Debug\DueFlashStorage-master\DueFlashStorage-master.a(efc.cpp.o)
                0x000836d4                efc_perform_command
 .text._ZN16VisualMicroDebug14outPacketStartEb
                0x00083720       0x24 C:\Users\houqh13\AppData\Local\Temp\VMBuilds\SoftwareSystem\arduino_due_x_dbg\Debug\VM_DBG\VM_DBG.cpp.o
                0x00083720                VisualMicroDebug::outPacketStart(bool)
 .text._ZN16VisualMicroDebug12outPacketEndEv
                0x00083744        0x2 C:\Users\houqh13\AppData\Local\Temp\VMBuilds\SoftwareSystem\arduino_due_x_dbg\Debug\VM_DBG\VM_DBG.cpp.o
                0x00083744                VisualMicroDebug::outPacketEnd()
 .text._ZN16VisualMicroDebug4initEm
                0x00083746       0x10 C:\Users\houqh13\AppData\Local\Temp\VMBuilds\SoftwareSystem\arduino_due_x_dbg\Debug\VM_DBG\VM_DBG.cpp.o
                0x00083746                VisualMicroDebug::init(unsigned long)
 .text._ZN16VisualMicroDebug5beginEP9UARTClassm
                0x00083756       0x10 C:\Users\houqh13\AppData\Local\Temp\VMBuilds\SoftwareSystem\arduino_due_x_dbg\Debug\VM_DBG\VM_DBG.cpp.o
                0x00083756                VisualMicroDebug::begin(UARTClass*, unsigned long)
 .text._ZN16VisualMicroDebug4readEv
                0x00083766        0xe C:\Users\houqh13\AppData\Local\Temp\VMBuilds\SoftwareSystem\arduino_due_x_dbg\Debug\VM_DBG\VM_DBG.cpp.o
                0x00083766                VisualMicroDebug::read()
 .text._ZN16VisualMicroDebug9availableEv
                0x00083774        0xe C:\Users\houqh13\AppData\Local\Temp\VMBuilds\SoftwareSystem\arduino_due_x_dbg\Debug\VM_DBG\VM_DBG.cpp.o
                0x00083774                VisualMicroDebug::available()
 *fill*         0x00083782        0x2 
 .text._ZN16VisualMicroDebug16sendContinuedACKEh
                0x00083784       0x38 C:\Users\houqh13\AppData\Local\Temp\VMBuilds\SoftwareSystem\arduino_due_x_dbg\Debug\VM_DBG\VM_DBG.cpp.o
                0x00083784                VisualMicroDebug::sendContinuedACK(unsigned char)
 .text._ZN16VisualMicroDebug9breakWaitEh
                0x000837bc       0x54 C:\Users\houqh13\AppData\Local\Temp\VMBuilds\SoftwareSystem\arduino_due_x_dbg\Debug\VM_DBG\VM_DBG.cpp.o
                0x000837bc                VisualMicroDebug::breakWait(unsigned char)
 .text._ZN16VisualMicroDebug5startEbb
                0x00083810       0x1e C:\Users\houqh13\AppData\Local\Temp\VMBuilds\SoftwareSystem\arduino_due_x_dbg\Debug\VM_DBG\VM_DBG.cpp.o
                0x00083810                VisualMicroDebug::start(bool, bool)
 *fill*         0x0008382e        0x2 
 .text.startup._GLOBAL__sub_I__ZN16VisualMicroDebug10DBG_MillisEv
                0x00083830       0x14 C:\Users\houqh13\AppData\Local\Temp\VMBuilds\SoftwareSystem\arduino_due_x_dbg\Debug\VM_DBG\VM_DBG.cpp.o
 .text._Z11serialEventv
                0x00083844        0x2 C:\Users\houqh13\AppData\Local\Temp\VMBuilds\SoftwareSystem\arduino_due_x_dbg\Debug\variant\variant.cpp.o
                0x00083844                serialEvent()
 *fill*         0x00083846        0x2 
 .text.UART_Handler
                0x00083848        0xc C:\Users\houqh13\AppData\Local\Temp\VMBuilds\SoftwareSystem\arduino_due_x_dbg\Debug\variant\variant.cpp.o
                0x00083848                UART_Handler
 .text._Z12serialEvent1v
                0x00083854        0x2 C:\Users\houqh13\AppData\Local\Temp\VMBuilds\SoftwareSystem\arduino_due_x_dbg\Debug\variant\variant.cpp.o
                0x00083854                serialEvent1()
 .text._Z12serialEvent2v
                0x00083856        0x2 C:\Users\houqh13\AppData\Local\Temp\VMBuilds\SoftwareSystem\arduino_due_x_dbg\Debug\variant\variant.cpp.o
                0x00083856                serialEvent2()
 .text._Z12serialEvent3v
                0x00083858        0x2 C:\Users\houqh13\AppData\Local\Temp\VMBuilds\SoftwareSystem\arduino_due_x_dbg\Debug\variant\variant.cpp.o
                0x00083858                serialEvent3()
 *fill*         0x0008385a        0x2 
 .text.USART0_Handler
                0x0008385c        0xc C:\Users\houqh13\AppData\Local\Temp\VMBuilds\SoftwareSystem\arduino_due_x_dbg\Debug\variant\variant.cpp.o
                0x0008385c                USART0_Handler
 .text.USART1_Handler
                0x00083868        0xc C:\Users\houqh13\AppData\Local\Temp\VMBuilds\SoftwareSystem\arduino_due_x_dbg\Debug\variant\variant.cpp.o
                0x00083868                USART1_Handler
 .text.USART3_Handler
                0x00083874        0xc C:\Users\houqh13\AppData\Local\Temp\VMBuilds\SoftwareSystem\arduino_due_x_dbg\Debug\variant\variant.cpp.o
                0x00083874                USART3_Handler
 .text.init     0x00083880      0x128 C:\Users\houqh13\AppData\Local\Temp\VMBuilds\SoftwareSystem\arduino_due_x_dbg\Debug\variant\variant.cpp.o
                0x00083880                init
 .text.startup._GLOBAL__sub_I_g_APinDescription
                0x000839a8       0xd4 C:\Users\houqh13\AppData\Local\Temp\VMBuilds\SoftwareSystem\arduino_due_x_dbg\Debug\variant\variant.cpp.o
 .text._Z14serialEventRunv
                0x00083a7c       0x44 C:\Users\houqh13\AppData\Local\Temp\VMBuilds\SoftwareSystem\arduino_due_x_dbg\Debug\variant\variant.cpp.o
                0x00083a7c                serialEventRun()
 .text.PIO_PullUp
                0x00083ac0        0xa C:\Users\houqh13\AppData\Local\arduino15\packages\arduino\hardware\sam\1.6.11\variants\arduino_due_x/libsam_sam3x8e_gcc_rel.a(pio.o)
                0x00083ac0                PIO_PullUp
 .text.PIO_Get  0x00083aca       0x14 C:\Users\houqh13\AppData\Local\arduino15\packages\arduino\hardware\sam\1.6.11\variants\arduino_due_x/libsam_sam3x8e_gcc_rel.a(pio.o)
                0x00083aca                PIO_Get
 .text.PIO_SetPeripheral
                0x00083ade       0x26 C:\Users\houqh13\AppData\Local\arduino15\packages\arduino\hardware\sam\1.6.11\variants\arduino_due_x/libsam_sam3x8e_gcc_rel.a(pio.o)
                0x00083ade                PIO_SetPeripheral
 .text.PIO_SetInput
                0x00083b04       0x26 C:\Users\houqh13\AppData\Local\arduino15\packages\arduino\hardware\sam\1.6.11\variants\arduino_due_x/libsam_sam3x8e_gcc_rel.a(pio.o)
                0x00083b04                PIO_SetInput
 .text.PIO_SetOutput
                0x00083b2a       0x24 C:\Users\houqh13\AppData\Local\arduino15\packages\arduino\hardware\sam\1.6.11\variants\arduino_due_x/libsam_sam3x8e_gcc_rel.a(pio.o)
                0x00083b2a                PIO_SetOutput
 *fill*         0x00083b4e        0x2 
 .text.PIO_Configure
                0x00083b50       0x64 C:\Users\houqh13\AppData\Local\arduino15\packages\arduino\hardware\sam\1.6.11\variants\arduino_due_x/libsam_sam3x8e_gcc_rel.a(pio.o)
                0x00083b50                PIO_Configure
 .text.PIO_GetOutputDataStatus
                0x00083bb4       0x14 C:\Users\houqh13\AppData\Local\arduino15\packages\arduino\hardware\sam\1.6.11\variants\arduino_due_x/libsam_sam3x8e_gcc_rel.a(pio.o)
                0x00083bb4                PIO_GetOutputDataStatus
 .text.pmc_enable_upll_clock
                0x00083bc8       0x14 C:\Users\houqh13\AppData\Local\arduino15\packages\arduino\hardware\sam\1.6.11\variants\arduino_due_x/libsam_sam3x8e_gcc_rel.a(pmc.o)
                0x00083bc8                pmc_enable_upll_clock
 .text.pmc_enable_periph_clk
                0x00083bdc       0x44 C:\Users\houqh13\AppData\Local\arduino15\packages\arduino\hardware\sam\1.6.11\variants\arduino_due_x/libsam_sam3x8e_gcc_rel.a(pmc.o)
                0x00083bdc                pmc_enable_periph_clk
 .text.pmc_disable_periph_clk
                0x00083c20       0x40 C:\Users\houqh13\AppData\Local\arduino15\packages\arduino\hardware\sam\1.6.11\variants\arduino_due_x/libsam_sam3x8e_gcc_rel.a(pmc.o)
                0x00083c20                pmc_disable_periph_clk
 .text.pmc_switch_udpck_to_upllck
                0x00083c60       0x14 C:\Users\houqh13\AppData\Local\arduino15\packages\arduino\hardware\sam\1.6.11\variants\arduino_due_x/libsam_sam3x8e_gcc_rel.a(pmc.o)
                0x00083c60                pmc_switch_udpck_to_upllck
 .text.pmc_enable_udpck
                0x00083c74        0xc C:\Users\houqh13\AppData\Local\arduino15\packages\arduino\hardware\sam\1.6.11\variants\arduino_due_x/libsam_sam3x8e_gcc_rel.a(pmc.o)
                0x00083c74                pmc_enable_udpck
 .text.TC_Configure
                0x00083c80       0x38 C:\Users\houqh13\AppData\Local\arduino15\packages\arduino\hardware\sam\1.6.11\variants\arduino_due_x/libsam_sam3x8e_gcc_rel.a(tc.o)
                0x00083c80                TC_Configure
 .text.TC_Start
                0x00083cb8       0x2c C:\Users\houqh13\AppData\Local\arduino15\packages\arduino\hardware\sam\1.6.11\variants\arduino_due_x/libsam_sam3x8e_gcc_rel.a(tc.o)
                0x00083cb8                TC_Start
 .text.TC_SetRA
                0x00083ce4        0x8 C:\Users\houqh13\AppData\Local\arduino15\packages\arduino\hardware\sam\1.6.11\variants\arduino_due_x/libsam_sam3x8e_gcc_rel.a(tc.o)
                0x00083ce4                TC_SetRA
 .text.SystemInit
                0x00083cec       0x88 C:\Users\houqh13\AppData\Local\arduino15\packages\arduino\hardware\sam\1.6.11\variants\arduino_due_x/libsam_sam3x8e_gcc_rel.a(system_sam3xa.o)
                0x00083cec                SystemInit
 .text.Reset_Handler
                0x00083d74       0x78 C:\Users\houqh13\AppData\Local\arduino15\packages\arduino\hardware\sam\1.6.11\variants\arduino_due_x/libsam_sam3x8e_gcc_rel.a(startup_sam3xa.o)
                0x00083d74                Reset_Handler
 .text.adc_init
                0x00083dec       0x98 C:\Users\houqh13\AppData\Local\arduino15\packages\arduino\hardware\sam\1.6.11\variants\arduino_due_x/libsam_sam3x8e_gcc_rel.a(adc.o)
                0x00083dec                adc_init
 .text.adc_configure_trigger
                0x00083e84        0xe C:\Users\houqh13\AppData\Local\arduino15\packages\arduino\hardware\sam\1.6.11\variants\arduino_due_x/libsam_sam3x8e_gcc_rel.a(adc.o)
                0x00083e84                adc_configure_trigger
 .text.adc_configure_timing
                0x00083e92       0x1a C:\Users\houqh13\AppData\Local\arduino15\packages\arduino\hardware\sam\1.6.11\variants\arduino_due_x/libsam_sam3x8e_gcc_rel.a(adc.o)
                0x00083e92                adc_configure_timing
 .text.adc_start
                0x00083eac        0x6 C:\Users\houqh13\AppData\Local\arduino15\packages\arduino\hardware\sam\1.6.11\variants\arduino_due_x/libsam_sam3x8e_gcc_rel.a(adc.o)
                0x00083eac                adc_start
 .text.adc_enable_channel
                0x00083eb2        0xa C:\Users\houqh13\AppData\Local\arduino15\packages\arduino\hardware\sam\1.6.11\variants\arduino_due_x/libsam_sam3x8e_gcc_rel.a(adc.o)
                0x00083eb2                adc_enable_channel
 .text.adc_disable_channel
                0x00083ebc        0xa C:\Users\houqh13\AppData\Local\arduino15\packages\arduino\hardware\sam\1.6.11\variants\arduino_due_x/libsam_sam3x8e_gcc_rel.a(adc.o)
                0x00083ebc                adc_disable_channel
 .text.adc_disable_all_channel
                0x00083ec6        0x8 C:\Users\houqh13\AppData\Local\arduino15\packages\arduino\hardware\sam\1.6.11\variants\arduino_due_x/libsam_sam3x8e_gcc_rel.a(adc.o)
                0x00083ec6                adc_disable_all_channel
 .text.adc_get_channel_status
                0x00083ece        0xa C:\Users\houqh13\AppData\Local\arduino15\packages\arduino\hardware\sam\1.6.11\variants\arduino_due_x/libsam_sam3x8e_gcc_rel.a(adc.o)
                0x00083ece                adc_get_channel_status
 .text.adc_get_latest_value
                0x00083ed8        0x4 C:\Users\houqh13\AppData\Local\arduino15\packages\arduino\hardware\sam\1.6.11\variants\arduino_due_x/libsam_sam3x8e_gcc_rel.a(adc.o)
                0x00083ed8                adc_get_latest_value
 .text.adc_disable_interrupt
                0x00083edc        0x4 C:\Users\houqh13\AppData\Local\arduino15\packages\arduino\hardware\sam\1.6.11\variants\arduino_due_x/libsam_sam3x8e_gcc_rel.a(adc.o)
                0x00083edc                adc_disable_interrupt
 .text.adc_get_status
                0x00083ee0        0x4 C:\Users\houqh13\AppData\Local\arduino15\packages\arduino\hardware\sam\1.6.11\variants\arduino_due_x/libsam_sam3x8e_gcc_rel.a(adc.o)
                0x00083ee0                adc_get_status
 .text.UOTGHS_Handler
                0x00083ee4       0x10 C:\Users\houqh13\AppData\Local\arduino15\packages\arduino\hardware\sam\1.6.11\variants\arduino_due_x/libsam_sam3x8e_gcc_rel.a(uotghs.o)
                0x00083ee4                UOTGHS_Handler
 .text.__halt   0x00083ef4        0x2 C:\Users\houqh13\AppData\Local\Temp\VMBuilds\SoftwareSystem\arduino_due_x_dbg\Debug/core.a(cortex_handlers.c.o)
                0x00083ef4                DACC_Handler
                0x00083ef4                DebugMon_Handler
                0x00083ef4                DMAC_Handler
                0x00083ef4                TRNG_Handler
                0x00083ef4                HardFault_Handler
                0x00083ef4                TWI1_Handler
                0x00083ef4                NMI_Handler
                0x00083ef4                TC7_Handler
                0x00083ef4                ADC_Handler
                0x00083ef4                SMC_Handler
                0x00083ef4                RTT_Handler
                0x00083ef4                EFC1_Handler
                0x00083ef4                PIOB_Handler
                0x00083ef4                RTC_Handler
                0x00083ef4                UsageFault_Handler
                0x00083ef4                TC6_Handler
                0x00083ef4                WDT_Handler
                0x00083ef4                CAN0_Handler
                0x00083ef4                TC1_Handler
                0x00083ef4                HSMCI_Handler
                0x00083ef4                TWI0_Handler
                0x00083ef4                PIOA_Handler
                0x00083ef4                SSC_Handler
                0x00083ef4                EFC0_Handler
                0x00083ef4                PMC_Handler
                0x00083ef4                PWM_Handler
                0x00083ef4                CAN1_Handler
                0x00083ef4                MemManage_Handler
                0x00083ef4                SUPC_Handler
                0x00083ef4                TC8_Handler
                0x00083ef4                USART2_Handler
                0x00083ef4                PIOD_Handler
                0x00083ef4                EMAC_Handler
                0x00083ef4                PIOC_Handler
                0x00083ef4                BusFault_Handler
                0x00083ef4                RSTC_Handler
                0x00083ef4                SPI0_Handler
 .text.SVC_Handler
                0x00083ef6        0x4 C:\Users\houqh13\AppData\Local\Temp\VMBuilds\SoftwareSystem\arduino_due_x_dbg\Debug/core.a(cortex_handlers.c.o)
                0x00083ef6                SVC_Handler
 .text.PendSV_Handler
                0x00083efa        0x4 C:\Users\houqh13\AppData\Local\Temp\VMBuilds\SoftwareSystem\arduino_due_x_dbg\Debug/core.a(cortex_handlers.c.o)
                0x00083efa                PendSV_Handler
 .text.SysTick_Handler
                0x00083efe       0x16 C:\Users\houqh13\AppData\Local\Temp\VMBuilds\SoftwareSystem\arduino_due_x_dbg\Debug/core.a(cortex_handlers.c.o)
                0x00083efe                SysTick_Handler
 .text.__empty  0x00083f14        0x2 C:\Users\houqh13\AppData\Local\Temp\VMBuilds\SoftwareSystem\arduino_due_x_dbg\Debug/core.a(hooks.c.o)
                0x00083f14                yield
 .text.__false  0x00083f16        0x4 C:\Users\houqh13\AppData\Local\Temp\VMBuilds\SoftwareSystem\arduino_due_x_dbg\Debug/core.a(hooks.c.o)
                0x00083f16                sysTickHook
 .text.__halt   0x00083f1a        0x2 C:\Users\houqh13\AppData\Local\Temp\VMBuilds\SoftwareSystem\arduino_due_x_dbg\Debug/core.a(hooks.c.o)
                0x00083f1a                svcHook
                0x00083f1a                pendSVHook
 .text._sbrk    0x00083f1c       0x1c C:\Users\houqh13\AppData\Local\Temp\VMBuilds\SoftwareSystem\arduino_due_x_dbg\Debug/core.a(syscalls_sam3.c.o)
                0x00083f1c                _sbrk
 .text.link     0x00083f38        0x6 C:\Users\houqh13\AppData\Local\Temp\VMBuilds\SoftwareSystem\arduino_due_x_dbg\Debug/core.a(syscalls_sam3.c.o)
                0x00083f38                link
 .text._close   0x00083f3e        0x6 C:\Users\houqh13\AppData\Local\Temp\VMBuilds\SoftwareSystem\arduino_due_x_dbg\Debug/core.a(syscalls_sam3.c.o)
                0x00083f3e                _close
 .text._fstat   0x00083f44        0xa C:\Users\houqh13\AppData\Local\Temp\VMBuilds\SoftwareSystem\arduino_due_x_dbg\Debug/core.a(syscalls_sam3.c.o)
                0x00083f44                _fstat
 .text._isatty  0x00083f4e        0x4 C:\Users\houqh13\AppData\Local\Temp\VMBuilds\SoftwareSystem\arduino_due_x_dbg\Debug/core.a(syscalls_sam3.c.o)
                0x00083f4e                _isatty
 .text._lseek   0x00083f52        0x4 C:\Users\houqh13\AppData\Local\Temp\VMBuilds\SoftwareSystem\arduino_due_x_dbg\Debug/core.a(syscalls_sam3.c.o)
                0x00083f52                _lseek
 .text._read    0x00083f56        0x4 C:\Users\houqh13\AppData\Local\Temp\VMBuilds\SoftwareSystem\arduino_due_x_dbg\Debug/core.a(syscalls_sam3.c.o)
                0x00083f56                _read
 *fill*         0x00083f5a        0x2 
 .text._write   0x00083f5c       0x24 C:\Users\houqh13\AppData\Local\Temp\VMBuilds\SoftwareSystem\arduino_due_x_dbg\Debug/core.a(syscalls_sam3.c.o)
                0x00083f5c                _write
 .text._exit    0x00083f80       0x10 C:\Users\houqh13\AppData\Local\Temp\VMBuilds\SoftwareSystem\arduino_due_x_dbg\Debug/core.a(syscalls_sam3.c.o)
                0x00083f80                _exit
 .text._kill    0x00083f90        0x2 C:\Users\houqh13\AppData\Local\Temp\VMBuilds\SoftwareSystem\arduino_due_x_dbg\Debug/core.a(syscalls_sam3.c.o)
                0x00083f90                _kill
 .text._getpid  0x00083f92        0x6 C:\Users\houqh13\AppData\Local\Temp\VMBuilds\SoftwareSystem\arduino_due_x_dbg\Debug/core.a(syscalls_sam3.c.o)
                0x00083f92                _getpid
 .text.millis   0x00083f98        0x4 C:\Users\houqh13\AppData\Local\Temp\VMBuilds\SoftwareSystem\arduino_due_x_dbg\Debug/core.a(wiring.c.o)
                0x00083f98                millis
 .text.delay    0x00083f9c       0x1c C:\Users\houqh13\AppData\Local\Temp\VMBuilds\SoftwareSystem\arduino_due_x_dbg\Debug/core.a(wiring.c.o)
                0x00083f9c                delay
 .text.mapResolution
                0x00083fb8       0x12 C:\Users\houqh13\AppData\Local\Temp\VMBuilds\SoftwareSystem\arduino_due_x_dbg\Debug/core.a(wiring_analog.c.o)
 *fill*         0x00083fca        0x2 
 .text.analogWriteResolution
                0x00083fcc        0xc C:\Users\houqh13\AppData\Local\Temp\VMBuilds\SoftwareSystem\arduino_due_x_dbg\Debug/core.a(wiring_analog.c.o)
                0x00083fcc                analogWriteResolution
 .text.analogRead
                0x00083fd8       0x9c C:\Users\houqh13\AppData\Local\Temp\VMBuilds\SoftwareSystem\arduino_due_x_dbg\Debug/core.a(wiring_analog.c.o)
                0x00083fd8                analogRead
 .text.analogOutputInit
                0x00084074        0x2 C:\Users\houqh13\AppData\Local\Temp\VMBuilds\SoftwareSystem\arduino_due_x_dbg\Debug/core.a(wiring_analog.c.o)
                0x00084074                analogOutputInit
 *fill*         0x00084076        0x2 
 .text.pinMode  0x00084078      0x108 C:\Users\houqh13\AppData\Local\Temp\VMBuilds\SoftwareSystem\arduino_due_x_dbg\Debug/core.a(wiring_digital.c.o)
                0x00084078                pinMode
 .text.digitalWrite
                0x00084180       0x70 C:\Users\houqh13\AppData\Local\Temp\VMBuilds\SoftwareSystem\arduino_due_x_dbg\Debug/core.a(wiring_digital.c.o)
                0x00084180                digitalWrite
 .text.digitalRead
                0x000841f0       0x44 C:\Users\houqh13\AppData\Local\Temp\VMBuilds\SoftwareSystem\arduino_due_x_dbg\Debug/core.a(wiring_digital.c.o)
                0x000841f0                digitalRead
 .text.initVariant
                0x00084234        0x2 C:\Users\houqh13\AppData\Local\Temp\VMBuilds\SoftwareSystem\arduino_due_x_dbg\Debug/core.a(main.cpp.o)
                0x00084234                initVariant
 *fill*         0x00084236        0x2 
 .text.startup.main
                0x00084238       0x38 C:\Users\houqh13\AppData\Local\Temp\VMBuilds\SoftwareSystem\arduino_due_x_dbg\Debug/core.a(main.cpp.o)
                0x00084238                main
 .text._ZN5Print5writeEPKhj
                0x00084270       0x22 C:\Users\houqh13\AppData\Local\Temp\VMBuilds\SoftwareSystem\arduino_due_x_dbg\Debug/core.a(Print.cpp.o)
                0x00084270                Print::write(unsigned char const*, unsigned int)
 .text._ZN5Print5printEmi.part.3
                0x00084292        0xc C:\Users\houqh13\AppData\Local\Temp\VMBuilds\SoftwareSystem\arduino_due_x_dbg\Debug/core.a(Print.cpp.o)
 .text._ZN5Print5writeEPKc
                0x0008429e       0x1e C:\Users\houqh13\AppData\Local\Temp\VMBuilds\SoftwareSystem\arduino_due_x_dbg\Debug/core.a(Print.cpp.o)
                0x0008429e                Print::write(char const*)
 .text._ZN5Print5printEPKc
                0x000842bc        0x8 C:\Users\houqh13\AppData\Local\Temp\VMBuilds\SoftwareSystem\arduino_due_x_dbg\Debug/core.a(Print.cpp.o)
                0x000842bc                Print::print(char const*)
 .text._ZN5Print5printEc
                0x000842c4        0xa C:\Users\houqh13\AppData\Local\Temp\VMBuilds\SoftwareSystem\arduino_due_x_dbg\Debug/core.a(Print.cpp.o)
                0x000842c4                Print::print(char)
 *fill*         0x000842ce        0x2 
 .text._ZN5Print7printlnEv
                0x000842d0       0x10 C:\Users\houqh13\AppData\Local\Temp\VMBuilds\SoftwareSystem\arduino_due_x_dbg\Debug/core.a(Print.cpp.o)
                0x000842d0                Print::println()
 .text._ZN5Print7printlnEPKc
                0x000842e0       0x14 C:\Users\houqh13\AppData\Local\Temp\VMBuilds\SoftwareSystem\arduino_due_x_dbg\Debug/core.a(Print.cpp.o)
                0x000842e0                Print::println(char const*)
 .text._ZN5Print11printNumberEmh
                0x000842f4       0x3e C:\Users\houqh13\AppData\Local\Temp\VMBuilds\SoftwareSystem\arduino_due_x_dbg\Debug/core.a(Print.cpp.o)
                0x000842f4                Print::printNumber(unsigned long, unsigned char)
 .text._ZN5Print5printEli
                0x00084332       0x3c C:\Users\houqh13\AppData\Local\Temp\VMBuilds\SoftwareSystem\arduino_due_x_dbg\Debug/core.a(Print.cpp.o)
                0x00084332                Print::print(long, int)
 .text._ZN5Print7printlnEii
                0x0008436e       0x14 C:\Users\houqh13\AppData\Local\Temp\VMBuilds\SoftwareSystem\arduino_due_x_dbg\Debug/core.a(Print.cpp.o)
                0x0008436e                Print::println(int, int)
 .text._ZN5Print5printEmi
                0x00084382        0xc C:\Users\houqh13\AppData\Local\Temp\VMBuilds\SoftwareSystem\arduino_due_x_dbg\Debug/core.a(Print.cpp.o)
                0x00084382                Print::print(unsigned long, int)
 .text._ZN5Print5printEhi
                0x0008438e        0x4 C:\Users\houqh13\AppData\Local\Temp\VMBuilds\SoftwareSystem\arduino_due_x_dbg\Debug/core.a(Print.cpp.o)
                0x0008438e                Print::print(unsigned char, int)
 *fill*         0x00084392        0x2 
 .text._ZN5Print10printFloatEdh
                0x00084394      0x148 C:\Users\houqh13\AppData\Local\Temp\VMBuilds\SoftwareSystem\arduino_due_x_dbg\Debug/core.a(Print.cpp.o)
                0x00084394                Print::printFloat(double, unsigned char)
 .text._ZN5Print5printEdi
                0x000844dc        0xa C:\Users\houqh13\AppData\Local\Temp\VMBuilds\SoftwareSystem\arduino_due_x_dbg\Debug/core.a(Print.cpp.o)
                0x000844dc                Print::print(double, int)
 .text._ZN5Print7printlnEdi
                0x000844e6       0x1c C:\Users\houqh13\AppData\Local\Temp\VMBuilds\SoftwareSystem\arduino_due_x_dbg\Debug/core.a(Print.cpp.o)
                0x000844e6                Print::println(double, int)
 *fill*         0x00084502        0x2 
 .text.initiateReset
                0x00084504        0xc C:\Users\houqh13\AppData\Local\Temp\VMBuilds\SoftwareSystem\arduino_due_x_dbg\Debug/core.a(Reset.cpp.o)
                0x00084504                initiateReset
 .text.cancelReset
                0x00084510       0x10 C:\Users\houqh13\AppData\Local\Temp\VMBuilds\SoftwareSystem\arduino_due_x_dbg\Debug/core.a(Reset.cpp.o)
                0x00084510                cancelReset
 .text.tickReset
                0x00084520       0x20 C:\Users\houqh13\AppData\Local\Temp\VMBuilds\SoftwareSystem\arduino_due_x_dbg\Debug/core.a(Reset.cpp.o)
                0x00084520                tickReset
 .text._ZN10RingBufferC2Ev
                0x00084540       0x1a C:\Users\houqh13\AppData\Local\Temp\VMBuilds\SoftwareSystem\arduino_due_x_dbg\Debug/core.a(RingBuffer.cpp.o)
                0x00084540                RingBuffer::RingBuffer()
                0x00084540                RingBuffer::RingBuffer()
 .text._ZN10RingBuffer10store_charEh
                0x0008455a       0x1e C:\Users\houqh13\AppData\Local\Temp\VMBuilds\SoftwareSystem\arduino_due_x_dbg\Debug/core.a(RingBuffer.cpp.o)
                0x0008455a                RingBuffer::store_char(unsigned char)
 .text._ZN6Stream9timedReadEv
                0x00084578       0x2a C:\Users\houqh13\AppData\Local\Temp\VMBuilds\SoftwareSystem\arduino_due_x_dbg\Debug/core.a(Stream.cpp.o)
                0x00084578                Stream::timedRead()
 *fill*         0x000845a2        0x2 
 .text._ZN6Stream10readStringEv
                0x000845a4       0x28 C:\Users\houqh13\AppData\Local\Temp\VMBuilds\SoftwareSystem\arduino_due_x_dbg\Debug/core.a(Stream.cpp.o)
                0x000845a4                Stream::readString()
 .text._ZN9UARTClasscvbEv
                0x000845cc        0x4 C:\Users\houqh13\AppData\Local\Temp\VMBuilds\SoftwareSystem\arduino_due_x_dbg\Debug/core.a(UARTClass.cpp.o)
                0x000845cc                UARTClass::operator bool()
 .text._ZN9UARTClass9availableEv
                0x000845d0       0x12 C:\Users\houqh13\AppData\Local\Temp\VMBuilds\SoftwareSystem\arduino_due_x_dbg\Debug/core.a(UARTClass.cpp.o)
                0x000845d0                UARTClass::available()
 .text._ZN9UARTClass4peekEv
                0x000845e2       0x1c C:\Users\houqh13\AppData\Local\Temp\VMBuilds\SoftwareSystem\arduino_due_x_dbg\Debug/core.a(UARTClass.cpp.o)
                0x000845e2                UARTClass::peek()
 .text._ZN9UARTClass4readEv
                0x000845fe       0x2a C:\Users\houqh13\AppData\Local\Temp\VMBuilds\SoftwareSystem\arduino_due_x_dbg\Debug/core.a(UARTClass.cpp.o)
                0x000845fe                UARTClass::read()
 .text._ZN9UARTClass5flushEv
                0x00084628       0x18 C:\Users\houqh13\AppData\Local\Temp\VMBuilds\SoftwareSystem\arduino_due_x_dbg\Debug/core.a(UARTClass.cpp.o)
                0x00084628                UARTClass::flush()
 .text._ZN9UARTClass5writeEh
                0x00084640       0x54 C:\Users\houqh13\AppData\Local\Temp\VMBuilds\SoftwareSystem\arduino_due_x_dbg\Debug/core.a(UARTClass.cpp.o)
                0x00084640                UARTClass::write(unsigned char)
 .text._ZN9UARTClass3endEv
                0x00084694       0x3c C:\Users\houqh13\AppData\Local\Temp\VMBuilds\SoftwareSystem\arduino_due_x_dbg\Debug/core.a(UARTClass.cpp.o)
                0x00084694                UARTClass::end()
 .text._ZN9UARTClassC2EP4Uart4IRQnmP10RingBufferS4_
                0x000846d0       0x24 C:\Users\houqh13\AppData\Local\Temp\VMBuilds\SoftwareSystem\arduino_due_x_dbg\Debug/core.a(UARTClass.cpp.o)
                0x000846d0                UARTClass::UARTClass(Uart*, IRQn, unsigned long, RingBuffer*, RingBuffer*)
                0x000846d0                UARTClass::UARTClass(Uart*, IRQn, unsigned long, RingBuffer*, RingBuffer*)
 .text._ZN9UARTClass4initEmm
                0x000846f4       0x70 C:\Users\houqh13\AppData\Local\Temp\VMBuilds\SoftwareSystem\arduino_due_x_dbg\Debug/core.a(UARTClass.cpp.o)
                0x000846f4                UARTClass::init(unsigned long, unsigned long)
 .text._ZN9UARTClass5beginEm
                0x00084764        0x8 C:\Users\houqh13\AppData\Local\Temp\VMBuilds\SoftwareSystem\arduino_due_x_dbg\Debug/core.a(UARTClass.cpp.o)
                0x00084764                UARTClass::begin(unsigned long)
 .text._ZN9UARTClass10IrqHandlerEv
                0x0008476c       0x5a C:\Users\houqh13\AppData\Local\Temp\VMBuilds\SoftwareSystem\arduino_due_x_dbg\Debug/core.a(UARTClass.cpp.o)
                0x0008476c                UARTClass::IrqHandler()
 .text._ZN10USARTClass5beginEm
                0x000847c6        0x8 C:\Users\houqh13\AppData\Local\Temp\VMBuilds\SoftwareSystem\arduino_due_x_dbg\Debug/core.a(USARTClass.cpp.o)
                0x000847c6                USARTClass::begin(unsigned long)
 *fill*         0x000847ce        0x2 
 .text._ZN10USARTClassC2EP5Usart4IRQnmP10RingBufferS4_
                0x000847d0       0x24 C:\Users\houqh13\AppData\Local\Temp\VMBuilds\SoftwareSystem\arduino_due_x_dbg\Debug/core.a(USARTClass.cpp.o)
                0x000847d0                USARTClass::USARTClass(Usart*, IRQn, unsigned long, RingBuffer*, RingBuffer*)
                0x000847d0                USARTClass::USARTClass(Usart*, IRQn, unsigned long, RingBuffer*, RingBuffer*)
 .text._watchdogDefaultSetup
                0x000847f4        0xc C:\Users\houqh13\AppData\Local\Temp\VMBuilds\SoftwareSystem\arduino_due_x_dbg\Debug/core.a(watchdog.cpp.o)
                0x000847f4                _watchdogDefaultSetup
                0x000847f4                watchdogSetup()
 .text._ZN6StringD2Ev
                0x00084800        0xe C:\Users\houqh13\AppData\Local\Temp\VMBuilds\SoftwareSystem\arduino_due_x_dbg\Debug/core.a(WString.cpp.o)
                0x00084800                String::~String()
                0x00084800                String::~String()
 .text._ZN6String10invalidateEv
                0x0008480e       0x16 C:\Users\houqh13\AppData\Local\Temp\VMBuilds\SoftwareSystem\arduino_due_x_dbg\Debug/core.a(WString.cpp.o)
                0x0008480e                String::invalidate()
 .text._ZN6String12changeBufferEj
                0x00084824       0x18 C:\Users\houqh13\AppData\Local\Temp\VMBuilds\SoftwareSystem\arduino_due_x_dbg\Debug/core.a(WString.cpp.o)
                0x00084824                String::changeBuffer(unsigned int)
 .text._ZN6String7reserveEj
                0x0008483c       0x22 C:\Users\houqh13\AppData\Local\Temp\VMBuilds\SoftwareSystem\arduino_due_x_dbg\Debug/core.a(WString.cpp.o)
                0x0008483c                String::reserve(unsigned int)
 .text._ZN6String4copyEPKcj
                0x0008485e       0x26 C:\Users\houqh13\AppData\Local\Temp\VMBuilds\SoftwareSystem\arduino_due_x_dbg\Debug/core.a(WString.cpp.o)
                0x0008485e                String::copy(char const*, unsigned int)
 .text._ZN6StringC2EPKc
                0x00084884       0x24 C:\Users\houqh13\AppData\Local\Temp\VMBuilds\SoftwareSystem\arduino_due_x_dbg\Debug/core.a(WString.cpp.o)
                0x00084884                String::String(char const*)
                0x00084884                String::String(char const*)
 .text._ZN6String6concatEPKcj
                0x000848a8       0x2e C:\Users\houqh13\AppData\Local\Temp\VMBuilds\SoftwareSystem\arduino_due_x_dbg\Debug/core.a(WString.cpp.o)
                0x000848a8                String::concat(char const*, unsigned int)
 .text._ZN6String6concatEc
                0x000848d6       0x1a C:\Users\houqh13\AppData\Local\Temp\VMBuilds\SoftwareSystem\arduino_due_x_dbg\Debug/core.a(WString.cpp.o)
                0x000848d6                String::concat(char)
 .text._ZNK6String5toIntEv
                0x000848f0        0xa C:\Users\houqh13\AppData\Local\Temp\VMBuilds\SoftwareSystem\arduino_due_x_dbg\Debug/core.a(WString.cpp.o)
                0x000848f0                String::toInt() const
 *fill*         0x000848fa        0x2 
 .text.unlikely._ZL11USB_SendZlpv
                0x000848fc       0x20 C:\Users\houqh13\AppData\Local\Temp\VMBuilds\SoftwareSystem\arduino_due_x_dbg\Debug/core.a(USBCore.cpp.o)
 .text._Z14USBD_Availablem
                0x0008491c       0x2c C:\Users\houqh13\AppData\Local\Temp\VMBuilds\SoftwareSystem\arduino_due_x_dbg\Debug/core.a(USBCore.cpp.o)
                0x0008491c                USBD_Available(unsigned long)
 .text._Z9USBD_RecvmPvm
                0x00084948       0x7c C:\Users\houqh13\AppData\Local\Temp\VMBuilds\SoftwareSystem\arduino_due_x_dbg\Debug/core.a(USBCore.cpp.o)
                0x00084948                USBD_Recv(unsigned long, void*, unsigned long)
 .text._Z9USBD_Recvm
                0x000849c4       0x22 C:\Users\houqh13\AppData\Local\Temp\VMBuilds\SoftwareSystem\arduino_due_x_dbg\Debug/core.a(USBCore.cpp.o)
                0x000849c4                USBD_Recv(unsigned long)
 *fill*         0x000849e6        0x2 
 .text._Z9USBD_SendmPKvm
                0x000849e8       0x4c C:\Users\houqh13\AppData\Local\Temp\VMBuilds\SoftwareSystem\arduino_due_x_dbg\Debug/core.a(USBCore.cpp.o)
                0x000849e8                USBD_Send(unsigned long, void const*, unsigned long)
 .text._Z16USBD_SendControlhPKvm
                0x00084a34       0x40 C:\Users\houqh13\AppData\Local\Temp\VMBuilds\SoftwareSystem\arduino_due_x_dbg\Debug/core.a(USBCore.cpp.o)
                0x00084a34                USBD_SendControl(unsigned char, void const*, unsigned long)
 .text.unlikely._ZL24USB_SendStringDescriptorPKhi
                0x00084a74       0x64 C:\Users\houqh13\AppData\Local\Temp\VMBuilds\SoftwareSystem\arduino_due_x_dbg\Debug/core.a(USBCore.cpp.o)
 .text._Z16USBD_RecvControlPvm
                0x00084ad8       0x1c C:\Users\houqh13\AppData\Local\Temp\VMBuilds\SoftwareSystem\arduino_due_x_dbg\Debug/core.a(USBCore.cpp.o)
                0x00084ad8                USBD_RecvControl(void*, unsigned long)
 .text._Z26USBD_ClassInterfaceRequestR8USBSetup
                0x00084af4       0x1e C:\Users\houqh13\AppData\Local\Temp\VMBuilds\SoftwareSystem\arduino_due_x_dbg\Debug/core.a(USBCore.cpp.o)
                0x00084af4                USBD_ClassInterfaceRequest(USBSetup&)
 .text._Z19USBD_SendInterfacesv
                0x00084b12       0x22 C:\Users\houqh13\AppData\Local\Temp\VMBuilds\SoftwareSystem\arduino_due_x_dbg\Debug/core.a(USBCore.cpp.o)
                0x00084b12                USBD_SendInterfaces()
 .text._Z24USBD_SendOtherInterfacesv
                0x00084b34       0x22 C:\Users\houqh13\AppData\Local\Temp\VMBuilds\SoftwareSystem\arduino_due_x_dbg\Debug/core.a(USBCore.cpp.o)
                0x00084b34                USBD_SendOtherInterfaces()
 .text._Z10USBD_Flushm
                0x00084b56       0x16 C:\Users\houqh13\AppData\Local\Temp\VMBuilds\SoftwareSystem\arduino_due_x_dbg\Debug/core.a(USBCore.cpp.o)
                0x00084b56                USBD_Flush(unsigned long)
 .text._ZN10USBDevice_C2Ev
                0x00084b6c       0x24 C:\Users\houqh13\AppData\Local\Temp\VMBuilds\SoftwareSystem\arduino_due_x_dbg\Debug/core.a(USBCore.cpp.o)
                0x00084b6c                USBDevice_::USBDevice_()
                0x00084b6c                USBDevice_::USBDevice_()
 .text._ZN10USBDevice_6attachEv
                0x00084b90       0x20 C:\Users\houqh13\AppData\Local\Temp\VMBuilds\SoftwareSystem\arduino_due_x_dbg\Debug/core.a(USBCore.cpp.o)
                0x00084b90                USBDevice_::attach()
 .text.startup._GLOBAL__sub_I_EndPoints
                0x00084bb0        0xc C:\Users\houqh13\AppData\Local\Temp\VMBuilds\SoftwareSystem\arduino_due_x_dbg\Debug/core.a(USBCore.cpp.o)
 .text._ZL7USB_ISRv
                0x00084bbc      0x454 C:\Users\houqh13\AppData\Local\Temp\VMBuilds\SoftwareSystem\arduino_due_x_dbg\Debug/core.a(USBCore.cpp.o)
 .text._ZN7Serial_9availableEv
                0x00085010       0x18 C:\Users\houqh13\AppData\Local\Temp\VMBuilds\SoftwareSystem\arduino_due_x_dbg\Debug/core.a(CDC.cpp.o)
                0x00085010                Serial_::available()
 .text._ZN7Serial_17availableForWriteEv
                0x00085028        0x6 C:\Users\houqh13\AppData\Local\Temp\VMBuilds\SoftwareSystem\arduino_due_x_dbg\Debug/core.a(CDC.cpp.o)
                0x00085028                Serial_::availableForWrite()
 *fill*         0x0008502e        0x2 
 .text._ZN7Serial_4peekEv
                0x00085030       0x20 C:\Users\houqh13\AppData\Local\Temp\VMBuilds\SoftwareSystem\arduino_due_x_dbg\Debug/core.a(CDC.cpp.o)
                0x00085030                Serial_::peek()
 .text._ZN7Serial_5writeEh
                0x00085050       0x16 C:\Users\houqh13\AppData\Local\Temp\VMBuilds\SoftwareSystem\arduino_due_x_dbg\Debug/core.a(CDC.cpp.o)
                0x00085050                Serial_::write(unsigned char)
 *fill*         0x00085066        0x2 
 .text._ZN7Serial_4readEv
                0x00085068       0x44 C:\Users\houqh13\AppData\Local\Temp\VMBuilds\SoftwareSystem\arduino_due_x_dbg\Debug/core.a(CDC.cpp.o)
                0x00085068                Serial_::read()
 .text._ZN7Serial_5flushEv
                0x000850ac        0x6 C:\Users\houqh13\AppData\Local\Temp\VMBuilds\SoftwareSystem\arduino_due_x_dbg\Debug/core.a(CDC.cpp.o)
                0x000850ac                Serial_::flush()
 *fill*         0x000850b2        0x2 
 .text._ZN7Serial_6acceptEv
                0x000850b4       0x70 C:\Users\houqh13\AppData\Local\Temp\VMBuilds\SoftwareSystem\arduino_due_x_dbg\Debug/core.a(CDC.cpp.o)
                0x000850b4                Serial_::accept()
 .text._ZN7Serial_5writeEPKhj
                0x00085124       0x2c C:\Users\houqh13\AppData\Local\Temp\VMBuilds\SoftwareSystem\arduino_due_x_dbg\Debug/core.a(CDC.cpp.o)
                0x00085124                Serial_::write(unsigned char const*, unsigned int)
 .text._Z16CDC_GetInterfacePh
                0x00085150       0x14 C:\Users\houqh13\AppData\Local\Temp\VMBuilds\SoftwareSystem\arduino_due_x_dbg\Debug/core.a(CDC.cpp.o)
                0x00085150                CDC_GetInterface(unsigned char*)
 .text._Z21CDC_GetOtherInterfacePh
                0x00085164       0x14 C:\Users\houqh13\AppData\Local\Temp\VMBuilds\SoftwareSystem\arduino_due_x_dbg\Debug/core.a(CDC.cpp.o)
                0x00085164                CDC_GetOtherInterface(unsigned char*)
 .text._Z9CDC_SetupR8USBSetup
                0x00085178       0x78 C:\Users\houqh13\AppData\Local\Temp\VMBuilds\SoftwareSystem\arduino_due_x_dbg\Debug/core.a(CDC.cpp.o)
                0x00085178                CDC_Setup(USBSetup&)
 .text.startup._GLOBAL__sub_I_cdc_rx_buffer
                0x000851f0       0x1c C:\Users\houqh13\AppData\Local\Temp\VMBuilds\SoftwareSystem\arduino_due_x_dbg\Debug/core.a(CDC.cpp.o)
 .text._ZN13PluggableUSB_12getInterfaceEPh
                0x0008520c       0x28 C:\Users\houqh13\AppData\Local\Temp\VMBuilds\SoftwareSystem\arduino_due_x_dbg\Debug/core.a(PluggableUSB.cpp.o)
                0x0008520c                PluggableUSB_::getInterface(unsigned char*)
 .text._ZN13PluggableUSB_13getDescriptorER8USBSetup
                0x00085234       0x1c C:\Users\houqh13\AppData\Local\Temp\VMBuilds\SoftwareSystem\arduino_due_x_dbg\Debug/core.a(PluggableUSB.cpp.o)
                0x00085234                PluggableUSB_::getDescriptor(USBSetup&)
 .text._ZN13PluggableUSB_12getShortNameEPc
                0x00085250       0x1c C:\Users\houqh13\AppData\Local\Temp\VMBuilds\SoftwareSystem\arduino_due_x_dbg\Debug/core.a(PluggableUSB.cpp.o)
                0x00085250                PluggableUSB_::getShortName(char*)
 .text._ZN13PluggableUSB_5setupER8USBSetup
                0x0008526c       0x20 C:\Users\houqh13\AppData\Local\Temp\VMBuilds\SoftwareSystem\arduino_due_x_dbg\Debug/core.a(PluggableUSB.cpp.o)
                0x0008526c                PluggableUSB_::setup(USBSetup&)
 .text._Z12PluggableUSBv
                0x0008528c       0x28 C:\Users\houqh13\AppData\Local\Temp\VMBuilds\SoftwareSystem\arduino_due_x_dbg\Debug/core.a(PluggableUSB.cpp.o)
                0x0008528c                PluggableUSB()
 .text.TimeTick_Increment
                0x000852b4       0x10 C:\Users\houqh13\AppData\Local\arduino15\packages\arduino\hardware\sam\1.6.11\variants\arduino_due_x/libsam_sam3x8e_gcc_rel.a(timetick.o)
                0x000852b4                TimeTick_Increment
 .text.GetTickCount
                0x000852c4        0xc C:\Users\houqh13\AppData\Local\arduino15\packages\arduino\hardware\sam\1.6.11\variants\arduino_due_x/libsam_sam3x8e_gcc_rel.a(timetick.o)
                0x000852c4                GetTickCount
 .text.WDT_Disable
                0x000852d0        0x8 C:\Users\houqh13\AppData\Local\arduino15\packages\arduino\hardware\sam\1.6.11\variants\arduino_due_x/libsam_sam3x8e_gcc_rel.a(wdt.o)
                0x000852d0                WDT_Disable
 .text.UDD_SetStack
                0x000852d8        0xc C:\Users\houqh13\AppData\Local\arduino15\packages\arduino\hardware\sam\1.6.11\variants\arduino_due_x/libsam_sam3x8e_gcc_rel.a(uotghs_device.o)
                0x000852d8                UDD_SetStack
 .text.UDD_Init
                0x000852e4       0xd0 C:\Users\houqh13\AppData\Local\arduino15\packages\arduino\hardware\sam\1.6.11\variants\arduino_due_x/libsam_sam3x8e_gcc_rel.a(uotghs_device.o)
                0x000852e4                UDD_Init
 .text.UDD_Attach
                0x000853b4       0x50 C:\Users\houqh13\AppData\Local\arduino15\packages\arduino\hardware\sam\1.6.11\variants\arduino_due_x/libsam_sam3x8e_gcc_rel.a(uotghs_device.o)
                0x000853b4                UDD_Attach
 .text.UDD_InitEP
                0x00085404       0x2c C:\Users\houqh13\AppData\Local\arduino15\packages\arduino\hardware\sam\1.6.11\variants\arduino_due_x/libsam_sam3x8e_gcc_rel.a(uotghs_device.o)
                0x00085404                UDD_InitEP
 .text.UDD_InitEndpoints
                0x00085430       0x3c C:\Users\houqh13\AppData\Local\arduino15\packages\arduino\hardware\sam\1.6.11\variants\arduino_due_x/libsam_sam3x8e_gcc_rel.a(uotghs_device.o)
                0x00085430                UDD_InitEndpoints
 .text.UDD_WaitIN
                0x0008546c       0x10 C:\Users\houqh13\AppData\Local\arduino15\packages\arduino\hardware\sam\1.6.11\variants\arduino_due_x/libsam_sam3x8e_gcc_rel.a(uotghs_device.o)
                0x0008546c                UDD_WaitIN
 .text.UDD_WaitOUT
                0x0008547c       0x10 C:\Users\houqh13\AppData\Local\arduino15\packages\arduino\hardware\sam\1.6.11\variants\arduino_due_x/libsam_sam3x8e_gcc_rel.a(uotghs_device.o)
                0x0008547c                UDD_WaitOUT
 .text.UDD_ClearIN
                0x0008548c       0x18 C:\Users\houqh13\AppData\Local\arduino15\packages\arduino\hardware\sam\1.6.11\variants\arduino_due_x/libsam_sam3x8e_gcc_rel.a(uotghs_device.o)
                0x0008548c                UDD_ClearIN
 .text.UDD_ClearOUT
                0x000854a4       0x18 C:\Users\houqh13\AppData\Local\arduino15\packages\arduino\hardware\sam\1.6.11\variants\arduino_due_x/libsam_sam3x8e_gcc_rel.a(uotghs_device.o)
                0x000854a4                UDD_ClearOUT
 .text.UDD_ReceivedSetupInt
                0x000854bc       0x10 C:\Users\houqh13\AppData\Local\arduino15\packages\arduino\hardware\sam\1.6.11\variants\arduino_due_x/libsam_sam3x8e_gcc_rel.a(uotghs_device.o)
                0x000854bc                UDD_ReceivedSetupInt
 .text.UDD_ClearSetupInt
                0x000854cc       0x10 C:\Users\houqh13\AppData\Local\arduino15\packages\arduino\hardware\sam\1.6.11\variants\arduino_due_x/libsam_sam3x8e_gcc_rel.a(uotghs_device.o)
                0x000854cc                UDD_ClearSetupInt
 .text.UDD_Send
                0x000854dc       0x88 C:\Users\houqh13\AppData\Local\arduino15\packages\arduino\hardware\sam\1.6.11\variants\arduino_due_x/libsam_sam3x8e_gcc_rel.a(uotghs_device.o)
                0x000854dc                UDD_Send
 .text.UDD_Send8
                0x00085564       0x24 C:\Users\houqh13\AppData\Local\arduino15\packages\arduino\hardware\sam\1.6.11\variants\arduino_due_x/libsam_sam3x8e_gcc_rel.a(uotghs_device.o)
                0x00085564                UDD_Send8
 .text.UDD_Recv8
                0x00085588       0x28 C:\Users\houqh13\AppData\Local\arduino15\packages\arduino\hardware\sam\1.6.11\variants\arduino_due_x/libsam_sam3x8e_gcc_rel.a(uotghs_device.o)
                0x00085588                UDD_Recv8
 .text.UDD_Recv
                0x000855b0       0x34 C:\Users\houqh13\AppData\Local\arduino15\packages\arduino\hardware\sam\1.6.11\variants\arduino_due_x/libsam_sam3x8e_gcc_rel.a(uotghs_device.o)
                0x000855b0                UDD_Recv
 .text.UDD_Stall
                0x000855e4       0x14 C:\Users\houqh13\AppData\Local\arduino15\packages\arduino\hardware\sam\1.6.11\variants\arduino_due_x/libsam_sam3x8e_gcc_rel.a(uotghs_device.o)
                0x000855e4                UDD_Stall
 .text.UDD_FifoByteCount
                0x000855f8       0x14 C:\Users\houqh13\AppData\Local\arduino15\packages\arduino\hardware\sam\1.6.11\variants\arduino_due_x/libsam_sam3x8e_gcc_rel.a(uotghs_device.o)
                0x000855f8                UDD_FifoByteCount
 .text.UDD_ReleaseRX
                0x0008560c       0x28 C:\Users\houqh13\AppData\Local\arduino15\packages\arduino\hardware\sam\1.6.11\variants\arduino_due_x/libsam_sam3x8e_gcc_rel.a(uotghs_device.o)
                0x0008560c                UDD_ReleaseRX
 .text.UDD_ReleaseTX
                0x00085634       0x28 C:\Users\houqh13\AppData\Local\arduino15\packages\arduino\hardware\sam\1.6.11\variants\arduino_due_x/libsam_sam3x8e_gcc_rel.a(uotghs_device.o)
                0x00085634                UDD_ReleaseTX
 .text.UDD_SetAddress
                0x0008565c       0x20 C:\Users\houqh13\AppData\Local\arduino15\packages\arduino\hardware\sam\1.6.11\variants\arduino_due_x/libsam_sam3x8e_gcc_rel.a(uotghs_device.o)
                0x0008565c                UDD_SetAddress
 *fill*         0x0008567c        0x4 
 .text.atan     0x00085680      0x350 c:/users/houqh13/appdata/local/arduino15/packages/arduino/tools/arm-none-eabi-gcc/4.8.3-2014q1/bin/../lib/gcc/arm-none-eabi/4.8.3/../../../../arm-none-eabi/lib/armv7-m\libm.a(lib_a-s_atan.o)
                0x00085680                atan
 .text.cos      0x000859d0       0x8c c:/users/houqh13/appdata/local/arduino15/packages/arduino/tools/arm-none-eabi-gcc/4.8.3-2014q1/bin/../lib/gcc/arm-none-eabi/4.8.3/../../../../arm-none-eabi/lib/armv7-m\libm.a(lib_a-s_cos.o)
                0x000859d0                cos
 .text.fabs     0x00085a5c        0x8 c:/users/houqh13/appdata/local/arduino15/packages/arduino/tools/arm-none-eabi-gcc/4.8.3-2014q1/bin/../lib/gcc/arm-none-eabi/4.8.3/../../../../arm-none-eabi/lib/armv7-m\libm.a(lib_a-s_fabs.o)
                0x00085a5c                fabs
 .text.__fpclassifyd
                0x00085a64       0x50 c:/users/houqh13/appdata/local/arduino15/packages/arduino/tools/arm-none-eabi-gcc/4.8.3-2014q1/bin/../lib/gcc/arm-none-eabi/4.8.3/../../../../arm-none-eabi/lib/armv7-m\libm.a(lib_a-s_fpclassify.o)
                0x00085a64                __fpclassifyd
 .text.sin      0x00085ab4       0x94 c:/users/houqh13/appdata/local/arduino15/packages/arduino/tools/arm-none-eabi-gcc/4.8.3-2014q1/bin/../lib/gcc/arm-none-eabi/4.8.3/../../../../arm-none-eabi/lib/armv7-m\libm.a(lib_a-s_sin.o)
                0x00085ab4                sin
 .text.acos     0x00085b48       0xa8 c:/users/houqh13/appdata/local/arduino15/packages/arduino/tools/arm-none-eabi-gcc/4.8.3-2014q1/bin/../lib/gcc/arm-none-eabi/4.8.3/../../../../arm-none-eabi/lib/armv7-m\libm.a(lib_a-w_acos.o)
                0x00085b48                acos
 .text.sqrt     0x00085bf0       0xac c:/users/houqh13/appdata/local/arduino15/packages/arduino/tools/arm-none-eabi-gcc/4.8.3-2014q1/bin/../lib/gcc/arm-none-eabi/4.8.3/../../../../arm-none-eabi/lib/armv7-m\libm.a(lib_a-w_sqrt.o)
                0x00085bf0                sqrt
 *fill*         0x00085c9c        0x4 
 .text.__ieee754_acos
                0x00085ca0      0x4b8 c:/users/houqh13/appdata/local/arduino15/packages/arduino/tools/arm-none-eabi-gcc/4.8.3-2014q1/bin/../lib/gcc/arm-none-eabi/4.8.3/../../../../arm-none-eabi/lib/armv7-m\libm.a(lib_a-e_acos.o)
                0x00085ca0                __ieee754_acos
 .text.__ieee754_rem_pio2
                0x00086158      0x440 c:/users/houqh13/appdata/local/arduino15/packages/arduino/tools/arm-none-eabi-gcc/4.8.3-2014q1/bin/../lib/gcc/arm-none-eabi/4.8.3/../../../../arm-none-eabi/lib/armv7-m\libm.a(lib_a-e_rem_pio2.o)
                0x00086158                __ieee754_rem_pio2
 .text.__ieee754_sqrt
                0x00086598      0x180 c:/users/houqh13/appdata/local/arduino15/packages/arduino/tools/arm-none-eabi-gcc/4.8.3-2014q1/bin/../lib/gcc/arm-none-eabi/4.8.3/../../../../arm-none-eabi/lib/armv7-m\libm.a(lib_a-e_sqrt.o)
                0x00086598                __ieee754_sqrt
 .text.__kernel_cos
                0x00086718      0x248 c:/users/houqh13/appdata/local/arduino15/packages/arduino/tools/arm-none-eabi-gcc/4.8.3-2014q1/bin/../lib/gcc/arm-none-eabi/4.8.3/../../../../arm-none-eabi/lib/armv7-m\libm.a(lib_a-k_cos.o)
                0x00086718                __kernel_cos
 .text.__kernel_rem_pio2
                0x00086960      0x7bc c:/users/houqh13/appdata/local/arduino15/packages/arduino/tools/arm-none-eabi-gcc/4.8.3-2014q1/bin/../lib/gcc/arm-none-eabi/4.8.3/../../../../arm-none-eabi/lib/armv7-m\libm.a(lib_a-k_rem_pio2.o)
                0x00086960                __kernel_rem_pio2
 *fill*         0x0008711c        0x4 
 .text.__kernel_sin
                0x00087120      0x170 c:/users/houqh13/appdata/local/arduino15/packages/arduino/tools/arm-none-eabi-gcc/4.8.3-2014q1/bin/../lib/gcc/arm-none-eabi/4.8.3/../../../../arm-none-eabi/lib/armv7-m\libm.a(lib_a-k_sin.o)
                0x00087120                __kernel_sin
 .text.floor    0x00087290      0x120 c:/users/houqh13/appdata/local/arduino15/packages/arduino/tools/arm-none-eabi-gcc/4.8.3-2014q1/bin/../lib/gcc/arm-none-eabi/4.8.3/../../../../arm-none-eabi/lib/armv7-m\libm.a(lib_a-s_floor.o)
                0x00087290                floor
 .text.matherr  0x000873b0        0x4 c:/users/houqh13/appdata/local/arduino15/packages/arduino/tools/arm-none-eabi-gcc/4.8.3-2014q1/bin/../lib/gcc/arm-none-eabi/4.8.3/../../../../arm-none-eabi/lib/armv7-m\libm.a(lib_a-s_matherr.o)
                0x000873b0                matherr
 .text.nan      0x000873b4        0xc c:/users/houqh13/appdata/local/arduino15/packages/arduino/tools/arm-none-eabi-gcc/4.8.3-2014q1/bin/../lib/gcc/arm-none-eabi/4.8.3/../../../../arm-none-eabi/lib/armv7-m\libm.a(lib_a-s_nan.o)
                0x000873b4                nan
 .text.scalbn   0x000873c0      0x100 c:/users/houqh13/appdata/local/arduino15/packages/arduino/tools/arm-none-eabi-gcc/4.8.3-2014q1/bin/../lib/gcc/arm-none-eabi/4.8.3/../../../../arm-none-eabi/lib/armv7-m\libm.a(lib_a-s_scalbn.o)
                0x000873c0                scalbn
 .text.copysign
                0x000874c0       0x14 c:/users/houqh13/appdata/local/arduino15/packages/arduino/tools/arm-none-eabi-gcc/4.8.3-2014q1/bin/../lib/gcc/arm-none-eabi/4.8.3/../../../../arm-none-eabi/lib/armv7-m\libm.a(lib_a-s_copysign.o)
                0x000874c0                copysign
 .text          0x000874d4      0x370 c:/users/houqh13/appdata/local/arduino15/packages/arduino/tools/arm-none-eabi-gcc/4.8.3-2014q1/bin/../lib/gcc/arm-none-eabi/4.8.3/armv7-m\libgcc.a(_arm_addsubdf3.o)
                0x000874d4                __aeabi_drsub
                0x000874dc                __aeabi_dsub
                0x000874dc                __subdf3
                0x000874e0                __aeabi_dadd
                0x000874e0                __adddf3
                0x00087758                __floatunsidf
                0x00087758                __aeabi_ui2d
                0x00087778                __floatsidf
                0x00087778                __aeabi_i2d
                0x0008779c                __aeabi_f2d
                0x0008779c                __extendsfdf2
                0x000877d8                __floatundidf
                0x000877d8                __aeabi_ul2d
                0x000877e8                __floatdidf
                0x000877e8                __aeabi_l2d
 .text          0x00087844      0x424 c:/users/houqh13/appdata/local/arduino15/packages/arduino/tools/arm-none-eabi-gcc/4.8.3-2014q1/bin/../lib/gcc/arm-none-eabi/4.8.3/armv7-m\libgcc.a(_arm_muldivdf3.o)
                0x00087844                __aeabi_dmul
                0x00087844                __muldf3
                0x00087a98                __divdf3
                0x00087a98                __aeabi_ddiv
 .text          0x00087c68      0x110 c:/users/houqh13/appdata/local/arduino15/packages/arduino/tools/arm-none-eabi-gcc/4.8.3-2014q1/bin/../lib/gcc/arm-none-eabi/4.8.3/armv7-m\libgcc.a(_arm_cmpdf2.o)
                0x00087c68                __gtdf2
                0x00087c68                __gedf2
                0x00087c70                __ltdf2
                0x00087c70                __ledf2
                0x00087c78                __nedf2
                0x00087c78                __eqdf2
                0x00087c78                __cmpdf2
                0x00087cf4                __aeabi_cdrcmple
                0x00087d04                __aeabi_cdcmpeq
                0x00087d04                __aeabi_cdcmple
                0x00087d14                __aeabi_dcmpeq
                0x00087d28                __aeabi_dcmplt
                0x00087d3c                __aeabi_dcmple
                0x00087d50                __aeabi_dcmpge
                0x00087d64                __aeabi_dcmpgt
 .text          0x00087d78       0x50 c:/users/houqh13/appdata/local/arduino15/packages/arduino/tools/arm-none-eabi-gcc/4.8.3-2014q1/bin/../lib/gcc/arm-none-eabi/4.8.3/armv7-m\libgcc.a(_arm_fixdfsi.o)
                0x00087d78                __aeabi_d2iz
                0x00087d78                __fixdfsi
 .text          0x00087dc8       0x40 c:/users/houqh13/appdata/local/arduino15/packages/arduino/tools/arm-none-eabi-gcc/4.8.3-2014q1/bin/../lib/gcc/arm-none-eabi/4.8.3/armv7-m\libgcc.a(_arm_fixunsdfsi.o)
                0x00087dc8                __aeabi_d2uiz
                0x00087dc8                __fixunsdfsi
 .text.__assert_func
                0x00087e08       0x3c c:/users/houqh13/appdata/local/arduino15/packages/arduino/tools/arm-none-eabi-gcc/4.8.3-2014q1/bin/../lib/gcc/arm-none-eabi/4.8.3/../../../../arm-none-eabi/lib/armv7-m\libg.a(lib_a-assert.o)
                0x00087e08                __assert_func
 .text.atol     0x00087e44        0x8 c:/users/houqh13/appdata/local/arduino15/packages/arduino/tools/arm-none-eabi-gcc/4.8.3-2014q1/bin/../lib/gcc/arm-none-eabi/4.8.3/../../../../arm-none-eabi/lib/armv7-m\libg.a(lib_a-atol.o)
                0x00087e44                atol
 .text.__errno  0x00087e4c        0xc c:/users/houqh13/appdata/local/arduino15/packages/arduino/tools/arm-none-eabi-gcc/4.8.3-2014q1/bin/../lib/gcc/arm-none-eabi/4.8.3/../../../../arm-none-eabi/lib/armv7-m\libg.a(lib_a-errno.o)
                0x00087e4c                __errno
 .text.fiprintf
                0x00087e58       0x28 c:/users/houqh13/appdata/local/arduino15/packages/arduino/tools/arm-none-eabi-gcc/4.8.3-2014q1/bin/../lib/gcc/arm-none-eabi/4.8.3/../../../../arm-none-eabi/lib/armv7-m\libg.a(lib_a-fiprintf.o)
                0x00087e58                fiprintf
 .text.__libc_init_array
                0x00087e80       0x50 c:/users/houqh13/appdata/local/arduino15/packages/arduino/tools/arm-none-eabi-gcc/4.8.3-2014q1/bin/../lib/gcc/arm-none-eabi/4.8.3/../../../../arm-none-eabi/lib/armv7-m\libg.a(lib_a-init.o)
                0x00087e80                __libc_init_array
 .text.iprintf  0x00087ed0       0x28 c:/users/houqh13/appdata/local/arduino15/packages/arduino/tools/arm-none-eabi-gcc/4.8.3-2014q1/bin/../lib/gcc/arm-none-eabi/4.8.3/../../../../arm-none-eabi/lib/armv7-m\libg.a(lib_a-iprintf.o)
                0x00087ed0                iprintf
 .text.malloc   0x00087ef8       0x10 c:/users/houqh13/appdata/local/arduino15/packages/arduino/tools/arm-none-eabi-gcc/4.8.3-2014q1/bin/../lib/gcc/arm-none-eabi/4.8.3/../../../../arm-none-eabi/lib/armv7-m\libg.a(lib_a-malloc.o)
                0x00087ef8                malloc
 .text.free     0x00087f08       0x10 c:/users/houqh13/appdata/local/arduino15/packages/arduino/tools/arm-none-eabi-gcc/4.8.3-2014q1/bin/../lib/gcc/arm-none-eabi/4.8.3/../../../../arm-none-eabi/lib/armv7-m\libg.a(lib_a-malloc.o)
                0x00087f08                free
 .text._malloc_r
                0x00087f18      0x538 c:/users/houqh13/appdata/local/arduino15/packages/arduino/tools/arm-none-eabi-gcc/4.8.3-2014q1/bin/../lib/gcc/arm-none-eabi/4.8.3/../../../../arm-none-eabi/lib/armv7-m\libg.a(lib_a-mallocr.o)
                0x00087f18                _malloc_r
 .text          0x00088450       0xec c:/users/houqh13/appdata/local/arduino15/packages/arduino/tools/arm-none-eabi-gcc/4.8.3-2014q1/bin/../lib/gcc/arm-none-eabi/4.8.3/../../../../arm-none-eabi/lib/armv7-m\libg.a(lib_a-memcpy.o)
                0x00088450                memcpy
 .text.memmove  0x0008853c       0xcc c:/users/houqh13/appdata/local/arduino15/packages/arduino/tools/arm-none-eabi-gcc/4.8.3-2014q1/bin/../lib/gcc/arm-none-eabi/4.8.3/../../../../arm-none-eabi/lib/armv7-m\libg.a(lib_a-memmove.o)
                0x0008853c                memmove
 .text.memset   0x00088608       0x94 c:/users/houqh13/appdata/local/arduino15/packages/arduino/tools/arm-none-eabi-gcc/4.8.3-2014q1/bin/../lib/gcc/arm-none-eabi/4.8.3/../../../../arm-none-eabi/lib/armv7-m\libg.a(lib_a-memset.o)
                0x00088608                memset
 .text.__malloc_lock
                0x0008869c        0x4 c:/users/houqh13/appdata/local/arduino15/packages/arduino/tools/arm-none-eabi-gcc/4.8.3-2014q1/bin/../lib/gcc/arm-none-eabi/4.8.3/../../../../arm-none-eabi/lib/armv7-m\libg.a(lib_a-mlock.o)
                0x0008869c                __malloc_lock
 .text.__malloc_unlock
                0x000886a0        0x4 c:/users/houqh13/appdata/local/arduino15/packages/arduino/tools/arm-none-eabi-gcc/4.8.3-2014q1/bin/../lib/gcc/arm-none-eabi/4.8.3/../../../../arm-none-eabi/lib/armv7-m\libg.a(lib_a-mlock.o)
                0x000886a0                __malloc_unlock
 .text.realloc  0x000886a4       0x10 c:/users/houqh13/appdata/local/arduino15/packages/arduino/tools/arm-none-eabi-gcc/4.8.3-2014q1/bin/../lib/gcc/arm-none-eabi/4.8.3/../../../../arm-none-eabi/lib/armv7-m\libg.a(lib_a-realloc.o)
                0x000886a4                realloc
 .text._realloc_r
                0x000886b4      0x3c0 c:/users/houqh13/appdata/local/arduino15/packages/arduino/tools/arm-none-eabi-gcc/4.8.3-2014q1/bin/../lib/gcc/arm-none-eabi/4.8.3/../../../../arm-none-eabi/lib/armv7-m\libg.a(lib_a-reallocr.o)
                0x000886b4                _realloc_r
 .text._sbrk_r  0x00088a74       0x24 c:/users/houqh13/appdata/local/arduino15/packages/arduino/tools/arm-none-eabi-gcc/4.8.3-2014q1/bin/../lib/gcc/arm-none-eabi/4.8.3/../../../../arm-none-eabi/lib/armv7-m\libg.a(lib_a-sbrkr.o)
                0x00088a74                _sbrk_r
 .text.strcpy   0x00088a98       0xbc c:/users/houqh13/appdata/local/arduino15/packages/arduino/tools/arm-none-eabi-gcc/4.8.3-2014q1/bin/../lib/gcc/arm-none-eabi/4.8.3/../../../../arm-none-eabi/lib/armv7-m\libg.a(lib_a-strcpy.o)
                0x00088a98                strcpy
 .text.strlen   0x00088b54       0x60 c:/users/houqh13/appdata/local/arduino15/packages/arduino/tools/arm-none-eabi-gcc/4.8.3-2014q1/bin/../lib/gcc/arm-none-eabi/4.8.3/../../../../arm-none-eabi/lib/armv7-m\libg.a(lib_a-strlen.o)
                0x00088b54                strlen
 .text._strtol_r
                0x00088bb4      0x114 c:/users/houqh13/appdata/local/arduino15/packages/arduino/tools/arm-none-eabi-gcc/4.8.3-2014q1/bin/../lib/gcc/arm-none-eabi/4.8.3/../../../../arm-none-eabi/lib/armv7-m\libg.a(lib_a-strtol.o)
                0x00088bb4                _strtol_r
 .text.strtol   0x00088cc8       0x18 c:/users/houqh13/appdata/local/arduino15/packages/arduino/tools/arm-none-eabi-gcc/4.8.3-2014q1/bin/../lib/gcc/arm-none-eabi/4.8.3/../../../../arm-none-eabi/lib/armv7-m\libg.a(lib_a-strtol.o)
                0x00088cc8                strtol
 .text.kill     0x00088ce0       0x10 c:/users/houqh13/appdata/local/arduino15/packages/arduino/tools/arm-none-eabi-gcc/4.8.3-2014q1/bin/../lib/gcc/arm-none-eabi/4.8.3/../../../../arm-none-eabi/lib/armv7-m\libg.a(lib_a-syskill.o)
                0x00088ce0                kill
 .text.__sprint_r.part.0
                0x00088cf0       0x78 c:/users/houqh13/appdata/local/arduino15/packages/arduino/tools/arm-none-eabi-gcc/4.8.3-2014q1/bin/../lib/gcc/arm-none-eabi/4.8.3/../../../../arm-none-eabi/lib/armv7-m\libg.a(lib_a-vfiprintf.o)
 .text._vfiprintf_r
                0x00088d68      0xc54 c:/users/houqh13/appdata/local/arduino15/packages/arduino/tools/arm-none-eabi-gcc/4.8.3-2014q1/bin/../lib/gcc/arm-none-eabi/4.8.3/../../../../arm-none-eabi/lib/armv7-m\libg.a(lib_a-vfiprintf.o)
                0x00088d68                _vfiprintf_r
 .text.__sbprintf
                0x000899bc       0x7c c:/users/houqh13/appdata/local/arduino15/packages/arduino/tools/arm-none-eabi-gcc/4.8.3-2014q1/bin/../lib/gcc/arm-none-eabi/4.8.3/../../../../arm-none-eabi/lib/armv7-m\libg.a(lib_a-vfiprintf.o)
 .text.__swsetup_r
                0x00089a38       0xc4 c:/users/houqh13/appdata/local/arduino15/packages/arduino/tools/arm-none-eabi-gcc/4.8.3-2014q1/bin/../lib/gcc/arm-none-eabi/4.8.3/../../../../arm-none-eabi/lib/armv7-m\libg.a(lib_a-wsetup.o)
                0x00089a38                __swsetup_r
 .text.startup.register_fini
                0x00089afc       0x14 c:/users/houqh13/appdata/local/arduino15/packages/arduino/tools/arm-none-eabi-gcc/4.8.3-2014q1/bin/../lib/gcc/arm-none-eabi/4.8.3/../../../../arm-none-eabi/lib/armv7-m\libg.a(lib_a-__call_atexit.o)
 .text.abort    0x00089b10       0x10 c:/users/houqh13/appdata/local/arduino15/packages/arduino/tools/arm-none-eabi-gcc/4.8.3-2014q1/bin/../lib/gcc/arm-none-eabi/4.8.3/../../../../arm-none-eabi/lib/armv7-m\libg.a(lib_a-abort.o)
                0x00089b10                abort
 .text.atexit   0x00089b20        0xc c:/users/houqh13/appdata/local/arduino15/packages/arduino/tools/arm-none-eabi-gcc/4.8.3-2014q1/bin/../lib/gcc/arm-none-eabi/4.8.3/../../../../arm-none-eabi/lib/armv7-m\libg.a(lib_a-atexit.o)
                0x00089b20                atexit
 .text.__sflush_r
                0x00089b2c      0x148 c:/users/houqh13/appdata/local/arduino15/packages/arduino/tools/arm-none-eabi-gcc/4.8.3-2014q1/bin/../lib/gcc/arm-none-eabi/4.8.3/../../../../arm-none-eabi/lib/armv7-m\libg.a(lib_a-fflush.o)
                0x00089b2c                __sflush_r
 .text._fflush_r
                0x00089c74       0x2c c:/users/houqh13/appdata/local/arduino15/packages/arduino/tools/arm-none-eabi-gcc/4.8.3-2014q1/bin/../lib/gcc/arm-none-eabi/4.8.3/../../../../arm-none-eabi/lib/armv7-m\libg.a(lib_a-fflush.o)
                0x00089c74                _fflush_r
 .text._cleanup_r
                0x00089ca0        0xc c:/users/houqh13/appdata/local/arduino15/packages/arduino/tools/arm-none-eabi-gcc/4.8.3-2014q1/bin/../lib/gcc/arm-none-eabi/4.8.3/../../../../arm-none-eabi/lib/armv7-m\libg.a(lib_a-findfp.o)
                0x00089ca0                _cleanup_r
 .text.__sinit  0x00089cac       0xf4 c:/users/houqh13/appdata/local/arduino15/packages/arduino/tools/arm-none-eabi-gcc/4.8.3-2014q1/bin/../lib/gcc/arm-none-eabi/4.8.3/../../../../arm-none-eabi/lib/armv7-m\libg.a(lib_a-findfp.o)
                0x00089cac                __sinit
 .text.__sfp_lock_acquire
                0x00089da0        0x4 c:/users/houqh13/appdata/local/arduino15/packages/arduino/tools/arm-none-eabi-gcc/4.8.3-2014q1/bin/../lib/gcc/arm-none-eabi/4.8.3/../../../../arm-none-eabi/lib/armv7-m\libg.a(lib_a-findfp.o)
                0x00089da0                __sfp_lock_acquire
 .text.__sfp_lock_release
                0x00089da4        0x4 c:/users/houqh13/appdata/local/arduino15/packages/arduino/tools/arm-none-eabi-gcc/4.8.3-2014q1/bin/../lib/gcc/arm-none-eabi/4.8.3/../../../../arm-none-eabi/lib/armv7-m\libg.a(lib_a-findfp.o)
                0x00089da4                __sfp_lock_release
 .text.__libc_fini_array
                0x00089da8       0x30 c:/users/houqh13/appdata/local/arduino15/packages/arduino/tools/arm-none-eabi-gcc/4.8.3-2014q1/bin/../lib/gcc/arm-none-eabi/4.8.3/../../../../arm-none-eabi/lib/armv7-m\libg.a(lib_a-fini.o)
                0x00089da8                __libc_fini_array
 .text._fputwc_r
                0x00089dd8       0xc0 c:/users/houqh13/appdata/local/arduino15/packages/arduino/tools/arm-none-eabi-gcc/4.8.3-2014q1/bin/../lib/gcc/arm-none-eabi/4.8.3/../../../../arm-none-eabi/lib/armv7-m\libg.a(lib_a-fputwc.o)
                0x00089dd8                _fputwc_r
 .text._malloc_trim_r
                0x00089e98       0x9c c:/users/houqh13/appdata/local/arduino15/packages/arduino/tools/arm-none-eabi-gcc/4.8.3-2014q1/bin/../lib/gcc/arm-none-eabi/4.8.3/../../../../arm-none-eabi/lib/armv7-m\libg.a(lib_a-freer.o)
                0x00089e98                _malloc_trim_r
 .text._free_r  0x00089f34      0x198 c:/users/houqh13/appdata/local/arduino15/packages/arduino/tools/arm-none-eabi-gcc/4.8.3-2014q1/bin/../lib/gcc/arm-none-eabi/4.8.3/../../../../arm-none-eabi/lib/armv7-m\libg.a(lib_a-freer.o)
                0x00089f34                _free_r
 .text.__sfvwrite_r
                0x0008a0cc      0x314 c:/users/houqh13/appdata/local/arduino15/packages/arduino/tools/arm-none-eabi-gcc/4.8.3-2014q1/bin/../lib/gcc/arm-none-eabi/4.8.3/../../../../arm-none-eabi/lib/armv7-m\libg.a(lib_a-fvwrite.o)
                0x0008a0cc                __sfvwrite_r
 .text._fwalk   0x0008a3e0       0x48 c:/users/houqh13/appdata/local/arduino15/packages/arduino/tools/arm-none-eabi-gcc/4.8.3-2014q1/bin/../lib/gcc/arm-none-eabi/4.8.3/../../../../arm-none-eabi/lib/armv7-m\libg.a(lib_a-fwalk.o)
                0x0008a3e0                _fwalk
 .text.__locale_charset
                0x0008a428        0x8 c:/users/houqh13/appdata/local/arduino15/packages/arduino/tools/arm-none-eabi-gcc/4.8.3-2014q1/bin/../lib/gcc/arm-none-eabi/4.8.3/../../../../arm-none-eabi/lib/armv7-m\libg.a(lib_a-locale.o)
                0x0008a428                __locale_charset
 .text.__locale_mb_cur_max
                0x0008a430        0xc c:/users/houqh13/appdata/local/arduino15/packages/arduino/tools/arm-none-eabi-gcc/4.8.3-2014q1/bin/../lib/gcc/arm-none-eabi/4.8.3/../../../../arm-none-eabi/lib/armv7-m\libg.a(lib_a-locale.o)
                0x0008a430                __locale_mb_cur_max
 .text.__smakebuf_r
                0x0008a43c       0xe0 c:/users/houqh13/appdata/local/arduino15/packages/arduino/tools/arm-none-eabi-gcc/4.8.3-2014q1/bin/../lib/gcc/arm-none-eabi/4.8.3/../../../../arm-none-eabi/lib/armv7-m\libg.a(lib_a-makebuf.o)
                0x0008a43c                __smakebuf_r
 .text.memchr   0x0008a51c       0x94 c:/users/houqh13/appdata/local/arduino15/packages/arduino/tools/arm-none-eabi-gcc/4.8.3-2014q1/bin/../lib/gcc/arm-none-eabi/4.8.3/../../../../arm-none-eabi/lib/armv7-m\libg.a(lib_a-memchr-stub.o)
                0x0008a51c                memchr
 .text._raise_r
                0x0008a5b0       0x58 c:/users/houqh13/appdata/local/arduino15/packages/arduino/tools/arm-none-eabi-gcc/4.8.3-2014q1/bin/../lib/gcc/arm-none-eabi/4.8.3/../../../../arm-none-eabi/lib/armv7-m\libg.a(lib_a-signal.o)
                0x0008a5b0                _raise_r
 .text.raise    0x0008a608       0x10 c:/users/houqh13/appdata/local/arduino15/packages/arduino/tools/arm-none-eabi-gcc/4.8.3-2014q1/bin/../lib/gcc/arm-none-eabi/4.8.3/../../../../arm-none-eabi/lib/armv7-m\libg.a(lib_a-signal.o)
                0x0008a608                raise
 .text._kill_r  0x0008a618       0x28 c:/users/houqh13/appdata/local/arduino15/packages/arduino/tools/arm-none-eabi-gcc/4.8.3-2014q1/bin/../lib/gcc/arm-none-eabi/4.8.3/../../../../arm-none-eabi/lib/armv7-m\libg.a(lib_a-signalr.o)
                0x0008a618                _kill_r
 .text._getpid_r
                0x0008a640        0x4 c:/users/houqh13/appdata/local/arduino15/packages/arduino/tools/arm-none-eabi-gcc/4.8.3-2014q1/bin/../lib/gcc/arm-none-eabi/4.8.3/../../../../arm-none-eabi/lib/armv7-m\libg.a(lib_a-signalr.o)
                0x0008a640                _getpid_r
 .text.__sread  0x0008a644       0x24 c:/users/houqh13/appdata/local/arduino15/packages/arduino/tools/arm-none-eabi-gcc/4.8.3-2014q1/bin/../lib/gcc/arm-none-eabi/4.8.3/../../../../arm-none-eabi/lib/armv7-m\libg.a(lib_a-stdio.o)
                0x0008a644                __sread
 .text.__swrite
                0x0008a668       0x38 c:/users/houqh13/appdata/local/arduino15/packages/arduino/tools/arm-none-eabi-gcc/4.8.3-2014q1/bin/../lib/gcc/arm-none-eabi/4.8.3/../../../../arm-none-eabi/lib/armv7-m\libg.a(lib_a-stdio.o)
                0x0008a668                __swrite
 .text.__sseek  0x0008a6a0       0x20 c:/users/houqh13/appdata/local/arduino15/packages/arduino/tools/arm-none-eabi-gcc/4.8.3-2014q1/bin/../lib/gcc/arm-none-eabi/4.8.3/../../../../arm-none-eabi/lib/armv7-m\libg.a(lib_a-stdio.o)
                0x0008a6a0                __sseek
 .text.__sclose
                0x0008a6c0        0x8 c:/users/houqh13/appdata/local/arduino15/packages/arduino/tools/arm-none-eabi-gcc/4.8.3-2014q1/bin/../lib/gcc/arm-none-eabi/4.8.3/../../../../arm-none-eabi/lib/armv7-m\libg.a(lib_a-stdio.o)
                0x0008a6c0                __sclose
 .text.__swbuf_r
                0x0008a6c8       0xa8 c:/users/houqh13/appdata/local/arduino15/packages/arduino/tools/arm-none-eabi-gcc/4.8.3-2014q1/bin/../lib/gcc/arm-none-eabi/4.8.3/../../../../arm-none-eabi/lib/armv7-m\libg.a(lib_a-wbuf.o)
                0x0008a6c8                __swbuf_r
 .text._wcrtomb_r
                0x0008a770       0x50 c:/users/houqh13/appdata/local/arduino15/packages/arduino/tools/arm-none-eabi-gcc/4.8.3-2014q1/bin/../lib/gcc/arm-none-eabi/4.8.3/../../../../arm-none-eabi/lib/armv7-m\libg.a(lib_a-wcrtomb.o)
                0x0008a770                _wcrtomb_r
 .text.__ascii_wctomb
                0x0008a7c0       0x1c c:/users/houqh13/appdata/local/arduino15/packages/arduino/tools/arm-none-eabi-gcc/4.8.3-2014q1/bin/../lib/gcc/arm-none-eabi/4.8.3/../../../../arm-none-eabi/lib/armv7-m\libg.a(lib_a-wctomb_r.o)
                0x0008a7c0                __ascii_wctomb
 .text._write_r
                0x0008a7dc       0x28 c:/users/houqh13/appdata/local/arduino15/packages/arduino/tools/arm-none-eabi-gcc/4.8.3-2014q1/bin/../lib/gcc/arm-none-eabi/4.8.3/../../../../arm-none-eabi/lib/armv7-m\libg.a(lib_a-writer.o)
                0x0008a7dc                _write_r
 .text.__register_exitproc
                0x0008a804       0xa8 c:/users/houqh13/appdata/local/arduino15/packages/arduino/tools/arm-none-eabi-gcc/4.8.3-2014q1/bin/../lib/gcc/arm-none-eabi/4.8.3/../../../../arm-none-eabi/lib/armv7-m\libg.a(lib_a-__atexit.o)
                0x0008a804                __register_exitproc
 .text._close_r
                0x0008a8ac       0x24 c:/users/houqh13/appdata/local/arduino15/packages/arduino/tools/arm-none-eabi-gcc/4.8.3-2014q1/bin/../lib/gcc/arm-none-eabi/4.8.3/../../../../arm-none-eabi/lib/armv7-m\libg.a(lib_a-closer.o)
                0x0008a8ac                _close_r
 .text._fclose_r
                0x0008a8d0       0x80 c:/users/houqh13/appdata/local/arduino15/packages/arduino/tools/arm-none-eabi-gcc/4.8.3-2014q1/bin/../lib/gcc/arm-none-eabi/4.8.3/../../../../arm-none-eabi/lib/armv7-m\libg.a(lib_a-fclose.o)
                0x0008a8d0                _fclose_r
 .text.fclose   0x0008a950       0x10 c:/users/houqh13/appdata/local/arduino15/packages/arduino/tools/arm-none-eabi-gcc/4.8.3-2014q1/bin/../lib/gcc/arm-none-eabi/4.8.3/../../../../arm-none-eabi/lib/armv7-m\libg.a(lib_a-fclose.o)
                0x0008a950                fclose
 .text._fstat_r
                0x0008a960       0x28 c:/users/houqh13/appdata/local/arduino15/packages/arduino/tools/arm-none-eabi-gcc/4.8.3-2014q1/bin/../lib/gcc/arm-none-eabi/4.8.3/../../../../arm-none-eabi/lib/armv7-m\libg.a(lib_a-fstatr.o)
                0x0008a960                _fstat_r
 .text._isatty_r
                0x0008a988       0x24 c:/users/houqh13/appdata/local/arduino15/packages/arduino/tools/arm-none-eabi-gcc/4.8.3-2014q1/bin/../lib/gcc/arm-none-eabi/4.8.3/../../../../arm-none-eabi/lib/armv7-m\libg.a(lib_a-isattyr.o)
                0x0008a988                _isatty_r
 .text._lseek_r
                0x0008a9ac       0x28 c:/users/houqh13/appdata/local/arduino15/packages/arduino/tools/arm-none-eabi-gcc/4.8.3-2014q1/bin/../lib/gcc/arm-none-eabi/4.8.3/../../../../arm-none-eabi/lib/armv7-m\libg.a(lib_a-lseekr.o)
                0x0008a9ac                _lseek_r
 .text._read_r  0x0008a9d4       0x28 c:/users/houqh13/appdata/local/arduino15/packages/arduino/tools/arm-none-eabi-gcc/4.8.3-2014q1/bin/../lib/gcc/arm-none-eabi/4.8.3/../../../../arm-none-eabi/lib/armv7-m\libg.a(lib_a-readr.o)
                0x0008a9d4                _read_r
 .text          0x0008a9fc       0x2c c:/users/houqh13/appdata/local/arduino15/packages/arduino/tools/arm-none-eabi-gcc/4.8.3-2014q1/bin/../lib/gcc/arm-none-eabi/4.8.3/armv7-m\libgcc.a(_aeabi_uldivmod.o)
                0x0008a9fc                __aeabi_uldivmod
 .text          0x0008aa28       0x60 c:/users/houqh13/appdata/local/arduino15/packages/arduino/tools/arm-none-eabi-gcc/4.8.3-2014q1/bin/../lib/gcc/arm-none-eabi/4.8.3/armv7-m\libgcc.a(bpabi.o)
                0x0008aa28                __gnu_ldivmod_helper
                0x0008aa58                __gnu_uldivmod_helper